backend/data/transactions.csv
date,product_id,product_name,category,brand,cost,base_price,price,demand,revenue,profit,margin,competitor_price,stock,is_weekend,day_of_week,month,holiday_name,holiday_boost,elasticity
2026-02-09,H003,Plant Grow Light,Home & Living,GreenGlow,10.0,29.99,31.05,50,1552.5,1052.5,67.79,29.81,95,0,0,2,Valentines Day,0.1286,-2.2
2026-02-10,H003,Plant Grow Light,Home & Living,GreenGlow,10.0,29.99,31.49,48,1511.52,1031.52,68.24,27.19,120,0,1,2,Valentines Day,0.1429,-2.2
2026-02-11,H003,Plant Grow Light,Home & Living,GreenGlow,10.0,29.99,29.15,68,1982.2,1302.2,65.69,26.39,68,0,2,2,Valentines Day,0.2,-2.2
2026-02-12,H003,Plant Grow Light,Home & Living,GreenGlow,10.0,29.99,25.15,89,2238.35,1348.35,60.24,30.79,6,0,3,2,Valentines Day,0.2,-2.2
2026-02-13,H003,Plant Grow Light,Home & Living,GreenGlow,10.0,29.99,25.52,80,2041.6,1241.6,60.82,34.37,42,0,4,2,Valentines Day,0.2,-2.2
2026-02-14,H003,Plant Grow Light,Home & Living,GreenGlow,10.0,29.99,25.09,107,2684.63,1614.63,60.14,26.34,5,1,5,2,Valentines Day,0.2,-2.2
2026-02-15,H003,Plant Grow Light,Home & Living,GreenGlow,10.0,29.99,25.17,84,2114.28,1274.28,60.27,31.34,13,1,6,2,Valentines Day,0.2,-2.2
2026-02-16,H003,Plant Grow Light,Home & Living,GreenGlow,10.0,29.99,25.66,89,2283.74,1393.74,61.03,27.99,5,0,0,2,Valentines Day,0.2,-2.2
2026-02-17,H003,Plant Grow Light,Home & Living,GreenGlow,10.0,29.99,24.52,95,2329.4,1379.4,59.22,26.08,18,0,1,2,Valentines Day,0.2,-2.2
2026-02-18,H003,Plant Grow Light,Home & Living,GreenGlow,10.0,29.99,24.0,99,2376.0,1386.0,58.33,28.76,5,0,2,2,Valentines Day,0.1429,-2.2
2026-02-19,H003,Plant Grow Light,Home & Living,GreenGlow,10.0,29.99,26.42,64,1690.88,1050.88,62.15,29.31,70,0,3,2,Valentines Day,0.1286,-2.2
2026-02-20,H003,Plant Grow Light,Home & Living,GreenGlow,10.0,29.99,27.3,62,1692.6,1072.6,63.37,29.86,78,0,4,2,Valentines Day,0.1143,-2.2
2026-02-21,H003,Plant Grow Light,Home & Living,GreenGlow,10.0,29.99,26.52,75,1989.0,1239.0,62.29,26.26,59,1,5,2,Valentines Day,0.1,-2.2
2026-02-22,H003,Plant Grow Light,Home & Living,GreenGlow,10.0,29.99,28.71,60,1722.6,1122.6,65.17,29.0,77,1,6,2,Valentines Day,0.0857,-2.2
2026-02-23,H003,Plant Grow Light,Home & Living,GreenGlow,10.0,29.99,27.05,61,1650.05,1040.05,63.03,26.4,70,0,0,2,Valentines Day,0.0714,-2.2
2026-02-24,H003,Plant Grow Light,Home & Living,GreenGlow,10.0,29.99,31.11,51,1586.61,1076.61,67.86,28.07,96,0,1,2,Valentines Day,0.0571,-2.2
2026-02-25,H003,Plant Grow Light,Home & Living,GreenGlow,10.0,29.99,30.42,46,1399.32,939.32,67.13,25.7,124,0,2,2,Valentines Day,0.0429,-2.2
2026-02-26,H003,Plant Grow Light,Home & Living,GreenGlow,10.0,29.99,31.23,42,1311.66,891.66,67.98,28.01,101,0,3,2,Valentines Day,0.0286,-2.2
2026-02-27,H003,Plant Grow Light,Home & Living,GreenGlow,10.0,29.99,32.06,42,1346.52,926.52,68.81,26.7,122,0,4,2,Valentines Day,0.0143,-2.2
2026-02-28,H003,Plant Grow Light,Home & Living,GreenGlow,10.0,29.99,34.48,37,1275.76,905.76,71.0,30.51,116,1,5,2,Valentines Day,0.0,-2.2
2026-03-01,H003,Plant Grow Light,Home & Living,GreenGlow,10.0,29.99,33.15,45,1491.75,1041.75,69.83,30.32,107,1,6,3,Valentines Day,0.0,-2.2
2026-03-02,H003,Plant Grow Light,Home & Living,GreenGlow,10.0,29.99,34.87,30,1046.1,746.1,71.32,33.33,160,0,0,3,Valentines Day,0.0,-2.2
2026-03-03,H003,Plant Grow Light,Home & Living,GreenGlow,10.0,29.99,33.13,43,1424.59,994.59,69.82,27.52,104,0,1,3,Valentines Day,0.0,-2.2
2026-03-04,H003,Plant Grow Light,Home & Living,GreenGlow,10.0,29.99,32.43,39,1264.77,874.77,69.16,33.71,117,0,2,3,Valentines Day,0.0,-2.2
2026-03-05,H003,Plant Grow Light,Home & Living,GreenGlow,10.0,29.99,33.01,34,1122.34,782.34,69.71,33.02,138,0,3,3,Valentines Day,0.0,-2.2
2026-03-06,H003,Plant Grow Light,Home & Living,GreenGlow,10.0,29.99,32.47,43,1396.21,966.21,69.2,32.85,96,0,4,3,Valentines Day,0.0,-2.2
2026-03-07,H003,Plant Grow Light,Home & Living,GreenGlow,10.0,29.99,33.37,47,1568.39,1098.39,70.03,29.07,106,1,5,3,Valentines Day,0.0,-2.2
2026-03-08,H003,Plant Grow Light,Home & Living,GreenGlow,10.0,29.99,32.5,50,1625.0,1125.0,69.23,28.58,86,1,6,3,Valentines Day,0.0,-2.2
2026-03-09,H003,Plant Grow Light,Home & Living,GreenGlow,10.0,29.99,31.66,32,1013.12,693.12,68.41,29.12,143,0,0,3,Valentines Day,0.0,-2.2
2026-03-10,H003,Plant Grow Light,Home & Living,GreenGlow,10.0,29.99,31.38,43,1349.34,919.34,68.13,30.88,126,0,1,3,Valentines Day,0.0,-2.2
2026-03-11,H003,Plant Grow Light,Home & Living,GreenGlow,10.0,29.99,29.78,45,1340.1,890.1,66.42,28.52,113,0,2,3,Valentines Day,0.0,-2.2
2026-03-12,H003,Plant Grow Light,Home & Living,GreenGlow,10.0,29.99,29.64,45,1333.8,883.8,66.26,30.38,123,0,3,3,Valentines Day,0.0,-2.2
2026-03-13,H003,Plant Grow Light,Home & Living,GreenGlow,10.0,29.99,28.74,53,1523.22,993.22,65.21,29.23,87,0,4,3,Valentines Day,0.0,-2.2
2026-03-14,H003,Plant Grow Light,Home & Living,GreenGlow,10.0,29.99,27.95,65,1816.75,1166.75,64.22,33.02,90,1,5,3,Valentines Day,0.0,-2.2
2026-03-15,H003,Plant Grow Light,Home & Living,GreenGlow,10.0,29.99,27.71,67,1856.57,1186.57,63.91,28.06,56,1,6,3,Valentines Day,0.0,-2.2
2026-03-16,H003,Plant Grow Light,Home & Living,GreenGlow,10.0,29.99,26.19,52,1361.88,841.88,61.82,30.53,105,0,0,3,Valentines Day,0.0,-2.2
2026-03-17,H003,Plant Grow Light,Home & Living,GreenGlow,10.0,29.99,26.82,53,1421.46,891.46,62.71,30.76,96,0,1,3,Easter,0.0,-2.2
2026-03-18,H003,Plant Grow Light,Home & Living,GreenGlow,10.0,29.99,24.33,80,1946.4,1146.4,58.9,26.25,25,0,2,3,Easter,0.0,-2.2
2026-03-19,H003,Plant Grow Light,Home & Living,GreenGlow,10.0,29.99,25.52,60,1531.2,931.2,60.82,33.05,88,0,3,3,Easter,0.0,-2.2
2026-03-20,H003,Plant Grow Light,Home & Living,GreenGlow,10.0,29.99,25.17,77,1938.09,1168.09,60.27,29.13,42,0,4,3,Easter,0.0,-2.2
2026-03-21,H003,Plant Grow Light,Home & Living,GreenGlow,10.0,29.99,26.22,74,1940.28,1200.28,61.86,26.99,34,1,5,3,Easter,0.0,-2.2
2026-03-22,H003,Plant Grow Light,Home & Living,GreenGlow,10.0,29.99,26.0,80,2080.0,1280.0,61.54,32.96,48,1,6,3,Easter,0.0,-2.2
2026-03-23,H003,Plant Grow Light,Home & Living,GreenGlow,10.0,29.99,27.24,62,1688.88,1068.88,63.29,31.45,75,0,0,3,Easter,0.0,-2.2
2026-03-24,H003,Plant Grow Light,Home & Living,GreenGlow,10.0,29.99,27.43,68,1865.24,1185.24,63.54,27.19,64,0,1,3,Easter,0.0,-2.2
2026-03-25,H003,Plant Grow Light,Home & Living,GreenGlow,10.0,29.99,30.29,47,1423.63,953.63,66.99,32.11,113,0,2,3,Easter,0.0,-2.2
2026-03-26,H003,Plant Grow Light,Home & Living,GreenGlow,10.0,29.99,30.29,44,1332.76,892.76,66.99,29.99,128,0,3,3,Easter,0.0,-2.2
2026-03-27,H003,Plant Grow Light,Home & Living,GreenGlow,10.0,29.99,31.54,35,1103.9,753.9,68.29,26.82,140,0,4,3,Easter,0.0,-2.2
2026-03-28,H003,Plant Grow Light,Home & Living,GreenGlow,10.0,29.99,33.31,46,1532.26,1072.26,69.98,33.74,116,1,5,3,Easter,0.0,-2.2
2026-03-29,H003,Plant Grow Light,Home & Living,GreenGlow,10.0,29.99,31.74,55,1745.7,1195.7,68.49,25.5,75,1,6,3,Easter,0.0,-2.2
2026-03-30,H003,Plant Grow Light,Home & Living,GreenGlow,10.0,29.99,35.12,35,1229.2,879.2,71.53,29.25,139,0,0,3,Easter,0.0,-2.2
2026-03-31,H003,Plant Grow Light,Home & Living,GreenGlow,10.0,29.99,33.17,38,1260.46,880.46,69.85,27.22,138,0,1,3,Easter,0.0,-2.2
2026-04-01,H003,Plant Grow Light,Home & Living,GreenGlow,10.0,29.99,34.75,35,1216.25,866.25,71.22,26.55,150,0,2,4,Easter,0.0,-2.2
2026-04-02,H003,Plant Grow Light,Home & Living,GreenGlow,10.0,29.99,33.57,39,1309.23,919.23,70.21,30.71,138,0,3,4,Easter,0.0071,-2.2
2026-04-03,H003,Plant Grow Light,Home & Living,GreenGlow,10.0,29.99,35.5,30,1065.0,765.0,71.83,27.18,145,0,4,4,Easter,0.0143,-2.2
2026-04-04,H003,Plant Grow Light,Home & Living,GreenGlow,10.0,29.99,33.27,42,1397.34,977.34,69.94,28.31,103,1,5,4,Easter,0.0214,-2.2
2026-04-05,H003,Plant Grow Light,Home & Living,GreenGlow,10.0,29.99,33.69,47,1583.43,1113.43,70.32,27.7,104,1,6,4,Easter,0.0286,-2.2
2026-04-06,H003,Plant Grow Light,Home & Living,GreenGlow,10.0,29.99,34.36,34,1168.24,828.24,70.9,34.23,130,0,0,4,Easter,0.0357,-2.2
2026-04-07,H003,Plant Grow Light,Home & Living,GreenGlow,10.0,29.99,32.81,44,1443.64,1003.64,69.52,26.91,120,0,1,4,Easter,0.0429,-2.2
2026-04-08,H003,Plant Grow Light,Home & Living,GreenGlow,10.0,29.99,33.78,39,1317.42,927.42,70.4,33.5,120,0,2,4,Easter,0.05,-2.2
2026-04-09,H003,Plant Grow Light,Home & Living,GreenGlow,10.0,29.99,31.15,48,1495.2,1015.2,67.9,29.89,108,0,3,4,Easter,0.0571,-2.2
2026-04-10,H003,Plant Grow Light,Home & Living,GreenGlow,10.0,29.99,29.7,52,1544.4,1024.4,66.33,28.43,101,0,4,4,Easter,0.0643,-2.2
2026-04-11,H003,Plant Grow Light,Home & Living,GreenGlow,10.0,29.99,27.29,69,1883.01,1193.01,63.36,29.43,53,1,5,4,Easter,0.0714,-2.2
2026-04-12,H003,Plant Grow Light,Home & Living,GreenGlow,10.0,29.99,28.61,62,1773.82,1153.82,65.05,30.12,64,1,6,4,Easter,0.1,-2.2
2026-04-13,H003,Plant Grow Light,Home & Living,GreenGlow,10.0,29.99,28.12,52,1462.24,942.24,64.44,26.14,82,0,0,4,Easter,0.1,-2.2
2026-04-14,H003,Plant Grow Light,Home & Living,GreenGlow,10.0,29.99,27.38,68,1861.84,1181.84,63.48,31.94,71,0,1,4,Easter,0.1,-2.2
2026-04-15,H003,Plant Grow Light,Home & Living,GreenGlow,10.0,29.99,28.08,59,1656.72,1066.72,64.39,25.84,87,0,2,4,Easter,0.1,-2.2
2026-04-16,H003,Plant Grow Light,Home & Living,GreenGlow,10.0,29.99,25.71,82,2108.22,1288.22,61.1,28.71,27,0,3,4,Easter,0.1,-2.2
2026-04-17,H003,Plant Grow Light,Home & Living,GreenGlow,10.0,29.99,26.76,73,1953.48,1223.48,62.63,33.33,48,0,4,4,Easter,0.1,-2.2
2026-04-18,H003,Plant Grow Light,Home & Living,GreenGlow,10.0,29.99,25.82,94,2427.08,1487.08,61.27,33.43,13,1,5,4,Easter,0.1,-2.2
2026-04-19,H003,Plant Grow Light,Home & Living,GreenGlow,10.0,29.99,28.09,71,1994.39,1284.39,64.4,32.23,77,1,6,4,Easter,0.0714,-2.2
2026-04-20,H003,Plant Grow Light,Home & Living,GreenGlow,10.0,29.99,26.14,73,1908.22,1178.22,61.74,31.02,53,0,0,4,Easter,0.0643,-2.2
2026-04-21,H003,Plant Grow Light,Home & Living,GreenGlow,10.0,29.99,26.81,63,1689.03,1059.03,62.7,32.21,66,0,1,4,Easter,0.0571,-2.2
2026-04-22,H003,Plant Grow Light,Home & Living,GreenGlow,10.0,29.99,28.13,55,1547.15,997.15,64.45,26.14,105,0,2,4,Easter,0.05,-2.2
2026-04-23,H003,Plant Grow Light,Home & Living,GreenGlow,10.0,29.99,28.68,48,1376.64,896.64,65.13,33.91,111,0,3,4,Easter,0.0429,-2.2
2026-04-24,H003,Plant Grow Light,Home & Living,GreenGlow,10.0,29.99,30.59,44,1345.96,905.96,67.31,28.59,103,0,4,4,Easter,0.0357,-2.2
2026-04-25,H003,Plant Grow Light,Home & Living,GreenGlow,10.0,29.99,28.79,68,1957.72,1277.72,65.27,25.93,45,1,5,4,Easter,0.0286,-2.2
2026-04-26,H003,Plant Grow Light,Home & Living,GreenGlow,10.0,29.99,32.32,49,1583.68,1093.68,69.06,30.33,116,1,6,4,Easter,0.0214,-2.2
2026-04-27,H003,Plant Grow Light,Home & Living,GreenGlow,10.0,29.99,31.73,42,1332.66,912.66,68.48,27.62,114,0,0,4,Easter,0.0143,-2.2
2026-04-28,H003,Plant Grow Light,Home & Living,GreenGlow,10.0,29.99,32.87,39,1281.93,891.93,69.58,30.48,139,0,1,4,Easter,0.0071,-2.2
2026-04-29,H003,Plant Grow Light,Home & Living,GreenGlow,10.0,29.99,33.19,36,1194.84,834.84,69.87,33.89,130,0,2,4,Mothers Day,0.0129,-2.2
2026-04-30,H003,Plant Grow Light,Home & Living,GreenGlow,10.0,29.99,32.86,40,1314.4,914.4,69.57,25.5,132,0,3,4,Mothers Day,0.0257,-2.2
2026-05-01,H003,Plant Grow Light,Home & Living,GreenGlow,10.0,29.99,34.48,34,1172.32,832.32,71.0,33.72,120,0,4,5,Mothers Day,0.0386,-2.2
2026-05-02,H003,Plant Grow Light,Home & Living,GreenGlow,10.0,29.99,33.93,45,1526.85,1076.85,70.53,30.92,97,1,5,5,Mothers Day,0.0514,-2.2
2026-05-03,H003,Plant Grow Light,Home & Living,GreenGlow,10.0,29.99,33.66,49,1649.34,1159.34,70.29,29.66,106,1,6,5,Mothers Day,0.0643,-2.2
2026-05-04,H003,Plant Grow Light,Home & Living,GreenGlow,10.0,29.99,34.75,35,1216.25,866.25,71.22,28.21,136,0,0,5,Mothers Day,0.0771,-2.2
2026-05-05,H003,Plant Grow Light,Home & Living,GreenGlow,10.0,29.99,34.32,36,1235.52,875.52,70.86,26.64,125,0,1,5,Mothers Day,0.09,-2.2
2026-05-06,H003,Plant Grow Light,Home & Living,GreenGlow,10.0,29.99,34.07,37,1260.59,890.59,70.65,27.85,141,0,2,5,Mothers Day,0.1029,-2.2
2026-05-07,H003,Plant Grow Light,Home & Living,GreenGlow,10.0,29.99,32.53,45,1463.85,1013.85,69.26,31.01,94,0,3,5,Mothers Day,0.1157,-2.2
2026-05-08,H003,Plant Grow Light,Home & Living,GreenGlow,10.0,29.99,33.2,40,1328.0,928.0,69.88,31.42,125,0,4,5,Mothers Day,0.1286,-2.2
2026-05-09,H003,Plant Grow Light,Home & Living,GreenGlow,10.0,29.99,30.19,56,1690.64,1130.64,66.88,26.42,97,1,5,5,Mothers Day,0.18,-2.2
2026-05-10,H003,Plant Grow Light,Home & Living,GreenGlow,10.0,29.99,31.67,57,1805.19,1235.19,68.42,27.73,79,1,6,5,Mothers Day,0.18,-2.2
