backend/data/transactions.csv
date,product_id,product_name,category,brand,cost,base_price,price,demand,revenue,profit,margin,competitor_price,stock,is_weekend,day_of_week,month,holiday_name,holiday_boost,elasticity
2026-02-09,H004,Ceramic Dinner Set,Home & Living,ArtisanHome,25.0,79.99,82.61,42,3469.62,2419.62,69.74,89.52,117,0,0,2,Valentines Day,0.1286,-1.4
2026-02-10,H004,Ceramic Dinner Set,Home & Living,ArtisanHome,25.0,79.99,76.33,50,3816.5,2566.5,67.25,89.09,81,0,1,2,Valentines Day,0.1429,-1.4
2026-02-11,H004,Ceramic Dinner Set,Home & Living,ArtisanHome,25.0,79.99,75.07,57,4278.99,2853.99,66.7,76.2,103,0,2,2,Valentines Day,0.2,-1.4
2026-02-12,H004,Ceramic Dinner Set,Home & Living,ArtisanHome,25.0,79.99,73.09,54,3946.86,2596.86,65.8,81.16,81,0,3,2,Valentines Day,0.2,-1.4
2026-02-13,H004,Ceramic Dinner Set,Home & Living,ArtisanHome,25.0,79.99,75.61,50,3780.5,2530.5,66.94,85.44,80,0,4,2,Valentines Day,0.2,-1.4
2026-02-14,H004,Ceramic Dinner Set,Home & Living,ArtisanHome,25.0,79.99,67.74,67,4538.58,2863.58,63.09,68.9,51,1,5,2,Valentines Day,0.2,-1.4
2026-02-15,H004,Ceramic Dinner Set,Home & Living,ArtisanHome,25.0,79.99,70.32,71,4992.72,3217.72,64.45,74.16,39,1,6,2,Valentines Day,0.2,-1.4
2026-02-16,H004,Ceramic Dinner Set,Home & Living,ArtisanHome,25.0,79.99,67.68,58,3925.44,2475.44,63.06,73.51,85,0,0,2,Valentines Day,0.2,-1.4
2026-02-17,H004,Ceramic Dinner Set,Home & Living,ArtisanHome,25.0,79.99,68.4,66,4514.4,2864.4,63.45,76.5,63,0,1,2,Valentines Day,0.2,-1.4
2026-02-18,H004,Ceramic Dinner Set,Home & Living,ArtisanHome,25.0,79.99,72.37,52,3763.24,2463.24,65.46,78.83,110,0,2,2,Valentines Day,0.1429,-1.4
2026-02-19,H004,Ceramic Dinner Set,Home & Living,ArtisanHome,25.0,79.99,69.21,59,4083.39,2608.39,63.88,81.45,66,0,3,2,Valentines Day,0.1286,-1.4
2026-02-20,H004,Ceramic Dinner Set,Home & Living,ArtisanHome,25.0,79.99,70.16,49,3437.84,2212.84,64.37,72.94,117,0,4,2,Valentines Day,0.1143,-1.4
2026-02-21,H004,Ceramic Dinner Set,Home & Living,ArtisanHome,25.0,79.99,72.56,54,3918.24,2568.24,65.55,82.53,100,1,5,2,Valentines Day,0.1,-1.4
2026-02-22,H004,Ceramic Dinner Set,Home & Living,ArtisanHome,25.0,79.99,77.42,53,4103.26,2778.26,67.71,81.63,92,1,6,2,Valentines Day,0.0857,-1.4
2026-02-23,H004,Ceramic Dinner Set,Home & Living,ArtisanHome,25.0,79.99,77.35,43,3326.05,2251.05,67.68,87.69,119,0,0,2,Valentines Day,0.0714,-1.4
2026-02-24,H004,Ceramic Dinner Set,Home & Living,ArtisanHome,25.0,79.99,79.93,48,3836.64,2636.64,68.72,70.83,85,0,1,2,Valentines Day,0.0571,-1.4
2026-02-25,H004,Ceramic Dinner Set,Home & Living,ArtisanHome,25.0,79.99,85.08,36,3062.88,2162.88,70.62,86.96,120,0,2,2,Valentines Day,0.0429,-1.4
2026-02-26,H004,Ceramic Dinner Set,Home & Living,ArtisanHome,25.0,79.99,78.36,43,3369.48,2294.48,68.1,77.84,103,0,3,2,Valentines Day,0.0286,-1.4
2026-02-27,H004,Ceramic Dinner Set,Home & Living,ArtisanHome,25.0,79.99,86.33,36,3107.88,2207.88,71.04,69.32,116,0,4,2,Valentines Day,0.0143,-1.4
2026-02-28,H004,Ceramic Dinner Set,Home & Living,ArtisanHome,25.0,79.99,87.58,38,3328.04,2378.04,71.45,76.58,104,1,5,2,Valentines Day,0.0,-1.4
2026-03-01,H004,Ceramic Dinner Set,Home & Living,ArtisanHome,25.0,79.99,95.88,42,4026.96,2976.96,73.93,83.68,111,1,6,3,Valentines Day,0.0,-1.4
2026-03-02,H004,Ceramic Dinner Set,Home & Living,ArtisanHome,25.0,79.99,90.44,35,3165.4,2290.4,72.36,69.29,128,0,0,3,Valentines Day,0.0,-1.4
2026-03-03,H004,Ceramic Dinner Set,Home & Living,ArtisanHome,25.0,79.99,94.28,33,3111.24,2286.24,73.48,70.5,147,0,1,3,Valentines Day,0.0,-1.4
2026-03-04,H004,Ceramic Dinner Set,Home & Living,ArtisanHome,25.0,79.99,90.78,31,2814.18,2039.18,72.46,75.59,134,0,2,3,Valentines Day,0.0,-1.4
2026-03-05,H004,Ceramic Dinner Set,Home & Living,ArtisanHome,25.0,79.99,91.43,31,2834.33,2059.33,72.66,87.23,136,0,3,3,Valentines Day,0.0,-1.4
2026-03-06,H004,Ceramic Dinner Set,Home & Living,ArtisanHome,25.0,79.99,93.26,33,3077.58,2252.58,73.19,84.93,134,0,4,3,Valentines Day,0.0,-1.4
2026-03-07,H004,Ceramic Dinner Set,Home & Living,ArtisanHome,25.0,79.99,90.16,39,3516.24,2541.24,72.27,81.84,111,1,5,3,Valentines Day,0.0,-1.4
2026-03-08,H004,Ceramic Dinner Set,Home & Living,ArtisanHome,25.0,79.99,89.03,39,3472.17,2497.17,71.92,69.05,142,1,6,3,Valentines Day,0.0,-1.4
2026-03-09,H004,Ceramic Dinner Set,Home & Living,ArtisanHome,25.0,79.99,85.57,36,3080.52,2180.52,70.78,77.46,128,0,0,3,Valentines Day,0.0,-1.4
2026-03-10,H004,Ceramic Dinner Set,Home & Living,ArtisanHome,25.0,79.99,81.95,43,3523.85,2448.85,69.49,80.89,96,0,1,3,Valentines Day,0.0,-1.4
2026-03-11,H004,Ceramic Dinner Set,Home & Living,ArtisanHome,25.0,79.99,78.18,44,3439.92,2339.92,68.02,70.72,108,0,2,3,Valentines Day,0.0,-1.4
2026-03-12,H004,Ceramic Dinner Set,Home & Living,ArtisanHome,25.0,79.99,80.69,44,3550.36,2450.36,69.02,72.27,95,0,3,3,Valentines Day,0.0,-1.4
2026-03-13,H004,Ceramic Dinner Set,Home & Living,ArtisanHome,25.0,79.99,73.66,48,3535.68,2335.68,66.06,87.71,115,0,4,3,Valentines Day,0.0,-1.4
2026-03-14,H004,Ceramic Dinner Set,Home & Living,ArtisanHome,25.0,79.99,68.87,63,4338.81,2763.81,63.7,74.29,59,1,5,3,Valentines Day,0.0,-1.4
2026-03-15,H004,Ceramic Dinner Set,Home & Living,ArtisanHome,25.0,79.99,77.4,51,3947.4,2672.4,67.7,76.61,97,1,6,3,Valentines Day,0.0,-1.4
2026-03-16,H004,Ceramic Dinner Set,Home & Living,ArtisanHome,25.0,79.99,72.93,42,3063.06,2013.06,65.72,89.62,103,0,0,3,Valentines Day,0.0,-1.4
2026-03-17,H004,Ceramic Dinner Set,Home & Living,ArtisanHome,25.0,79.99,66.17,52,3440.84,2140.84,62.22,82.99,105,0,1,3,Easter,0.0,-1.4
2026-03-18,H004,Ceramic Dinner Set,Home & Living,ArtisanHome,25.0,79.99,67.68,53,3587.04,2262.04,63.06,90.79,77,0,2,3,Easter,0.0,-1.4
2026-03-19,H004,Ceramic Dinner Set,Home & Living,ArtisanHome,25.0,79.99,66.62,54,3597.48,2247.48,62.47,89.44,93,0,3,3,Easter,0.0,-1.4
2026-03-20,H004,Ceramic Dinner Set,Home & Living,ArtisanHome,25.0,79.99,70.9,51,3615.9,2340.9,64.74,71.6,80,0,4,3,Easter,0.0,-1.4
2026-03-21,H004,Ceramic Dinner Set,Home & Living,ArtisanHome,25.0,79.99,68.73,62,4261.26,2711.26,63.63,71.09,75,1,5,3,Easter,0.0,-1.4
2026-03-22,H004,Ceramic Dinner Set,Home & Living,ArtisanHome,25.0,79.99,70.11,57,3996.27,2571.27,64.34,74.59,67,1,6,3,Easter,0.0,-1.4
2026-03-23,H004,Ceramic Dinner Set,Home & Living,ArtisanHome,25.0,79.99,75.12,44,3305.28,2205.28,66.72,91.57,117,0,0,3,Easter,0.0,-1.4
2026-03-24,H004,Ceramic Dinner Set,Home & Living,ArtisanHome,25.0,79.99,72.21,48,3466.08,2266.08,65.38,90.11,114,0,1,3,Easter,0.0,-1.4
2026-03-25,H004,Ceramic Dinner Set,Home & Living,ArtisanHome,25.0,79.99,79.7,45,3586.5,2461.5,68.63,72.8,98,0,2,3,Easter,0.0,-1.4
2026-03-26,H004,Ceramic Dinner Set,Home & Living,ArtisanHome,25.0,79.99,77.49,45,3487.05,2362.05,67.74,78.52,121,0,3,3,Easter,0.0,-1.4
2026-03-27,H004,Ceramic Dinner Set,Home & Living,ArtisanHome,25.0,79.99,81.91,45,3685.95,2560.95,69.48,87.0,124,0,4,3,Easter,0.0,-1.4
2026-03-28,H004,Ceramic Dinner Set,Home & Living,ArtisanHome,25.0,79.99,82.01,48,3936.48,2736.48,69.52,74.57,97,1,5,3,Easter,0.0,-1.4
2026-03-29,H004,Ceramic Dinner Set,Home & Living,ArtisanHome,25.0,79.99,86.21,41,3534.61,2509.61,71.0,73.02,116,1,6,3,Easter,0.0,-1.4
2026-03-30,H004,Ceramic Dinner Set,Home & Living,ArtisanHome,25.0,79.99,91.21,37,3374.77,2449.77,72.59,70.29,143,0,0,3,Easter,0.0,-1.4
2026-03-31,H004,Ceramic Dinner Set,Home & Living,ArtisanHome,25.0,79.99,85.71,40,3428.4,2428.4,70.83,86.15,110,0,1,3,Easter,0.0,-1.4
2026-04-01,H004,Ceramic Dinner Set,Home & Living,ArtisanHome,25.0,79.99,91.24,34,3102.16,2252.16,72.6,88.13,130,0,2,4,Easter,0.0,-1.4
2026-04-02,H004,Ceramic Dinner Set,Home & Living,ArtisanHome,25.0,79.99,88.95,38,3380.1,2430.1,71.89,84.24,135,0,3,4,Easter,0.0071,-1.4
2026-04-03,H004,Ceramic Dinner Set,Home & Living,ArtisanHome,25.0,79.99,97.5,30,2925.0,2175.0,74.36,78.94,156,0,4,4,Easter,0.0143,-1.4
2026-04-04,H004,Ceramic Dinner Set,Home & Living,ArtisanHome,25.0,79.99,94.36,38,3585.68,2635.68,73.51,87.22,120,1,5,4,Easter,0.0214,-1.4
2026-04-05,H004,Ceramic Dinner Set,Home & Living,ArtisanHome,25.0,79.99,89.2,37,3300.4,2375.4,71.97,87.82,115,1,6,4,Easter,0.0286,-1.4
2026-04-06,H004,Ceramic Dinner Set,Home & Living,ArtisanHome,25.0,79.99,92.25,35,3228.75,2353.75,72.9,76.47,136,0,0,4,Easter,0.0357,-1.4
2026-04-07,H004,Ceramic Dinner Set,Home & Living,ArtisanHome,25.0,79.99,85.98,38,3267.24,2317.24,70.92,87.05,108,0,1,4,Easter,0.0429,-1.4
2026-04-08,H004,Ceramic Dinner Set,Home & Living,ArtisanHome,25.0,79.99,86.53,37,3201.61,2276.61,71.11,76.31,145,0,2,4,Easter,0.05,-1.4
2026-04-09,H004,Ceramic Dinner Set,Home & Living,ArtisanHome,25.0,79.99,80.26,43,3451.18,2376.18,68.85,84.97,95,0,3,4,Easter,0.0571,-1.4
2026-04-10,H004,Ceramic Dinner Set,Home & Living,ArtisanHome,25.0,79.99,79.65,44,3504.6,2404.6,68.61,91.04,120,0,4,4,Easter,0.0643,-1.4
2026-04-11,H004,Ceramic Dinner Set,Home & Living,ArtisanHome,25.0,79.99,76.46,60,4587.6,3087.6,67.3,76.06,69,1,5,4,Easter,0.0714,-1.4
2026-04-12,H004,Ceramic Dinner Set,Home & Living,ArtisanHome,25.0,79.99,81.78,46,3761.88,2611.88,69.43,83.15,98,1,6,4,Easter,0.1,-1.4
2026-04-13,H004,Ceramic Dinner Set,Home & Living,ArtisanHome,25.0,79.99,67.95,56,3805.2,2405.2,63.21,78.77,91,0,0,4,Easter,0.1,-1.4
2026-04-14,H004,Ceramic Dinner Set,Home & Living,ArtisanHome,25.0,79.99,66.32,52,3448.64,2148.64,62.3,85.57,103,0,1,4,Easter,0.1,-1.4
2026-04-15,H004,Ceramic Dinner Set,Home & Living,ArtisanHome,25.0,79.99,68.37,60,4102.2,2602.2,63.43,82.62,83,0,2,4,Easter,0.1,-1.4
2026-04-16,H004,Ceramic Dinner Set,Home & Living,ArtisanHome,25.0,79.99,67.99,46,3127.54,1977.54,63.23,75.52,94,0,3,4,Easter,0.1,-1.4
2026-04-17,H004,Ceramic Dinner Set,Home & Living,ArtisanHome,25.0,79.99,67.44,57,3844.08,2419.08,62.93,84.38,92,0,4,4,Easter,0.1,-1.4
2026-04-18,H004,Ceramic Dinner Set,Home & Living,ArtisanHome,25.0,79.99,67.65,72,4870.8,3070.8,63.05,82.05,75,1,5,4,Easter,0.1,-1.4
2026-04-19,H004,Ceramic Dinner Set,Home & Living,ArtisanHome,25.0,79.99,70.75,61,4315.75,2790.75,64.66,69.98,66,1,6,4,Easter,0.0714,-1.4
2026-04-20,H004,Ceramic Dinner Set,Home & Living,ArtisanHome,25.0,79.99,74.54,43,3205.22,2130.22,66.46,87.58,134,0,0,4,Easter,0.0643,-1.4
2026-04-21,H004,Ceramic Dinner Set,Home & Living,ArtisanHome,25.0,79.99,69.84,52,3631.68,2331.68,64.2,87.22,100,0,1,4,Easter,0.0571,-1.4
2026-04-22,H004,Ceramic Dinner Set,Home & Living,ArtisanHome,25.0,79.99,72.88,44,3206.72,2106.72,65.7,85.8,123,0,2,4,Easter,0.05,-1.4
2026-04-23,H004,Ceramic Dinner Set,Home & Living,ArtisanHome,25.0,79.99,70.45,51,3592.95,2317.95,64.51,91.36,105,0,3,4,Easter,0.0429,-1.4
2026-04-24,H004,Ceramic Dinner Set,Home & Living,ArtisanHome,25.0,79.99,73.68,45,3315.6,2190.6,66.07,85.54,100,0,4,4,Easter,0.0357,-1.4
2026-04-25,H004,Ceramic Dinner Set,Home & Living,ArtisanHome,25.0,79.99,80.27,44,3531.88,2431.88,68.86,74.95,117,1,5,4,Easter,0.0286,-1.4
2026-04-26,H004,Ceramic Dinner Set,Home & Living,ArtisanHome,25.0,79.99,83.28,43,3581.04,2506.04,69.98,74.79,94,1,6,4,Easter,0.0214,-1.4
2026-04-27,H004,Ceramic Dinner Set,Home & Living,ArtisanHome,25.0,79.99,83.99,41,3443.59,2418.59,70.23,86.67,122,0,0,4,Easter,0.0143,-1.4
2026-04-28,H004,Ceramic Dinner Set,Home & Living,ArtisanHome,25.0,79.99,86.85,38,3300.3,2350.3,71.21,84.34,107,0,1,4,Easter,0.0071,-1.4
2026-04-29,H004,Ceramic Dinner Set,Home & Living,ArtisanHome,25.0,79.99,89.96,35,3148.6,2273.6,72.21,80.93,122,0,2,4,Mothers Day,0.0129,-1.4
2026-04-30,H004,Ceramic Dinner Set,Home & Living,ArtisanHome,25.0,79.99,91.26,33,3011.58,2186.58,72.61,83.47,129,0,3,4,Mothers Day,0.0257,-1.4
2026-05-01,H004,Ceramic Dinner Set,Home & Living,ArtisanHome,25.0,79.99,92.58,34,3147.72,2297.72,73.0,75.69,122,0,4,5,Mothers Day,0.0386,-1.4
2026-05-02,H004,Ceramic Dinner Set,Home & Living,ArtisanHome,25.0,79.99,95.05,40,3802.0,2802.0,73.7,70.47,138,1,5,5,Mothers Day,0.0514,-1.4
2026-05-03,H004,Ceramic Dinner Set,Home & Living,ArtisanHome,25.0,79.99,90.6,44,3986.4,2886.4,72.41,85.08,107,1,6,5,Mothers Day,0.0643,-1.4
2026-05-04,H004,Ceramic Dinner Set,Home & Living,ArtisanHome,25.0,79.99,94.65,34,3218.1,2368.1,73.59,91.1,117,0,0,5,Mothers Day,0.0771,-1.4
2026-05-05,H004,Ceramic Dinner Set,Home & Living,ArtisanHome,25.0,79.99,88.87,31,2754.97,1979.97,71.87,77.02,133,0,1,5,Mothers Day,0.09,-1.4
2026-05-06,H004,Ceramic Dinner Set,Home & Living,ArtisanHome,25.0,79.99,89.23,38,3390.74,2440.74,71.98,78.46,112,0,2,5,Mothers Day,0.1029,-1.4
2026-05-07,H004,Ceramic Dinner Set,Home & Living,ArtisanHome,25.0,79.99,88.26,42,3706.92,2656.92,71.67,79.66,108,0,3,5,Mothers Day,0.1157,-1.4
2026-05-08,H004,Ceramic Dinner Set,Home & Living,ArtisanHome,25.0,79.99,81.55,49,3995.95,2770.95,69.34,73.65,111,0,4,5,Mothers Day,0.1286,-1.4
2026-05-09,H004,Ceramic Dinner Set,Home & Living,ArtisanHome,25.0,79.99,80.65,53,4274.45,2949.45,69.0,73.77,111,1,5,5,Mothers Day,0.18,-1.4
2026-05-10,H004,Ceramic Dinner Set,Home & Living,ArtisanHome,25.0,79.99,74.58,63,4698.54,3123.54,66.48,88.95,70,1,6,5,Mothers Day,0.18,-1.4
