backend/data/transactions.csv
date,product_id,product_name,category,brand,cost,base_price,price,demand,revenue,profit,margin,competitor_price,stock,is_weekend,day_of_week,month,holiday_name,holiday_boost,elasticity
2026-02-09,H005,Essential Oil Diffuser,Home & Living,GlowHaus,9.0,34.99,33.84,57,1928.88,1415.88,73.4,33.71,79,0,0,2,Valentines Day,0.1286,-2.4
2026-02-10,H005,Essential Oil Diffuser,Home & Living,GlowHaus,9.0,34.99,32.66,72,2351.52,1703.52,72.44,35.8,39,0,1,2,Valentines Day,0.1429,-2.4
2026-02-11,H005,Essential Oil Diffuser,Home & Living,GlowHaus,9.0,34.99,32.46,64,2077.44,1501.44,72.27,39.58,67,0,2,2,Valentines Day,0.2,-2.4
2026-02-12,H005,Essential Oil Diffuser,Home & Living,GlowHaus,9.0,34.99,30.64,86,2635.04,1861.04,70.63,31.07,10,0,3,2,Valentines Day,0.2,-2.4
2026-02-13,H005,Essential Oil Diffuser,Home & Living,GlowHaus,9.0,34.99,30.2,81,2446.2,1717.2,70.2,31.57,48,0,4,2,Valentines Day,0.2,-2.4
2026-02-14,H005,Essential Oil Diffuser,Home & Living,GlowHaus,9.0,34.99,30.48,92,2804.16,1976.16,70.47,33.72,16,1,5,2,Valentines Day,0.2,-2.4
2026-02-15,H005,Essential Oil Diffuser,Home & Living,GlowHaus,9.0,34.99,28.08,121,3397.68,2308.68,67.95,32.84,5,1,6,2,Valentines Day,0.2,-2.4
2026-02-16,H005,Essential Oil Diffuser,Home & Living,GlowHaus,9.0,34.99,29.51,91,2685.41,1866.41,69.5,30.77,34,0,0,2,Valentines Day,0.2,-2.4
2026-02-17,H005,Essential Oil Diffuser,Home & Living,GlowHaus,9.0,34.99,30.5,69,2104.5,1483.5,70.49,33.52,47,0,1,2,Valentines Day,0.2,-2.4
2026-02-18,H005,Essential Oil Diffuser,Home & Living,GlowHaus,9.0,34.99,30.74,92,2828.08,2000.08,70.72,31.87,14,0,2,2,Valentines Day,0.1429,-2.4
2026-02-19,H005,Essential Oil Diffuser,Home & Living,GlowHaus,9.0,34.99,30.87,83,2562.21,1815.21,70.85,30.76,36,0,3,2,Valentines Day,0.1286,-2.4
2026-02-20,H005,Essential Oil Diffuser,Home & Living,GlowHaus,9.0,34.99,32.1,71,2279.1,1640.1,71.96,36.35,44,0,4,2,Valentines Day,0.1143,-2.4
2026-02-21,H005,Essential Oil Diffuser,Home & Living,GlowHaus,9.0,34.99,32.95,79,2603.05,1892.05,72.69,30.0,38,1,5,2,Valentines Day,0.1,-2.4
2026-02-22,H005,Essential Oil Diffuser,Home & Living,GlowHaus,9.0,34.99,34.14,59,2014.26,1483.26,73.64,32.01,86,1,6,2,Valentines Day,0.0857,-2.4
2026-02-23,H005,Essential Oil Diffuser,Home & Living,GlowHaus,9.0,34.99,35.02,52,1821.04,1353.04,74.3,32.38,115,0,0,2,Valentines Day,0.0714,-2.4
2026-02-24,H005,Essential Oil Diffuser,Home & Living,GlowHaus,9.0,34.99,36.32,49,1779.68,1338.68,75.22,30.64,89,0,1,2,Valentines Day,0.0571,-2.4
2026-02-25,H005,Essential Oil Diffuser,Home & Living,GlowHaus,9.0,34.99,34.8,58,2018.4,1496.4,74.14,36.16,92,0,2,2,Valentines Day,0.0429,-2.4
2026-02-26,H005,Essential Oil Diffuser,Home & Living,GlowHaus,9.0,34.99,36.33,45,1634.85,1229.85,75.23,30.47,114,0,3,2,Valentines Day,0.0286,-2.4
2026-02-27,H005,Essential Oil Diffuser,Home & Living,GlowHaus,9.0,34.99,39.85,37,1474.45,1141.45,77.42,35.09,123,0,4,2,Valentines Day,0.0143,-2.4
2026-02-28,H005,Essential Oil Diffuser,Home & Living,GlowHaus,9.0,34.99,38.52,45,1733.4,1328.4,76.64,33.26,129,1,5,2,Valentines Day,0.0,-2.4
2026-03-01,H005,Essential Oil Diffuser,Home & Living,GlowHaus,9.0,34.99,39.15,46,1800.9,1386.9,77.01,35.91,122,1,6,3,Valentines Day,0.0,-2.4
2026-03-02,H005,Essential Oil Diffuser,Home & Living,GlowHaus,9.0,34.99,39.63,36,1426.68,1102.68,77.29,30.52,128,0,0,3,Valentines Day,0.0,-2.4
2026-03-03,H005,Essential Oil Diffuser,Home & Living,GlowHaus,9.0,34.99,40.82,35,1428.7,1113.7,77.95,36.23,136,0,1,3,Valentines Day,0.0,-2.4
2026-03-04,H005,Essential Oil Diffuser,Home & Living,GlowHaus,9.0,34.99,39.49,39,1540.11,1189.11,77.21,37.18,111,0,2,3,Valentines Day,0.0,-2.4
2026-03-05,H005,Essential Oil Diffuser,Home & Living,GlowHaus,9.0,34.99,39.44,34,1340.96,1034.96,77.18,34.13,132,0,3,3,Valentines Day,0.0,-2.4
2026-03-06,H005,Essential Oil Diffuser,Home & Living,GlowHaus,9.0,34.99,37.7,41,1545.7,1176.7,76.13,30.05,122,0,4,3,Valentines Day,0.0,-2.4
2026-03-07,H005,Essential Oil Diffuser,Home & Living,GlowHaus,9.0,34.99,37.23,46,1712.58,1298.58,75.83,38.84,118,1,5,3,Valentines Day,0.0,-2.4
2026-03-08,H005,Essential Oil Diffuser,Home & Living,GlowHaus,9.0,34.99,38.06,51,1941.06,1482.06,76.35,31.12,106,1,6,3,Valentines Day,0.0,-2.4
2026-03-09,H005,Essential Oil Diffuser,Home & Living,GlowHaus,9.0,34.99,36.83,39,1436.37,1085.37,75.56,30.42,135,0,0,3,Valentines Day,0.0,-2.4
2026-03-10,H005,Essential Oil Diffuser,Home & Living,GlowHaus,9.0,34.99,35.97,50,1798.5,1348.5,74.98,37.56,105,0,1,3,Valentines Day,0.0,-2.4
2026-03-11,H005,Essential Oil Diffuser,Home & Living,GlowHaus,9.0,34.99,34.67,56,1941.52,1437.52,74.04,37.99,86,0,2,3,Valentines Day,0.0,-2.4
2026-03-12,H005,Essential Oil Diffuser,Home & Living,GlowHaus,9.0,34.99,33.88,56,1897.28,1393.28,73.44,34.6,99,0,3,3,Valentines Day,0.0,-2.4
2026-03-13,H005,Essential Oil Diffuser,Home & Living,GlowHaus,9.0,34.99,33.08,62,2050.96,1492.96,72.79,31.63,75,0,4,3,Valentines Day,0.0,-2.4
2026-03-14,H005,Essential Oil Diffuser,Home & Living,GlowHaus,9.0,34.99,34.15,58,1980.7,1458.7,73.65,38.45,66,1,5,3,Valentines Day,0.0,-2.4
2026-03-15,H005,Essential Oil Diffuser,Home & Living,GlowHaus,9.0,34.99,31.26,81,2532.06,1803.06,71.21,31.81,31,1,6,3,Valentines Day,0.0,-2.4
2026-03-16,H005,Essential Oil Diffuser,Home & Living,GlowHaus,9.0,34.99,30.71,58,1781.18,1259.18,70.69,30.28,70,0,0,3,Valentines Day,0.0,-2.4
2026-03-17,H005,Essential Oil Diffuser,Home & Living,GlowHaus,9.0,34.99,29.7,74,2197.8,1531.8,69.7,32.19,50,0,1,3,Easter,0.0,-2.4
2026-03-18,H005,Essential Oil Diffuser,Home & Living,GlowHaus,9.0,34.99,31.44,64,2012.16,1436.16,71.37,34.44,84,0,2,3,Easter,0.0,-2.4
2026-03-19,H005,Essential Oil Diffuser,Home & Living,GlowHaus,9.0,34.99,28.85,80,2308.0,1588.0,68.8,31.38,37,0,3,3,Easter,0.0,-2.4
2026-03-20,H005,Essential Oil Diffuser,Home & Living,GlowHaus,9.0,34.99,31.54,60,1892.4,1352.4,71.46,35.84,76,0,4,3,Easter,0.0,-2.4
2026-03-21,H005,Essential Oil Diffuser,Home & Living,GlowHaus,9.0,34.99,29.92,78,2333.76,1631.76,69.92,35.78,41,1,5,3,Easter,0.0,-2.4
2026-03-22,H005,Essential Oil Diffuser,Home & Living,GlowHaus,9.0,34.99,29.74,84,2498.16,1742.16,69.74,36.7,46,1,6,3,Easter,0.0,-2.4
2026-03-23,H005,Essential Oil Diffuser,Home & Living,GlowHaus,9.0,34.99,31.84,53,1687.52,1210.52,71.73,39.98,87,0,0,3,Easter,0.0,-2.4
2026-03-24,H005,Essential Oil Diffuser,Home & Living,GlowHaus,9.0,34.99,32.01,62,1984.62,1426.62,71.88,36.1,60,0,1,3,Easter,0.0,-2.4
2026-03-25,H005,Essential Oil Diffuser,Home & Living,GlowHaus,9.0,34.99,34.61,54,1868.94,1382.94,74.0,35.93,90,0,2,3,Easter,0.0,-2.4
2026-03-26,H005,Essential Oil Diffuser,Home & Living,GlowHaus,9.0,34.99,35.8,47,1682.6,1259.6,74.86,35.86,108,0,3,3,Easter,0.0,-2.4
2026-03-27,H005,Essential Oil Diffuser,Home & Living,GlowHaus,9.0,34.99,34.57,50,1728.5,1278.5,73.97,29.78,90,0,4,3,Easter,0.0,-2.4
2026-03-28,H005,Essential Oil Diffuser,Home & Living,GlowHaus,9.0,34.99,34.63,59,2043.17,1512.17,74.01,34.45,101,1,5,3,Easter,0.0,-2.4
2026-03-29,H005,Essential Oil Diffuser,Home & Living,GlowHaus,9.0,34.99,37.39,40,1495.6,1135.6,75.93,31.14,102,1,6,3,Easter,0.0,-2.4
2026-03-30,H005,Essential Oil Diffuser,Home & Living,GlowHaus,9.0,34.99,39.28,42,1649.76,1271.76,77.09,37.73,102,0,0,3,Easter,0.0,-2.4
2026-03-31,H005,Essential Oil Diffuser,Home & Living,GlowHaus,9.0,34.99,37.89,42,1591.38,1213.38,76.25,32.14,96,0,1,3,Easter,0.0,-2.4
2026-04-01,H005,Essential Oil Diffuser,Home & Living,GlowHaus,9.0,34.99,39.57,34,1345.38,1039.38,77.26,30.97,151,0,2,4,Easter,0.0,-2.4
2026-04-02,H005,Essential Oil Diffuser,Home & Living,GlowHaus,9.0,34.99,39.41,36,1418.76,1094.76,77.16,31.83,132,0,3,4,Easter,0.0071,-2.4
2026-04-03,H005,Essential Oil Diffuser,Home & Living,GlowHaus,9.0,34.99,39.79,37,1472.23,1139.23,77.38,36.47,123,0,4,4,Easter,0.0143,-2.4
2026-04-04,H005,Essential Oil Diffuser,Home & Living,GlowHaus,9.0,34.99,39.09,42,1641.78,1263.78,76.98,36.61,113,1,5,4,Easter,0.0214,-2.4
2026-04-05,H005,Essential Oil Diffuser,Home & Living,GlowHaus,9.0,34.99,40.12,39,1564.68,1213.68,77.57,35.67,136,1,6,4,Easter,0.0286,-2.4
2026-04-06,H005,Essential Oil Diffuser,Home & Living,GlowHaus,9.0,34.99,39.16,38,1488.08,1146.08,77.02,36.81,109,0,0,4,Easter,0.0357,-2.4
2026-04-07,H005,Essential Oil Diffuser,Home & Living,GlowHaus,9.0,34.99,37.5,50,1875.0,1425.0,76.0,39.66,86,0,1,4,Easter,0.0429,-2.4
2026-04-08,H005,Essential Oil Diffuser,Home & Living,GlowHaus,9.0,34.99,35.79,55,1968.45,1473.45,74.85,39.79,83,0,2,4,Easter,0.05,-2.4
2026-04-09,H005,Essential Oil Diffuser,Home & Living,GlowHaus,9.0,34.99,36.96,43,1589.28,1202.28,75.65,40.19,104,0,3,4,Easter,0.0571,-2.4
2026-04-10,H005,Essential Oil Diffuser,Home & Living,GlowHaus,9.0,34.99,35.9,39,1400.1,1049.1,74.93,32.84,103,0,4,4,Easter,0.0643,-2.4
2026-04-11,H005,Essential Oil Diffuser,Home & Living,GlowHaus,9.0,34.99,33.14,64,2120.96,1544.96,72.84,34.4,59,1,5,4,Easter,0.0714,-2.4
2026-04-12,H005,Essential Oil Diffuser,Home & Living,GlowHaus,9.0,34.99,33.26,74,2461.24,1795.24,72.94,30.64,58,1,6,4,Easter,0.1,-2.4
2026-04-13,H005,Essential Oil Diffuser,Home & Living,GlowHaus,9.0,34.99,32.29,66,2131.14,1537.14,72.13,29.77,58,0,0,4,Easter,0.1,-2.4
2026-04-14,H005,Essential Oil Diffuser,Home & Living,GlowHaus,9.0,34.99,32.07,71,2276.97,1637.97,71.94,30.7,59,0,1,4,Easter,0.1,-2.4
2026-04-15,H005,Essential Oil Diffuser,Home & Living,GlowHaus,9.0,34.99,29.76,76,2261.76,1577.76,69.76,38.25,33,0,2,4,Easter,0.1,-2.4
2026-04-16,H005,Essential Oil Diffuser,Home & Living,GlowHaus,9.0,34.99,30.75,73,2244.75,1587.75,70.73,31.69,73,0,3,4,Easter,0.1,-2.4
2026-04-17,H005,Essential Oil Diffuser,Home & Living,GlowHaus,9.0,34.99,29.79,81,2412.99,1683.99,69.79,31.53,31,0,4,4,Easter,0.1,-2.4
2026-04-18,H005,Essential Oil Diffuser,Home & Living,GlowHaus,9.0,34.99,27.93,101,2820.93,1911.93,67.78,32.69,17,1,5,4,Easter,0.1,-2.4
2026-04-19,H005,Essential Oil Diffuser,Home & Living,GlowHaus,9.0,34.99,30.5,80,2440.0,1720.0,70.49,29.75,44,1,6,4,Easter,0.0714,-2.4
2026-04-20,H005,Essential Oil Diffuser,Home & Living,GlowHaus,9.0,34.99,30.2,77,2325.4,1632.4,70.2,31.69,52,0,0,4,Easter,0.0643,-2.4
2026-04-21,H005,Essential Oil Diffuser,Home & Living,GlowHaus,9.0,34.99,32.14,70,2249.8,1619.8,72.0,33.09,50,0,1,4,Easter,0.0571,-2.4
2026-04-22,H005,Essential Oil Diffuser,Home & Living,GlowHaus,9.0,34.99,33.16,58,1923.28,1401.28,72.86,34.49,81,0,2,4,Easter,0.05,-2.4
2026-04-23,H005,Essential Oil Diffuser,Home & Living,GlowHaus,9.0,34.99,32.59,55,1792.45,1297.45,72.38,35.38,71,0,3,4,Easter,0.0429,-2.4
2026-04-24,H005,Essential Oil Diffuser,Home & Living,GlowHaus,9.0,34.99,35.43,48,1700.64,1268.64,74.6,36.88,109,0,4,4,Easter,0.0357,-2.4
2026-04-25,H005,Essential Oil Diffuser,Home & Living,GlowHaus,9.0,34.99,36.5,54,1971.0,1485.0,75.34,35.42,85,1,5,4,Easter,0.0286,-2.4
2026-04-26,H005,Essential Oil Diffuser,Home & Living,GlowHaus,9.0,34.99,37.18,50,1859.0,1409.0,75.79,35.89,107,1,6,4,Easter,0.0214,-2.4
2026-04-27,H005,Essential Oil Diffuser,Home & Living,GlowHaus,9.0,34.99,37.72,45,1697.4,1292.4,76.14,33.92,111,0,0,4,Easter,0.0143,-2.4
2026-04-28,H005,Essential Oil Diffuser,Home & Living,GlowHaus,9.0,34.99,37.55,46,1727.3,1313.3,76.03,33.82,92,0,1,4,Easter,0.0071,-2.4
2026-04-29,H005,Essential Oil Diffuser,Home & Living,GlowHaus,9.0,34.99,37.79,47,1776.13,1353.13,76.18,34.0,113,0,2,4,Mothers Day,0.0129,-2.4
2026-04-30,H005,Essential Oil Diffuser,Home & Living,GlowHaus,9.0,34.99,39.69,35,1389.15,1074.15,77.32,37.85,143,0,3,4,Mothers Day,0.0257,-2.4
2026-05-01,H005,Essential Oil Diffuser,Home & Living,GlowHaus,9.0,34.99,40.83,36,1469.88,1145.88,77.96,34.84,130,0,4,5,Mothers Day,0.0386,-2.4
2026-05-02,H005,Essential Oil Diffuser,Home & Living,GlowHaus,9.0,34.99,38.41,46,1766.86,1352.86,76.57,33.87,104,1,5,5,Mothers Day,0.0514,-2.4
2026-05-03,H005,Essential Oil Diffuser,Home & Living,GlowHaus,9.0,34.99,39.16,43,1683.88,1296.88,77.02,38.78,97,1,6,5,Mothers Day,0.0643,-2.4
2026-05-04,H005,Essential Oil Diffuser,Home & Living,GlowHaus,9.0,34.99,38.98,43,1676.14,1289.14,76.91,33.36,96,0,0,5,Mothers Day,0.0771,-2.4
2026-05-05,H005,Essential Oil Diffuser,Home & Living,GlowHaus,9.0,34.99,40.47,36,1456.92,1132.92,77.76,39.03,117,0,1,5,Mothers Day,0.09,-2.4
2026-05-06,H005,Essential Oil Diffuser,Home & Living,GlowHaus,9.0,34.99,36.85,39,1437.15,1086.15,75.58,38.91,133,0,2,5,Mothers Day,0.1029,-2.4
2026-05-07,H005,Essential Oil Diffuser,Home & Living,GlowHaus,9.0,34.99,40.24,40,1609.6,1249.6,77.63,38.64,100,0,3,5,Mothers Day,0.1157,-2.4
2026-05-08,H005,Essential Oil Diffuser,Home & Living,GlowHaus,9.0,34.99,37.99,45,1709.55,1304.55,76.31,37.51,112,0,4,5,Mothers Day,0.1286,-2.4
2026-05-09,H005,Essential Oil Diffuser,Home & Living,GlowHaus,9.0,34.99,33.85,75,2538.75,1863.75,73.41,35.21,56,1,5,5,Mothers Day,0.18,-2.4
2026-05-10,H005,Essential Oil Diffuser,Home & Living,GlowHaus,9.0,34.99,36.72,56,2056.32,1552.32,75.49,38.78,74,1,6,5,Mothers Day,0.18,-2.4
