backend/data/transactions.csv
date,product_id,product_name,category,brand,cost,base_price,price,demand,revenue,profit,margin,competitor_price,stock,is_weekend,day_of_week,month,holiday_name,holiday_boost,elasticity
2026-02-09,H006,Modern Table Lamp,Home & Living,Lumina,18.0,65.0,60.68,51,3094.68,2176.68,70.34,68.66,88,0,0,2,Valentines Day,0.1286,-1.8
2026-02-10,H006,Modern Table Lamp,Home & Living,Lumina,18.0,65.0,64.67,53,3427.51,2473.51,72.17,63.4,110,0,1,2,Valentines Day,0.1429,-1.8
2026-02-11,H006,Modern Table Lamp,Home & Living,Lumina,18.0,65.0,63.38,56,3549.28,2541.28,71.6,55.65,92,0,2,2,Valentines Day,0.2,-1.8
2026-02-12,H006,Modern Table Lamp,Home & Living,Lumina,18.0,65.0,60.6,58,3514.8,2470.8,70.3,60.78,91,0,3,2,Valentines Day,0.2,-1.8
2026-02-13,H006,Modern Table Lamp,Home & Living,Lumina,18.0,65.0,55.61,74,4115.14,2783.14,67.63,55.93,48,0,4,2,Valentines Day,0.2,-1.8
2026-02-14,H006,Modern Table Lamp,Home & Living,Lumina,18.0,65.0,58.29,71,4138.59,2860.59,69.12,70.86,56,1,5,2,Valentines Day,0.2,-1.8
2026-02-15,H006,Modern Table Lamp,Home & Living,Lumina,18.0,65.0,58.73,83,4874.59,3380.59,69.35,71.38,31,1,6,2,Valentines Day,0.2,-1.8
2026-02-16,H006,Modern Table Lamp,Home & Living,Lumina,18.0,65.0,53.45,70,3741.5,2481.5,66.32,65.71,58,0,0,2,Valentines Day,0.2,-1.8
2026-02-17,H006,Modern Table Lamp,Home & Living,Lumina,18.0,65.0,53.62,75,4021.5,2671.5,66.43,69.26,39,0,1,2,Valentines Day,0.2,-1.8
2026-02-18,H006,Modern Table Lamp,Home & Living,Lumina,18.0,65.0,54.99,61,3354.39,2256.39,67.27,59.69,81,0,2,2,Valentines Day,0.1429,-1.8
2026-02-19,H006,Modern Table Lamp,Home & Living,Lumina,18.0,65.0,54.92,56,3075.52,2067.52,67.23,65.72,76,0,3,2,Valentines Day,0.1286,-1.8
2026-02-20,H006,Modern Table Lamp,Home & Living,Lumina,18.0,65.0,53.92,61,3289.12,2191.12,66.62,55.94,78,0,4,2,Valentines Day,0.1143,-1.8
2026-02-21,H006,Modern Table Lamp,Home & Living,Lumina,18.0,65.0,63.15,68,4294.2,3070.2,71.5,69.04,51,1,5,2,Valentines Day,0.1,-1.8
2026-02-22,H006,Modern Table Lamp,Home & Living,Lumina,18.0,65.0,62.5,57,3562.5,2536.5,71.2,73.72,71,1,6,2,Valentines Day,0.0857,-1.8
2026-02-23,H006,Modern Table Lamp,Home & Living,Lumina,18.0,65.0,60.06,55,3303.3,2313.3,70.03,56.42,83,0,0,2,Valentines Day,0.0714,-1.8
2026-02-24,H006,Modern Table Lamp,Home & Living,Lumina,18.0,65.0,65.86,43,2831.98,2057.98,72.67,65.66,100,0,1,2,Valentines Day,0.0571,-1.8
2026-02-25,H006,Modern Table Lamp,Home & Living,Lumina,18.0,65.0,67.78,39,2643.42,1941.42,73.44,61.82,125,0,2,2,Valentines Day,0.0429,-1.8
2026-02-26,H006,Modern Table Lamp,Home & Living,Lumina,18.0,65.0,67.84,41,2781.44,2043.44,73.47,59.6,106,0,3,2,Valentines Day,0.0286,-1.8
2026-02-27,H006,Modern Table Lamp,Home & Living,Lumina,18.0,65.0,74.38,33,2454.54,1860.54,75.8,60.39,114,0,4,2,Valentines Day,0.0143,-1.8
2026-02-28,H006,Modern Table Lamp,Home & Living,Lumina,18.0,65.0,77.01,39,3003.39,2301.39,76.63,74.03,126,1,5,2,Valentines Day,0.0,-1.8
2026-03-01,H006,Modern Table Lamp,Home & Living,Lumina,18.0,65.0,78.38,34,2664.92,2052.92,77.03,73.34,145,1,6,3,Valentines Day,0.0,-1.8
2026-03-02,H006,Modern Table Lamp,Home & Living,Lumina,18.0,65.0,72.09,35,2523.15,1893.15,75.03,60.37,130,0,0,3,Valentines Day,0.0,-1.8
2026-03-03,H006,Modern Table Lamp,Home & Living,Lumina,18.0,65.0,74.74,39,2914.86,2212.86,75.92,56.57,131,0,1,3,Valentines Day,0.0,-1.8
2026-03-04,H006,Modern Table Lamp,Home & Living,Lumina,18.0,65.0,73.49,38,2792.62,2108.62,75.51,68.2,121,0,2,3,Valentines Day,0.0,-1.8
2026-03-05,H006,Modern Table Lamp,Home & Living,Lumina,18.0,65.0,78.04,33,2575.32,1981.32,76.93,72.48,134,0,3,3,Valentines Day,0.0,-1.8
2026-03-06,H006,Modern Table Lamp,Home & Living,Lumina,18.0,65.0,75.58,32,2418.56,1842.56,76.18,59.54,132,0,4,3,Valentines Day,0.0,-1.8
2026-03-07,H006,Modern Table Lamp,Home & Living,Lumina,18.0,65.0,73.04,44,3213.76,2421.76,75.36,63.12,101,1,5,3,Valentines Day,0.0,-1.8
2026-03-08,H006,Modern Table Lamp,Home & Living,Lumina,18.0,65.0,68.1,44,2996.4,2204.4,73.57,58.68,122,1,6,3,Valentines Day,0.0,-1.8
2026-03-09,H006,Modern Table Lamp,Home & Living,Lumina,18.0,65.0,68.38,35,2393.3,1763.3,73.68,62.77,149,0,0,3,Valentines Day,0.0,-1.8
2026-03-10,H006,Modern Table Lamp,Home & Living,Lumina,18.0,65.0,65.61,43,2821.23,2047.23,72.57,57.0,118,0,1,3,Valentines Day,0.0,-1.8
2026-03-11,H006,Modern Table Lamp,Home & Living,Lumina,18.0,65.0,62.12,55,3416.6,2426.6,71.02,63.67,72,0,2,3,Valentines Day,0.0,-1.8
2026-03-12,H006,Modern Table Lamp,Home & Living,Lumina,18.0,65.0,64.94,57,3701.58,2675.58,72.28,58.17,70,0,3,3,Valentines Day,0.0,-1.8
2026-03-13,H006,Modern Table Lamp,Home & Living,Lumina,18.0,65.0,58.61,55,3223.55,2233.55,69.29,60.15,77,0,4,3,Valentines Day,0.0,-1.8
2026-03-14,H006,Modern Table Lamp,Home & Living,Lumina,18.0,65.0,57.86,57,3298.02,2272.02,68.89,59.34,86,1,5,3,Valentines Day,0.0,-1.8
2026-03-15,H006,Modern Table Lamp,Home & Living,Lumina,18.0,65.0,59.6,60,3576.0,2496.0,69.8,58.46,92,1,6,3,Valentines Day,0.0,-1.8
2026-03-16,H006,Modern Table Lamp,Home & Living,Lumina,18.0,65.0,55.84,60,3350.4,2270.4,67.77,63.02,67,0,0,3,Valentines Day,0.0,-1.8
2026-03-17,H006,Modern Table Lamp,Home & Living,Lumina,18.0,65.0,54.05,57,3080.85,2054.85,66.7,66.1,82,0,1,3,Easter,0.0,-1.8
2026-03-18,H006,Modern Table Lamp,Home & Living,Lumina,18.0,65.0,53.96,68,3669.28,2445.28,66.64,58.04,78,0,2,3,Easter,0.0,-1.8
2026-03-19,H006,Modern Table Lamp,Home & Living,Lumina,18.0,65.0,57.39,50,2869.5,1969.5,68.64,66.3,99,0,3,3,Easter,0.0,-1.8
2026-03-20,H006,Modern Table Lamp,Home & Living,Lumina,18.0,65.0,59.14,52,3075.28,2139.28,69.56,56.96,103,0,4,3,Easter,0.0,-1.8
2026-03-21,H006,Modern Table Lamp,Home & Living,Lumina,18.0,65.0,57.4,60,3444.0,2364.0,68.64,63.78,76,1,5,3,Easter,0.0,-1.8
2026-03-22,H006,Modern Table Lamp,Home & Living,Lumina,18.0,65.0,57.8,57,3294.6,2268.6,68.86,57.72,85,1,6,3,Easter,0.0,-1.8
2026-03-23,H006,Modern Table Lamp,Home & Living,Lumina,18.0,65.0,57.74,59,3406.66,2344.66,68.83,64.63,102,0,0,3,Easter,0.0,-1.8
2026-03-24,H006,Modern Table Lamp,Home & Living,Lumina,18.0,65.0,62.75,49,3074.75,2192.75,71.31,63.34,113,0,1,3,Easter,0.0,-1.8
2026-03-25,H006,Modern Table Lamp,Home & Living,Lumina,18.0,65.0,62.14,43,2672.02,1898.02,71.03,71.74,108,0,2,3,Easter,0.0,-1.8
2026-03-26,H006,Modern Table Lamp,Home & Living,Lumina,18.0,65.0,67.53,45,3038.85,2228.85,73.35,66.68,104,0,3,3,Easter,0.0,-1.8
2026-03-27,H006,Modern Table Lamp,Home & Living,Lumina,18.0,65.0,63.44,50,3172.0,2272.0,71.63,56.89,120,0,4,3,Easter,0.0,-1.8
2026-03-28,H006,Modern Table Lamp,Home & Living,Lumina,18.0,65.0,68.25,49,3344.25,2462.25,73.63,67.93,95,1,5,3,Easter,0.0,-1.8
2026-03-29,H006,Modern Table Lamp,Home & Living,Lumina,18.0,65.0,67.87,45,3054.15,2244.15,73.48,61.94,106,1,6,3,Easter,0.0,-1.8
2026-03-30,H006,Modern Table Lamp,Home & Living,Lumina,18.0,65.0,72.43,42,3042.06,2286.06,75.15,73.65,98,0,0,3,Easter,0.0,-1.8
2026-03-31,H006,Modern Table Lamp,Home & Living,Lumina,18.0,65.0,78.64,32,2516.48,1940.48,77.11,73.19,118,0,1,3,Easter,0.0,-1.8
2026-04-01,H006,Modern Table Lamp,Home & Living,Lumina,18.0,65.0,76.45,34,2599.3,1987.3,76.46,59.97,147,0,2,4,Easter,0.0,-1.8
2026-04-02,H006,Modern Table Lamp,Home & Living,Lumina,18.0,65.0,75.08,36,2702.88,2054.88,76.03,63.81,110,0,3,4,Easter,0.0071,-1.8
2026-04-03,H006,Modern Table Lamp,Home & Living,Lumina,18.0,65.0,74.58,37,2759.46,2093.46,75.86,55.82,134,0,4,4,Easter,0.0143,-1.8
2026-04-04,H006,Modern Table Lamp,Home & Living,Lumina,18.0,65.0,72.19,43,3104.17,2330.17,75.07,59.43,97,1,5,4,Easter,0.0214,-1.8
2026-04-05,H006,Modern Table Lamp,Home & Living,Lumina,18.0,65.0,77.17,42,3241.14,2485.14,76.67,65.11,129,1,6,4,Easter,0.0286,-1.8
2026-04-06,H006,Modern Table Lamp,Home & Living,Lumina,18.0,65.0,72.87,40,2914.8,2194.8,75.3,55.5,128,0,0,4,Easter,0.0357,-1.8
2026-04-07,H006,Modern Table Lamp,Home & Living,Lumina,18.0,65.0,73.77,31,2286.87,1728.87,75.6,67.91,132,0,1,4,Easter,0.0429,-1.8
2026-04-08,H006,Modern Table Lamp,Home & Living,Lumina,18.0,65.0,68.43,40,2737.2,2017.2,73.7,62.53,109,0,2,4,Easter,0.05,-1.8
2026-04-09,H006,Modern Table Lamp,Home & Living,Lumina,18.0,65.0,64.29,56,3600.24,2592.24,72.0,55.92,81,0,3,4,Easter,0.0571,-1.8
2026-04-10,H006,Modern Table Lamp,Home & Living,Lumina,18.0,65.0,66.15,49,3241.35,2359.35,72.79,69.38,110,0,4,4,Easter,0.0643,-1.8
2026-04-11,H006,Modern Table Lamp,Home & Living,Lumina,18.0,65.0,61.74,59,3642.66,2580.66,70.85,60.56,95,1,5,4,Easter,0.0714,-1.8
2026-04-12,H006,Modern Table Lamp,Home & Living,Lumina,18.0,65.0,61.02,65,3966.3,2796.3,70.5,55.44,56,1,6,4,Easter,0.1,-1.8
2026-04-13,H006,Modern Table Lamp,Home & Living,Lumina,18.0,65.0,60.8,47,2857.6,2011.6,70.39,56.71,124,0,0,4,Easter,0.1,-1.8
2026-04-14,H006,Modern Table Lamp,Home & Living,Lumina,18.0,65.0,59.15,57,3371.55,2345.55,69.57,70.47,96,0,1,4,Easter,0.1,-1.8
2026-04-15,H006,Modern Table Lamp,Home & Living,Lumina,18.0,65.0,59.69,63,3760.47,2626.47,69.84,67.69,79,0,2,4,Easter,0.1,-1.8
2026-04-16,H006,Modern Table Lamp,Home & Living,Lumina,18.0,65.0,56.3,63,3546.9,2412.9,68.03,69.53,85,0,3,4,Easter,0.1,-1.8
2026-04-17,H006,Modern Table Lamp,Home & Living,Lumina,18.0,65.0,54.7,69,3774.3,2532.3,67.09,56.88,61,0,4,4,Easter,0.1,-1.8
2026-04-18,H006,Modern Table Lamp,Home & Living,Lumina,18.0,65.0,57.82,70,4047.4,2787.4,68.87,63.9,63,1,5,4,Easter,0.1,-1.8
2026-04-19,H006,Modern Table Lamp,Home & Living,Lumina,18.0,65.0,54.64,75,4098.0,2748.0,67.06,67.25,63,1,6,4,Easter,0.0714,-1.8
2026-04-20,H006,Modern Table Lamp,Home & Living,Lumina,18.0,65.0,57.16,54,3086.64,2114.64,68.51,66.83,79,0,0,4,Easter,0.0643,-1.8
2026-04-21,H006,Modern Table Lamp,Home & Living,Lumina,18.0,65.0,55.09,61,3360.49,2262.49,67.33,58.59,85,0,1,4,Easter,0.0571,-1.8
2026-04-22,H006,Modern Table Lamp,Home & Living,Lumina,18.0,65.0,62.4,55,3432.0,2442.0,71.15,56.97,106,0,2,4,Easter,0.05,-1.8
2026-04-23,H006,Modern Table Lamp,Home & Living,Lumina,18.0,65.0,57.97,53,3072.41,2118.41,68.95,64.27,90,0,3,4,Easter,0.0429,-1.8
2026-04-24,H006,Modern Table Lamp,Home & Living,Lumina,18.0,65.0,64.47,45,2901.15,2091.15,72.08,70.49,127,0,4,4,Easter,0.0357,-1.8
2026-04-25,H006,Modern Table Lamp,Home & Living,Lumina,18.0,65.0,65.9,45,2965.5,2155.5,72.69,60.6,123,1,5,4,Easter,0.0286,-1.8
2026-04-26,H006,Modern Table Lamp,Home & Living,Lumina,18.0,65.0,67.05,49,3285.45,2403.45,73.15,61.86,95,1,6,4,Easter,0.0214,-1.8
2026-04-27,H006,Modern Table Lamp,Home & Living,Lumina,18.0,65.0,70.85,40,2834.0,2114.0,74.59,67.13,134,0,0,4,Easter,0.0143,-1.8
2026-04-28,H006,Modern Table Lamp,Home & Living,Lumina,18.0,65.0,71.01,33,2343.33,1749.33,74.65,64.04,114,0,1,4,Easter,0.0071,-1.8
2026-04-29,H006,Modern Table Lamp,Home & Living,Lumina,18.0,65.0,76.05,36,2737.8,2089.8,76.33,66.79,137,0,2,4,Mothers Day,0.0129,-1.8
2026-04-30,H006,Modern Table Lamp,Home & Living,Lumina,18.0,65.0,72.06,38,2738.28,2054.28,75.02,57.52,128,0,3,4,Mothers Day,0.0257,-1.8
2026-05-01,H006,Modern Table Lamp,Home & Living,Lumina,18.0,65.0,73.52,36,2646.72,1998.72,75.52,63.63,130,0,4,5,Mothers Day,0.0386,-1.8
2026-05-02,H006,Modern Table Lamp,Home & Living,Lumina,18.0,65.0,77.05,37,2850.85,2184.85,76.64,67.8,119,1,5,5,Mothers Day,0.0514,-1.8
2026-05-03,H006,Modern Table Lamp,Home & Living,Lumina,18.0,65.0,76.12,45,3425.4,2615.4,76.35,67.68,112,1,6,5,Mothers Day,0.0643,-1.8
2026-05-04,H006,Modern Table Lamp,Home & Living,Lumina,18.0,65.0,75.36,36,2712.96,2064.96,76.11,71.2,132,0,0,5,Mothers Day,0.0771,-1.8
2026-05-05,H006,Modern Table Lamp,Home & Living,Lumina,18.0,65.0,71.92,38,2732.96,2048.96,74.97,61.89,123,0,1,5,Mothers Day,0.09,-1.8
2026-05-06,H006,Modern Table Lamp,Home & Living,Lumina,18.0,65.0,72.51,34,2465.34,1853.34,75.18,58.47,151,0,2,5,Mothers Day,0.1029,-1.8
2026-05-07,H006,Modern Table Lamp,Home & Living,Lumina,18.0,65.0,70.83,45,3187.35,2377.35,74.59,69.39,107,0,3,5,Mothers Day,0.1157,-1.8
2026-05-08,H006,Modern Table Lamp,Home & Living,Lumina,18.0,65.0,66.12,53,3504.36,2550.36,72.78,61.12,97,0,4,5,Mothers Day,0.1286,-1.8
2026-05-09,H006,Modern Table Lamp,Home & Living,Lumina,18.0,65.0,72.31,49,3543.19,2661.19,75.11,60.84,97,1,5,5,Mothers Day,0.18,-1.8
2026-05-10,H006,Modern Table Lamp,Home & Living,Lumina,18.0,65.0,64.57,60,3874.2,2794.2,72.12,57.27,93,1,6,5,Mothers Day,0.18,-1.8
