backend/data/transactions.csv
date,product_id,product_name,category,brand,cost,base_price,price,demand,revenue,profit,margin,competitor_price,stock,is_weekend,day_of_week,month,holiday_name,holiday_boost,elasticity
2026-02-09,H007,Throw Blanket,Home & Living,Indigo,14.0,48.0,48.15,51,2455.65,1741.65,70.92,44.72,113,0,0,2,Valentines Day,0.1286,-2.1
2026-02-10,H007,Throw Blanket,Home & Living,Indigo,14.0,48.0,43.72,64,2798.08,1902.08,67.98,48.25,67,0,1,2,Valentines Day,0.1429,-2.1
2026-02-11,H007,Throw Blanket,Home & Living,Indigo,14.0,48.0,43.66,69,3012.54,2046.54,67.93,55.16,59,0,2,2,Valentines Day,0.2,-2.1
2026-02-12,H007,Throw Blanket,Home & Living,Indigo,14.0,48.0,45.66,58,2648.28,1836.28,69.34,46.04,97,0,3,2,Valentines Day,0.2,-2.1
2026-02-13,H007,Throw Blanket,Home & Living,Indigo,14.0,48.0,45.17,62,2800.54,1932.54,69.01,42.35,90,0,4,2,Valentines Day,0.2,-2.1
2026-02-14,H007,Throw Blanket,Home & Living,Indigo,14.0,48.0,40.55,97,3933.35,2575.35,65.47,42.89,5,1,5,2,Valentines Day,0.2,-2.1
2026-02-15,H007,Throw Blanket,Home & Living,Indigo,14.0,48.0,40.46,92,3722.32,2434.32,65.4,46.52,19,1,6,2,Valentines Day,0.2,-2.1
2026-02-16,H007,Throw Blanket,Home & Living,Indigo,14.0,48.0,40.87,83,3392.21,2230.21,65.75,52.6,36,0,0,2,Valentines Day,0.2,-2.1
2026-02-17,H007,Throw Blanket,Home & Living,Indigo,14.0,48.0,40.73,78,3176.94,2084.94,65.63,49.09,62,0,1,2,Valentines Day,0.2,-2.1
2026-02-18,H007,Throw Blanket,Home & Living,Indigo,14.0,48.0,40.59,79,3206.61,2100.61,65.51,43.97,30,0,2,2,Valentines Day,0.1429,-2.1
2026-02-19,H007,Throw Blanket,Home & Living,Indigo,14.0,48.0,41.0,82,3362.0,2214.0,65.85,48.06,35,0,3,2,Valentines Day,0.1286,-2.1
2026-02-20,H007,Throw Blanket,Home & Living,Indigo,14.0,48.0,42.7,58,2476.6,1664.6,67.21,41.24,69,0,4,2,Valentines Day,0.1143,-2.1
2026-02-21,H007,Throw Blanket,Home & Living,Indigo,14.0,48.0,44.21,73,3227.33,2205.33,68.33,46.89,55,1,5,2,Valentines Day,0.1,-2.1
2026-02-22,H007,Throw Blanket,Home & Living,Indigo,14.0,48.0,47.04,57,2681.28,1883.28,70.24,52.09,97,1,6,2,Valentines Day,0.0857,-2.1
2026-02-23,H007,Throw Blanket,Home & Living,Indigo,14.0,48.0,45.24,60,2714.4,1874.4,69.05,45.67,79,0,0,2,Valentines Day,0.0714,-2.1
2026-02-24,H007,Throw Blanket,Home & Living,Indigo,14.0,48.0,49.68,43,2136.24,1534.24,71.82,45.54,100,0,1,2,Valentines Day,0.0571,-2.1
2026-02-25,H007,Throw Blanket,Home & Living,Indigo,14.0,48.0,49.89,45,2245.05,1615.05,71.94,44.05,114,0,2,2,Valentines Day,0.0429,-2.1
2026-02-26,H007,Throw Blanket,Home & Living,Indigo,14.0,48.0,49.86,44,2193.84,1577.84,71.92,47.83,120,0,3,2,Valentines Day,0.0286,-2.1
2026-02-27,H007,Throw Blanket,Home & Living,Indigo,14.0,48.0,53.79,37,1990.23,1472.23,73.97,44.96,109,0,4,2,Valentines Day,0.0143,-2.1
2026-02-28,H007,Throw Blanket,Home & Living,Indigo,14.0,48.0,53.11,46,2443.06,1799.06,73.64,49.1,120,1,5,2,Valentines Day,0.0,-2.1
2026-03-01,H007,Throw Blanket,Home & Living,Indigo,14.0,48.0,55.94,36,2013.84,1509.84,74.97,42.75,120,1,6,3,Valentines Day,0.0,-2.1
2026-03-02,H007,Throw Blanket,Home & Living,Indigo,14.0,48.0,55.3,34,1880.2,1404.2,74.68,44.01,141,0,0,3,Valentines Day,0.0,-2.1
2026-03-03,H007,Throw Blanket,Home & Living,Indigo,14.0,48.0,55.22,37,2043.14,1525.14,74.65,48.58,124,0,1,3,Valentines Day,0.0,-2.1
2026-03-04,H007,Throw Blanket,Home & Living,Indigo,14.0,48.0,54.75,30,1642.5,1222.5,74.43,49.48,159,0,2,3,Valentines Day,0.0,-2.1
2026-03-05,H007,Throw Blanket,Home & Living,Indigo,14.0,48.0,54.73,38,2079.74,1547.74,74.42,50.27,140,0,3,3,Valentines Day,0.0,-2.1
2026-03-06,H007,Throw Blanket,Home & Living,Indigo,14.0,48.0,54.88,35,1920.8,1430.8,74.49,46.79,134,0,4,3,Valentines Day,0.0,-2.1
2026-03-07,H007,Throw Blanket,Home & Living,Indigo,14.0,48.0,53.55,43,2302.65,1700.65,73.86,44.32,124,1,5,3,Valentines Day,0.0,-2.1
2026-03-08,H007,Throw Blanket,Home & Living,Indigo,14.0,48.0,49.72,51,2535.72,1821.72,71.84,51.98,100,1,6,3,Valentines Day,0.0,-2.1
2026-03-09,H007,Throw Blanket,Home & Living,Indigo,14.0,48.0,49.1,49,2405.9,1719.9,71.49,47.73,107,0,0,3,Valentines Day,0.0,-2.1
2026-03-10,H007,Throw Blanket,Home & Living,Indigo,14.0,48.0,47.64,46,2191.44,1547.44,70.61,54.65,108,0,1,3,Valentines Day,0.0,-2.1
2026-03-11,H007,Throw Blanket,Home & Living,Indigo,14.0,48.0,47.15,55,2593.25,1823.25,70.31,45.91,86,0,2,3,Valentines Day,0.0,-2.1
2026-03-12,H007,Throw Blanket,Home & Living,Indigo,14.0,48.0,48.1,38,1827.8,1295.8,70.89,48.63,124,0,3,3,Valentines Day,0.0,-2.1
2026-03-13,H007,Throw Blanket,Home & Living,Indigo,14.0,48.0,45.05,49,2207.45,1521.45,68.92,43.24,87,0,4,3,Valentines Day,0.0,-2.1
2026-03-14,H007,Throw Blanket,Home & Living,Indigo,14.0,48.0,44.0,68,2992.0,2040.0,68.18,50.3,60,1,5,3,Valentines Day,0.0,-2.1
2026-03-15,H007,Throw Blanket,Home & Living,Indigo,14.0,48.0,43.0,72,3096.0,2088.0,67.44,51.88,51,1,6,3,Valentines Day,0.0,-2.1
2026-03-16,H007,Throw Blanket,Home & Living,Indigo,14.0,48.0,41.39,65,2690.35,1780.35,66.18,44.7,61,0,0,3,Valentines Day,0.0,-2.1
2026-03-17,H007,Throw Blanket,Home & Living,Indigo,14.0,48.0,42.14,59,2486.26,1660.26,66.78,41.26,65,0,1,3,Easter,0.0,-2.1
2026-03-18,H007,Throw Blanket,Home & Living,Indigo,14.0,48.0,39.61,66,2614.26,1690.26,64.66,44.14,80,0,2,3,Easter,0.0,-2.1
2026-03-19,H007,Throw Blanket,Home & Living,Indigo,14.0,48.0,40.67,66,2684.22,1760.22,65.58,46.98,64,0,3,3,Easter,0.0,-2.1
2026-03-20,H007,Throw Blanket,Home & Living,Indigo,14.0,48.0,41.64,59,2456.76,1630.76,66.38,50.91,91,0,4,3,Easter,0.0,-2.1
2026-03-21,H007,Throw Blanket,Home & Living,Indigo,14.0,48.0,42.8,78,3338.4,2246.4,67.29,54.42,42,1,5,3,Easter,0.0,-2.1
2026-03-22,H007,Throw Blanket,Home & Living,Indigo,14.0,48.0,41.81,86,3595.66,2391.66,66.52,54.23,11,1,6,3,Easter,0.0,-2.1
2026-03-23,H007,Throw Blanket,Home & Living,Indigo,14.0,48.0,46.62,50,2331.0,1631.0,69.97,52.2,103,0,0,3,Easter,0.0,-2.1
2026-03-24,H007,Throw Blanket,Home & Living,Indigo,14.0,48.0,44.86,51,2287.86,1573.86,68.79,41.14,91,0,1,3,Easter,0.0,-2.1
2026-03-25,H007,Throw Blanket,Home & Living,Indigo,14.0,48.0,47.76,48,2292.48,1620.48,70.69,52.99,89,0,2,3,Easter,0.0,-2.1
2026-03-26,H007,Throw Blanket,Home & Living,Indigo,14.0,48.0,48.26,43,2075.18,1473.18,70.99,48.46,105,0,3,3,Easter,0.0,-2.1
2026-03-27,H007,Throw Blanket,Home & Living,Indigo,14.0,48.0,50.8,41,2082.8,1508.8,72.44,46.33,127,0,4,3,Easter,0.0,-2.1
2026-03-28,H007,Throw Blanket,Home & Living,Indigo,14.0,48.0,49.41,50,2470.5,1770.5,71.67,54.16,98,1,5,3,Easter,0.0,-2.1
2026-03-29,H007,Throw Blanket,Home & Living,Indigo,14.0,48.0,51.12,52,2658.24,1930.24,72.61,41.07,80,1,6,3,Easter,0.0,-2.1
2026-03-30,H007,Throw Blanket,Home & Living,Indigo,14.0,48.0,56.18,34,1910.12,1434.12,75.08,45.62,140,0,0,3,Easter,0.0,-2.1
2026-03-31,H007,Throw Blanket,Home & Living,Indigo,14.0,48.0,55.78,37,2063.86,1545.86,74.9,47.89,143,0,1,3,Easter,0.0,-2.1
2026-04-01,H007,Throw Blanket,Home & Living,Indigo,14.0,48.0,50.59,40,2023.6,1463.6,72.33,43.67,112,0,2,4,Easter,0.0,-2.1
2026-04-02,H007,Throw Blanket,Home & Living,Indigo,14.0,48.0,55.34,34,1881.56,1405.56,74.7,44.38,124,0,3,4,Easter,0.0071,-2.1
2026-04-03,H007,Throw Blanket,Home & Living,Indigo,14.0,48.0,54.13,40,2165.2,1605.2,74.14,44.29,107,0,4,4,Easter,0.0143,-2.1
2026-04-04,H007,Throw Blanket,Home & Living,Indigo,14.0,48.0,54.19,44,2384.36,1768.36,74.16,47.33,112,1,5,4,Easter,0.0214,-2.1
2026-04-05,H007,Throw Blanket,Home & Living,Indigo,14.0,48.0,55.71,45,2506.95,1876.95,74.87,52.47,92,1,6,4,Easter,0.0286,-2.1
2026-04-06,H007,Throw Blanket,Home & Living,Indigo,14.0,48.0,51.84,38,1969.92,1437.92,72.99,42.9,116,0,0,4,Easter,0.0357,-2.1
2026-04-07,H007,Throw Blanket,Home & Living,Indigo,14.0,48.0,52.55,34,1786.7,1310.7,73.36,50.36,127,0,1,4,Easter,0.0429,-2.1
2026-04-08,H007,Throw Blanket,Home & Living,Indigo,14.0,48.0,49.59,50,2479.5,1779.5,71.77,44.98,102,0,2,4,Easter,0.05,-2.1
2026-04-09,H007,Throw Blanket,Home & Living,Indigo,14.0,48.0,50.41,44,2218.04,1602.04,72.23,51.19,96,0,3,4,Easter,0.0571,-2.1
2026-04-10,H007,Throw Blanket,Home & Living,Indigo,14.0,48.0,48.68,51,2482.68,1768.68,71.24,49.6,111,0,4,4,Easter,0.0643,-2.1
2026-04-11,H007,Throw Blanket,Home & Living,Indigo,14.0,48.0,44.52,65,2893.8,1983.8,68.55,48.17,72,1,5,4,Easter,0.0714,-2.1
2026-04-12,H007,Throw Blanket,Home & Living,Indigo,14.0,48.0,48.48,64,3102.72,2206.72,71.12,54.46,88,1,6,4,Easter,0.1,-2.1
2026-04-13,H007,Throw Blanket,Home & Living,Indigo,14.0,48.0,44.12,63,2779.56,1897.56,68.27,54.39,58,0,0,4,Easter,0.1,-2.1
2026-04-14,H007,Throw Blanket,Home & Living,Indigo,14.0,48.0,42.6,57,2428.2,1630.2,67.14,52.99,86,0,1,4,Easter,0.1,-2.1
2026-04-15,H007,Throw Blanket,Home & Living,Indigo,14.0,48.0,40.9,74,3026.6,1990.6,65.77,44.43,61,0,2,4,Easter,0.1,-2.1
2026-04-16,H007,Throw Blanket,Home & Living,Indigo,14.0,48.0,40.5,68,2754.0,1802.0,65.43,44.61,58,0,3,4,Easter,0.1,-2.1
2026-04-17,H007,Throw Blanket,Home & Living,Indigo,14.0,48.0,39.54,86,3400.44,2196.44,64.59,48.8,12,0,4,4,Easter,0.1,-2.1
2026-04-18,H007,Throw Blanket,Home & Living,Indigo,14.0,48.0,40.12,94,3771.28,2455.28,65.1,50.14,21,1,5,4,Easter,0.1,-2.1
2026-04-19,H007,Throw Blanket,Home & Living,Indigo,14.0,48.0,41.59,76,3160.84,2096.84,66.34,49.67,45,1,6,4,Easter,0.0714,-2.1
2026-04-20,H007,Throw Blanket,Home & Living,Indigo,14.0,48.0,40.67,74,3009.58,1973.58,65.58,45.66,64,0,0,4,Easter,0.0643,-2.1
2026-04-21,H007,Throw Blanket,Home & Living,Indigo,14.0,48.0,44.14,63,2780.82,1898.82,68.28,47.15,83,0,1,4,Easter,0.0571,-2.1
2026-04-22,H007,Throw Blanket,Home & Living,Indigo,14.0,48.0,41.92,63,2640.96,1758.96,66.6,49.91,93,0,2,4,Easter,0.05,-2.1
2026-04-23,H007,Throw Blanket,Home & Living,Indigo,14.0,48.0,44.5,48,2136.0,1464.0,68.54,50.51,106,0,3,4,Easter,0.0429,-2.1
2026-04-24,H007,Throw Blanket,Home & Living,Indigo,14.0,48.0,47.17,53,2500.01,1758.01,70.32,41.64,114,0,4,4,Easter,0.0357,-2.1
2026-04-25,H007,Throw Blanket,Home & Living,Indigo,14.0,48.0,48.82,55,2685.1,1915.1,71.32,50.18,104,1,5,4,Easter,0.0286,-2.1
2026-04-26,H007,Throw Blanket,Home & Living,Indigo,14.0,48.0,49.05,49,2403.45,1717.45,71.46,53.42,90,1,6,4,Easter,0.0214,-2.1
2026-04-27,H007,Throw Blanket,Home & Living,Indigo,14.0,48.0,50.47,44,2220.68,1604.68,72.26,53.1,119,0,0,4,Easter,0.0143,-2.1
2026-04-28,H007,Throw Blanket,Home & Living,Indigo,14.0,48.0,54.08,37,2000.96,1482.96,74.11,46.84,114,0,1,4,Easter,0.0071,-2.1
2026-04-29,H007,Throw Blanket,Home & Living,Indigo,14.0,48.0,53.41,32,1709.12,1261.12,73.79,48.45,148,0,2,4,Mothers Day,0.0129,-2.1
2026-04-30,H007,Throw Blanket,Home & Living,Indigo,14.0,48.0,54.78,40,2191.2,1631.2,74.44,52.04,108,0,3,4,Mothers Day,0.0257,-2.1
2026-05-01,H007,Throw Blanket,Home & Living,Indigo,14.0,48.0,54.69,36,1968.84,1464.84,74.4,50.81,124,0,4,5,Mothers Day,0.0386,-2.1
2026-05-02,H007,Throw Blanket,Home & Living,Indigo,14.0,48.0,54.62,46,2512.52,1868.52,74.37,40.97,100,1,5,5,Mothers Day,0.0514,-2.1
2026-05-03,H007,Throw Blanket,Home & Living,Indigo,14.0,48.0,52.46,52,2727.92,1999.92,73.31,48.5,111,1,6,5,Mothers Day,0.0643,-2.1
2026-05-04,H007,Throw Blanket,Home & Living,Indigo,14.0,48.0,54.52,40,2180.8,1620.8,74.32,47.45,122,0,0,5,Mothers Day,0.0771,-2.1
2026-05-05,H007,Throw Blanket,Home & Living,Indigo,14.0,48.0,55.36,35,1937.6,1447.6,74.71,46.24,110,0,1,5,Mothers Day,0.09,-2.1
2026-05-06,H007,Throw Blanket,Home & Living,Indigo,14.0,48.0,53.32,41,2186.12,1612.12,73.74,47.83,99,0,2,5,Mothers Day,0.1029,-2.1
2026-05-07,H007,Throw Blanket,Home & Living,Indigo,14.0,48.0,50.6,51,2580.6,1866.6,72.33,48.86,90,0,3,5,Mothers Day,0.1157,-2.1
2026-05-08,H007,Throw Blanket,Home & Living,Indigo,14.0,48.0,50.46,43,2169.78,1567.78,72.26,44.14,115,0,4,5,Mothers Day,0.1286,-2.1
2026-05-09,H007,Throw Blanket,Home & Living,Indigo,14.0,48.0,49.55,53,2626.15,1884.15,71.75,43.07,101,1,5,5,Mothers Day,0.18,-2.1
2026-05-10,H007,Throw Blanket,Home & Living,Indigo,14.0,48.0,47.35,67,3172.45,2234.45,70.43,47.54,49,1,6,5,Mothers Day,0.18,-2.1
