backend/data/transactions.csv
date,product_id,product_name,category,brand,cost,base_price,price,demand,revenue,profit,margin,competitor_price,stock,is_weekend,day_of_week,month,holiday_name,holiday_boost,elasticity
2026-02-09,H008,Wall Clock,Home & Living,TimeLess,10.0,35.0,33.41,68,2271.88,1591.88,70.07,35.29,65,0,0,2,Valentines Day,0.1286,-2.6
2026-02-10,H008,Wall Clock,Home & Living,TimeLess,10.0,35.0,34.0,67,2278.0,1608.0,70.59,35.87,62,0,1,2,Valentines Day,0.1429,-2.6
2026-02-11,H008,Wall Clock,Home & Living,TimeLess,10.0,35.0,33.68,65,2189.2,1539.2,70.31,34.29,83,0,2,2,Valentines Day,0.2,-2.6
2026-02-12,H008,Wall Clock,Home & Living,TimeLess,10.0,35.0,31.43,84,2640.12,1800.12,68.18,37.11,24,0,3,2,Valentines Day,0.2,-2.6
2026-02-13,H008,Wall Clock,Home & Living,TimeLess,10.0,35.0,29.99,83,2489.17,1659.17,66.66,37.37,23,0,4,2,Valentines Day,0.2,-2.6
2026-02-14,H008,Wall Clock,Home & Living,TimeLess,10.0,35.0,29.81,95,2831.95,1881.95,66.45,34.75,5,1,5,2,Valentines Day,0.2,-2.6
2026-02-15,H008,Wall Clock,Home & Living,TimeLess,10.0,35.0,28.77,106,3049.62,1989.62,65.24,34.46,5,1,6,2,Valentines Day,0.2,-2.6
2026-02-16,H008,Wall Clock,Home & Living,TimeLess,10.0,35.0,29.44,93,2737.92,1807.92,66.03,38.77,5,0,0,2,Valentines Day,0.2,-2.6
2026-02-17,H008,Wall Clock,Home & Living,TimeLess,10.0,35.0,30.77,83,2553.91,1723.91,67.5,36.71,28,0,1,2,Valentines Day,0.2,-2.6
2026-02-18,H008,Wall Clock,Home & Living,TimeLess,10.0,35.0,29.91,99,2961.09,1971.09,66.57,38.29,20,0,2,2,Valentines Day,0.1429,-2.6
2026-02-19,H008,Wall Clock,Home & Living,TimeLess,10.0,35.0,28.1,103,2894.3,1864.3,64.41,34.63,5,0,3,2,Valentines Day,0.1286,-2.6
2026-02-20,H008,Wall Clock,Home & Living,TimeLess,10.0,35.0,30.86,80,2468.8,1668.8,67.6,39.39,53,0,4,2,Valentines Day,0.1143,-2.6
2026-02-21,H008,Wall Clock,Home & Living,TimeLess,10.0,35.0,31.33,84,2631.72,1791.72,68.08,30.93,24,1,5,2,Valentines Day,0.1,-2.6
2026-02-22,H008,Wall Clock,Home & Living,TimeLess,10.0,35.0,34.15,70,2390.5,1690.5,70.72,39.19,65,1,6,2,Valentines Day,0.0857,-2.6
2026-02-23,H008,Wall Clock,Home & Living,TimeLess,10.0,35.0,33.63,57,1916.91,1346.91,70.26,35.01,68,0,0,2,Valentines Day,0.0714,-2.6
2026-02-24,H008,Wall Clock,Home & Living,TimeLess,10.0,35.0,33.89,56,1897.84,1337.84,70.49,36.54,87,0,1,2,Valentines Day,0.0571,-2.6
2026-02-25,H008,Wall Clock,Home & Living,TimeLess,10.0,35.0,33.18,60,1990.8,1390.8,69.86,39.79,69,0,2,2,Valentines Day,0.0429,-2.6
2026-02-26,H008,Wall Clock,Home & Living,TimeLess,10.0,35.0,38.95,40,1558.0,1158.0,74.33,35.6,137,0,3,2,Valentines Day,0.0286,-2.6
2026-02-27,H008,Wall Clock,Home & Living,TimeLess,10.0,35.0,37.39,36,1346.04,986.04,73.25,30.68,132,0,4,2,Valentines Day,0.0143,-2.6
2026-02-28,H008,Wall Clock,Home & Living,TimeLess,10.0,35.0,38.06,45,1712.7,1262.7,73.73,35.47,111,1,5,2,Valentines Day,0.0,-2.6
2026-03-01,H008,Wall Clock,Home & Living,TimeLess,10.0,35.0,39.77,40,1590.8,1190.8,74.86,36.3,108,1,6,3,Valentines Day,0.0,-2.6
2026-03-02,H008,Wall Clock,Home & Living,TimeLess,10.0,35.0,41.87,31,1297.97,987.97,76.12,35.31,134,0,0,3,Valentines Day,0.0,-2.6
2026-03-03,H008,Wall Clock,Home & Living,TimeLess,10.0,35.0,41.26,29,1196.54,906.54,75.76,39.61,149,0,1,3,Valentines Day,0.0,-2.6
2026-03-04,H008,Wall Clock,Home & Living,TimeLess,10.0,35.0,40.14,33,1324.62,994.62,75.09,39.1,118,0,2,3,Valentines Day,0.0,-2.6
2026-03-05,H008,Wall Clock,Home & Living,TimeLess,10.0,35.0,41.06,32,1313.92,993.92,75.65,34.14,134,0,3,3,Valentines Day,0.0,-2.6
2026-03-06,H008,Wall Clock,Home & Living,TimeLess,10.0,35.0,40.87,36,1471.32,1111.32,75.53,30.1,132,0,4,3,Valentines Day,0.0,-2.6
2026-03-07,H008,Wall Clock,Home & Living,TimeLess,10.0,35.0,38.35,42,1610.7,1190.7,73.92,33.4,115,1,5,3,Valentines Day,0.0,-2.6
2026-03-08,H008,Wall Clock,Home & Living,TimeLess,10.0,35.0,37.31,48,1790.88,1310.88,73.2,31.28,85,1,6,3,Valentines Day,0.0,-2.6
2026-03-09,H008,Wall Clock,Home & Living,TimeLess,10.0,35.0,37.78,42,1586.76,1166.76,73.53,30.96,134,0,0,3,Valentines Day,0.0,-2.6
2026-03-10,H008,Wall Clock,Home & Living,TimeLess,10.0,35.0,36.93,49,1809.57,1319.57,72.92,36.53,115,0,1,3,Valentines Day,0.0,-2.6
2026-03-11,H008,Wall Clock,Home & Living,TimeLess,10.0,35.0,35.01,47,1645.47,1175.47,71.44,37.07,109,0,2,3,Valentines Day,0.0,-2.6
2026-03-12,H008,Wall Clock,Home & Living,TimeLess,10.0,35.0,34.27,62,2124.74,1504.74,70.82,33.73,70,0,3,3,Valentines Day,0.0,-2.6
2026-03-13,H008,Wall Clock,Home & Living,TimeLess,10.0,35.0,33.76,57,1924.32,1354.32,70.38,34.96,99,0,4,3,Valentines Day,0.0,-2.6
2026-03-14,H008,Wall Clock,Home & Living,TimeLess,10.0,35.0,31.0,79,2449.0,1659.0,67.74,30.4,24,1,5,3,Valentines Day,0.0,-2.6
2026-03-15,H008,Wall Clock,Home & Living,TimeLess,10.0,35.0,29.49,83,2447.67,1617.67,66.09,37.29,44,1,6,3,Valentines Day,0.0,-2.6
2026-03-16,H008,Wall Clock,Home & Living,TimeLess,10.0,35.0,30.83,61,1880.63,1270.63,67.56,31.27,63,0,0,3,Valentines Day,0.0,-2.6
2026-03-17,H008,Wall Clock,Home & Living,TimeLess,10.0,35.0,29.63,71,2103.73,1393.73,66.25,33.48,70,0,1,3,Easter,0.0,-2.6
2026-03-18,H008,Wall Clock,Home & Living,TimeLess,10.0,35.0,28.64,86,2463.04,1603.04,65.08,37.51,24,0,2,3,Easter,0.0,-2.6
2026-03-19,H008,Wall Clock,Home & Living,TimeLess,10.0,35.0,29.01,73,2117.73,1387.73,65.53,34.98,48,0,3,3,Easter,0.0,-2.6
2026-03-20,H008,Wall Clock,Home & Living,TimeLess,10.0,35.0,29.42,71,2088.82,1378.82,66.01,29.95,69,0,4,3,Easter,0.0,-2.6
2026-03-21,H008,Wall Clock,Home & Living,TimeLess,10.0,35.0,31.7,80,2536.0,1736.0,68.45,38.3,40,1,5,3,Easter,0.0,-2.6
2026-03-22,H008,Wall Clock,Home & Living,TimeLess,10.0,35.0,31.79,70,2225.3,1525.3,68.54,37.1,50,1,6,3,Easter,0.0,-2.6
2026-03-23,H008,Wall Clock,Home & Living,TimeLess,10.0,35.0,32.33,63,2036.79,1406.79,69.07,37.33,62,0,0,3,Easter,0.0,-2.6
2026-03-24,H008,Wall Clock,Home & Living,TimeLess,10.0,35.0,32.07,63,2020.41,1390.41,68.82,33.84,84,0,1,3,Easter,0.0,-2.6
2026-03-25,H008,Wall Clock,Home & Living,TimeLess,10.0,35.0,32.26,58,1871.08,1291.08,69.0,36.0,99,0,2,3,Easter,0.0,-2.6
2026-03-26,H008,Wall Clock,Home & Living,TimeLess,10.0,35.0,34.86,49,1708.14,1218.14,71.31,31.41,110,0,3,3,Easter,0.0,-2.6
2026-03-27,H008,Wall Clock,Home & Living,TimeLess,10.0,35.0,36.41,43,1565.63,1135.63,72.54,32.75,102,0,4,3,Easter,0.0,-2.6
2026-03-28,H008,Wall Clock,Home & Living,TimeLess,10.0,35.0,36.74,51,1873.74,1363.74,72.78,34.83,98,1,5,3,Easter,0.0,-2.6
2026-03-29,H008,Wall Clock,Home & Living,TimeLess,10.0,35.0,37.24,48,1787.52,1307.52,73.15,33.7,111,1,6,3,Easter,0.0,-2.6
2026-03-30,H008,Wall Clock,Home & Living,TimeLess,10.0,35.0,39.07,43,1680.01,1250.01,74.4,35.94,102,0,0,3,Easter,0.0,-2.6
2026-03-31,H008,Wall Clock,Home & Living,TimeLess,10.0,35.0,38.7,38,1470.6,1090.6,74.16,32.37,113,0,1,3,Easter,0.0,-2.6
2026-04-01,H008,Wall Clock,Home & Living,TimeLess,10.0,35.0,42.85,32,1371.2,1051.2,76.66,39.67,124,0,2,4,Easter,0.0,-2.6
2026-04-02,H008,Wall Clock,Home & Living,TimeLess,10.0,35.0,41.38,34,1406.92,1066.92,75.83,35.63,122,0,3,4,Easter,0.0071,-2.6
2026-04-03,H008,Wall Clock,Home & Living,TimeLess,10.0,35.0,41.35,31,1281.85,971.85,75.82,30.25,127,0,4,4,Easter,0.0143,-2.6
2026-04-04,H008,Wall Clock,Home & Living,TimeLess,10.0,35.0,41.01,42,1722.42,1302.42,75.62,34.53,124,1,5,4,Easter,0.0214,-2.6
2026-04-05,H008,Wall Clock,Home & Living,TimeLess,10.0,35.0,38.39,46,1765.94,1305.94,73.95,33.93,111,1,6,4,Easter,0.0286,-2.6
2026-04-06,H008,Wall Clock,Home & Living,TimeLess,10.0,35.0,36.73,47,1726.31,1256.31,72.77,35.09,87,0,0,4,Easter,0.0357,-2.6
2026-04-07,H008,Wall Clock,Home & Living,TimeLess,10.0,35.0,39.08,38,1485.04,1105.04,74.41,35.57,122,0,1,4,Easter,0.0429,-2.6
2026-04-08,H008,Wall Clock,Home & Living,TimeLess,10.0,35.0,36.09,45,1624.05,1174.05,72.29,33.77,123,0,2,4,Easter,0.05,-2.6
2026-04-09,H008,Wall Clock,Home & Living,TimeLess,10.0,35.0,36.02,52,1873.04,1353.04,72.24,33.88,110,0,3,4,Easter,0.0571,-2.6
2026-04-10,H008,Wall Clock,Home & Living,TimeLess,10.0,35.0,36.6,40,1464.0,1064.0,72.68,32.17,130,0,4,4,Easter,0.0643,-2.6
2026-04-11,H008,Wall Clock,Home & Living,TimeLess,10.0,35.0,35.35,62,2191.7,1571.7,71.71,37.95,65,1,5,4,Easter,0.0714,-2.6
2026-04-12,H008,Wall Clock,Home & Living,TimeLess,10.0,35.0,33.8,74,2501.2,1761.2,70.41,33.38,39,1,6,4,Easter,0.1,-2.6
2026-04-13,H008,Wall Clock,Home & Living,TimeLess,10.0,35.0,31.91,71,2265.61,1555.61,68.66,33.45,60,0,0,4,Easter,0.1,-2.6
2026-04-14,H008,Wall Clock,Home & Living,TimeLess,10.0,35.0,31.45,72,2264.4,1544.4,68.2,32.46,45,0,1,4,Easter,0.1,-2.6
2026-04-15,H008,Wall Clock,Home & Living,TimeLess,10.0,35.0,30.23,58,1753.34,1173.34,66.92,32.01,75,0,2,4,Easter,0.1,-2.6
2026-04-16,H008,Wall Clock,Home & Living,TimeLess,10.0,35.0,30.57,74,2262.18,1522.18,67.29,37.84,50,0,3,4,Easter,0.1,-2.6
2026-04-17,H008,Wall Clock,Home & Living,TimeLess,10.0,35.0,30.82,83,2558.06,1728.06,67.55,31.2,53,0,4,4,Easter,0.1,-2.6
2026-04-18,H008,Wall Clock,Home & Living,TimeLess,10.0,35.0,29.25,107,3129.75,2059.75,65.81,31.7,5,1,5,4,Easter,0.1,-2.6
2026-04-19,H008,Wall Clock,Home & Living,TimeLess,10.0,35.0,30.44,86,2617.84,1757.84,67.15,34.68,39,1,6,4,Easter,0.0714,-2.6
2026-04-20,H008,Wall Clock,Home & Living,TimeLess,10.0,35.0,31.1,82,2550.2,1730.2,67.85,36.96,17,0,0,4,Easter,0.0643,-2.6
2026-04-21,H008,Wall Clock,Home & Living,TimeLess,10.0,35.0,32.18,59,1898.62,1308.62,68.92,29.85,63,0,1,4,Easter,0.0571,-2.6
2026-04-22,H008,Wall Clock,Home & Living,TimeLess,10.0,35.0,32.38,70,2266.6,1566.6,69.12,32.54,68,0,2,4,Easter,0.05,-2.6
2026-04-23,H008,Wall Clock,Home & Living,TimeLess,10.0,35.0,32.17,71,2284.07,1574.07,68.92,30.13,75,0,3,4,Easter,0.0429,-2.6
2026-04-24,H008,Wall Clock,Home & Living,TimeLess,10.0,35.0,33.11,59,1953.49,1363.49,69.8,34.91,93,0,4,4,Easter,0.0357,-2.6
2026-04-25,H008,Wall Clock,Home & Living,TimeLess,10.0,35.0,34.24,59,2020.16,1430.16,70.79,32.3,102,1,5,4,Easter,0.0286,-2.6
2026-04-26,H008,Wall Clock,Home & Living,TimeLess,10.0,35.0,36.44,48,1749.12,1269.12,72.56,39.47,90,1,6,4,Easter,0.0214,-2.6
2026-04-27,H008,Wall Clock,Home & Living,TimeLess,10.0,35.0,36.88,46,1696.48,1236.48,72.89,36.41,118,0,0,4,Easter,0.0143,-2.6
2026-04-28,H008,Wall Clock,Home & Living,TimeLess,10.0,35.0,37.34,47,1754.98,1284.98,73.22,31.59,103,0,1,4,Easter,0.0071,-2.6
2026-04-29,H008,Wall Clock,Home & Living,TimeLess,10.0,35.0,38.72,44,1703.68,1263.68,74.17,35.39,132,0,2,4,Mothers Day,0.0129,-2.6
2026-04-30,H008,Wall Clock,Home & Living,TimeLess,10.0,35.0,41.27,30,1238.1,938.1,75.77,33.59,136,0,3,4,Mothers Day,0.0257,-2.6
2026-05-01,H008,Wall Clock,Home & Living,TimeLess,10.0,35.0,40.38,37,1494.06,1124.06,75.24,35.44,137,0,4,5,Mothers Day,0.0386,-2.6
2026-05-02,H008,Wall Clock,Home & Living,TimeLess,10.0,35.0,39.8,44,1751.2,1311.2,74.87,32.4,113,1,5,5,Mothers Day,0.0514,-2.6
2026-05-03,H008,Wall Clock,Home & Living,TimeLess,10.0,35.0,43.07,38,1636.66,1256.66,76.78,39.47,130,1,6,5,Mothers Day,0.0643,-2.6
2026-05-04,H008,Wall Clock,Home & Living,TimeLess,10.0,35.0,40.74,36,1466.64,1106.64,75.45,37.99,116,0,0,5,Mothers Day,0.0771,-2.6
2026-05-05,H008,Wall Clock,Home & Living,TimeLess,10.0,35.0,39.95,37,1478.15,1108.15,74.97,35.63,138,0,1,5,Mothers Day,0.09,-2.6
2026-05-06,H008,Wall Clock,Home & Living,TimeLess,10.0,35.0,39.67,45,1785.15,1335.15,74.79,40.11,111,0,2,5,Mothers Day,0.1029,-2.6
2026-05-07,H008,Wall Clock,Home & Living,TimeLess,10.0,35.0,38.94,40,1557.6,1157.6,74.32,39.8,128,0,3,5,Mothers Day,0.1157,-2.6
2026-05-08,H008,Wall Clock,Home & Living,TimeLess,10.0,35.0,36.13,63,2276.19,1646.19,72.32,33.58,68,0,4,5,Mothers Day,0.1286,-2.6
2026-05-09,H008,Wall Clock,Home & Living,TimeLess,10.0,35.0,37.47,61,2285.67,1675.67,73.31,36.87,66,1,5,5,Mothers Day,0.18,-2.6
2026-05-10,H008,Wall Clock,Home & Living,TimeLess,10.0,35.0,36.54,61,2228.94,1618.94,72.63,34.74,79,1,6,5,Mothers Day,0.18,-2.6
