backend/data/transactions.csv
date,product_id,product_name,category,brand,cost,base_price,price,demand,revenue,profit,margin,competitor_price,stock,is_weekend,day_of_week,month,holiday_name,holiday_boost,elasticity
2026-02-09,D001,Artisan Coffee Beans 1kg,Food & Beverage,BeanCraft,8.0,22.99,23.47,57,1337.79,881.79,65.91,22.36,102,0,0,2,Valentines Day,0.1286,-1.3
2026-02-10,D001,Artisan Coffee Beans 1kg,Food & Beverage,BeanCraft,8.0,22.99,22.07,59,1302.13,830.13,63.75,24.57,94,0,1,2,Valentines Day,0.1429,-1.3
2026-02-11,D001,Artisan Coffee Beans 1kg,Food & Beverage,BeanCraft,8.0,22.99,22.3,55,1226.5,786.5,64.13,20.34,86,0,2,2,Valentines Day,0.2,-1.3
2026-02-12,D001,Artisan Coffee Beans 1kg,Food & Beverage,BeanCraft,8.0,22.99,20.7,71,1469.7,901.7,61.35,23.62,58,0,3,2,Valentines Day,0.2,-1.3
2026-02-13,D001,Artisan Coffee Beans 1kg,Food & Beverage,BeanCraft,8.0,22.99,20.56,66,1356.96,828.96,61.09,19.93,71,0,4,2,Valentines Day,0.2,-1.3
2026-02-14,D001,Artisan Coffee Beans 1kg,Food & Beverage,BeanCraft,8.0,22.99,19.96,86,1716.56,1028.56,59.92,20.08,30,1,5,2,Valentines Day,0.2,-1.3
2026-02-15,D001,Artisan Coffee Beans 1kg,Food & Beverage,BeanCraft,8.0,22.99,19.07,81,1544.67,896.67,58.05,25.4,39,1,6,2,Valentines Day,0.2,-1.3
2026-02-16,D001,Artisan Coffee Beans 1kg,Food & Beverage,BeanCraft,8.0,22.99,18.64,73,1360.72,776.72,57.08,25.82,41,0,0,2,Valentines Day,0.2,-1.3
2026-02-17,D001,Artisan Coffee Beans 1kg,Food & Beverage,BeanCraft,8.0,22.99,19.66,60,1179.6,699.6,59.31,21.36,68,0,1,2,Valentines Day,0.2,-1.3
2026-02-18,D001,Artisan Coffee Beans 1kg,Food & Beverage,BeanCraft,8.0,22.99,19.16,70,1341.2,781.2,58.25,19.94,55,0,2,2,Valentines Day,0.1429,-1.3
2026-02-19,D001,Artisan Coffee Beans 1kg,Food & Beverage,BeanCraft,8.0,22.99,20.3,72,1461.6,885.6,60.59,22.46,59,0,3,2,Valentines Day,0.1286,-1.3
2026-02-20,D001,Artisan Coffee Beans 1kg,Food & Beverage,BeanCraft,8.0,22.99,20.83,60,1249.8,769.8,61.59,19.92,87,0,4,2,Valentines Day,0.1143,-1.3
2026-02-21,D001,Artisan Coffee Beans 1kg,Food & Beverage,BeanCraft,8.0,22.99,21.04,68,1430.72,886.72,61.98,20.81,56,1,5,2,Valentines Day,0.1,-1.3
2026-02-22,D001,Artisan Coffee Beans 1kg,Food & Beverage,BeanCraft,8.0,22.99,21.28,67,1425.76,889.76,62.41,25.14,75,1,6,2,Valentines Day,0.0857,-1.3
2026-02-23,D001,Artisan Coffee Beans 1kg,Food & Beverage,BeanCraft,8.0,22.99,21.93,56,1228.08,780.08,63.52,24.49,95,0,0,2,Valentines Day,0.0714,-1.3
2026-02-24,D001,Artisan Coffee Beans 1kg,Food & Beverage,BeanCraft,8.0,22.99,22.95,50,1147.5,747.5,65.14,20.57,102,0,1,2,Valentines Day,0.0571,-1.3
2026-02-25,D001,Artisan Coffee Beans 1kg,Food & Beverage,BeanCraft,8.0,22.99,23.57,51,1202.07,794.07,66.06,25.37,78,0,2,2,Valentines Day,0.0429,-1.3
2026-02-26,D001,Artisan Coffee Beans 1kg,Food & Beverage,BeanCraft,8.0,22.99,24.84,43,1068.12,724.12,67.79,20.21,118,0,3,2,Valentines Day,0.0286,-1.3
2026-02-27,D001,Artisan Coffee Beans 1kg,Food & Beverage,BeanCraft,8.0,22.99,25.5,42,1071.0,735.0,68.63,20.39,104,0,4,2,Valentines Day,0.0143,-1.3
2026-02-28,D001,Artisan Coffee Beans 1kg,Food & Beverage,BeanCraft,8.0,22.99,25.51,46,1173.46,805.46,68.64,21.46,123,1,5,2,Valentines Day,0.0,-1.3
2026-03-01,D001,Artisan Coffee Beans 1kg,Food & Beverage,BeanCraft,8.0,22.99,27.08,42,1137.36,801.36,70.46,23.21,100,1,6,3,Valentines Day,0.0,-1.3
2026-03-02,D001,Artisan Coffee Beans 1kg,Food & Beverage,BeanCraft,8.0,22.99,25.82,34,877.88,605.88,69.02,22.8,139,0,0,3,Valentines Day,0.0,-1.3
2026-03-03,D001,Artisan Coffee Beans 1kg,Food & Beverage,BeanCraft,8.0,22.99,26.67,35,933.45,653.45,70.0,26.01,112,0,1,3,Valentines Day,0.0,-1.3
2026-03-04,D001,Artisan Coffee Beans 1kg,Food & Beverage,BeanCraft,8.0,22.99,25.73,33,849.09,585.09,68.91,21.82,125,0,2,3,Valentines Day,0.0,-1.3
2026-03-05,D001,Artisan Coffee Beans 1kg,Food & Beverage,BeanCraft,8.0,22.99,24.3,39,947.7,635.7,67.08,23.08,129,0,3,3,Valentines Day,0.0,-1.3
2026-03-06,D001,Artisan Coffee Beans 1kg,Food & Beverage,BeanCraft,8.0,22.99,25.0,34,850.0,578.0,68.0,20.69,126,0,4,3,Valentines Day,0.0,-1.3
2026-03-07,D001,Artisan Coffee Beans 1kg,Food & Beverage,BeanCraft,8.0,22.99,26.15,42,1098.3,762.3,69.41,24.14,105,1,5,3,Valentines Day,0.0,-1.3
2026-03-08,D001,Artisan Coffee Beans 1kg,Food & Beverage,BeanCraft,8.0,22.99,26.07,45,1173.15,813.15,69.31,22.88,112,1,6,3,Valentines Day,0.0,-1.3
2026-03-09,D001,Artisan Coffee Beans 1kg,Food & Beverage,BeanCraft,8.0,22.99,26.34,33,869.22,605.22,69.63,24.48,118,0,0,3,Valentines Day,0.0,-1.3
2026-03-10,D001,Artisan Coffee Beans 1kg,Food & Beverage,BeanCraft,8.0,22.99,23.31,41,955.71,627.71,65.68,20.0,137,0,1,3,Valentines Day,0.0,-1.3
2026-03-11,D001,Artisan Coffee Beans 1kg,Food & Beverage,BeanCraft,8.0,22.99,22.08,42,927.36,591.36,63.77,22.89,129,0,2,3,Valentines Day,0.0,-1.3
2026-03-12,D001,Artisan Coffee Beans 1kg,Food & Beverage,BeanCraft,8.0,22.99,22.37,43,961.91,617.91,64.24,21.98,118,0,3,3,Valentines Day,0.0,-1.3
2026-03-13,D001,Artisan Coffee Beans 1kg,Food & Beverage,BeanCraft,8.0,22.99,21.99,42,923.58,587.58,63.62,25.54,118,0,4,3,Valentines Day,0.0,-1.3
2026-03-14,D001,Artisan Coffee Beans 1kg,Food & Beverage,BeanCraft,8.0,22.99,20.14,51,1027.14,619.14,60.28,19.77,111,1,5,3,Valentines Day,0.0,-1.3
2026-03-15,D001,Artisan Coffee Beans 1kg,Food & Beverage,BeanCraft,8.0,22.99,19.09,57,1088.13,632.13,58.09,22.79,99,1,6,3,Valentines Day,0.0,-1.3
2026-03-16,D001,Artisan Coffee Beans 1kg,Food & Beverage,BeanCraft,8.0,22.99,19.08,49,934.92,542.92,58.07,22.12,95,0,0,3,Valentines Day,0.0,-1.3
2026-03-17,D001,Artisan Coffee Beans 1kg,Food & Beverage,BeanCraft,8.0,22.99,19.98,44,879.12,527.12,59.96,22.83,127,0,1,3,Easter,0.0,-1.3
2026-03-18,D001,Artisan Coffee Beans 1kg,Food & Beverage,BeanCraft,8.0,22.99,19.62,49,961.38,569.38,59.23,24.8,112,0,2,3,Easter,0.0,-1.3
2026-03-19,D001,Artisan Coffee Beans 1kg,Food & Beverage,BeanCraft,8.0,22.99,19.79,51,1009.29,601.29,59.58,25.94,91,0,3,3,Easter,0.0,-1.3
2026-03-20,D001,Artisan Coffee Beans 1kg,Food & Beverage,BeanCraft,8.0,22.99,19.48,50,974.0,574.0,58.93,19.59,90,0,4,3,Easter,0.0,-1.3
2026-03-21,D001,Artisan Coffee Beans 1kg,Food & Beverage,BeanCraft,8.0,22.99,19.81,54,1069.74,637.74,59.62,20.76,73,1,5,3,Easter,0.0,-1.3
2026-03-22,D001,Artisan Coffee Beans 1kg,Food & Beverage,BeanCraft,8.0,22.99,19.95,58,1157.1,693.1,59.9,25.83,100,1,6,3,Easter,0.0,-1.3
2026-03-23,D001,Artisan Coffee Beans 1kg,Food & Beverage,BeanCraft,8.0,22.99,21.87,47,1027.89,651.89,63.42,19.58,125,0,0,3,Easter,0.0,-1.3
2026-03-24,D001,Artisan Coffee Beans 1kg,Food & Beverage,BeanCraft,8.0,22.99,20.72,51,1056.72,648.72,61.39,25.7,90,0,1,3,Easter,0.0,-1.3
2026-03-25,D001,Artisan Coffee Beans 1kg,Food & Beverage,BeanCraft,8.0,22.99,21.65,44,952.6,600.6,63.05,25.9,98,0,2,3,Easter,0.0,-1.3
2026-03-26,D001,Artisan Coffee Beans 1kg,Food & Beverage,BeanCraft,8.0,22.99,23.21,35,812.35,532.35,65.53,24.81,135,0,3,3,Easter,0.0,-1.3
2026-03-27,D001,Artisan Coffee Beans 1kg,Food & Beverage,BeanCraft,8.0,22.99,23.59,43,1014.37,670.37,66.09,25.77,110,0,4,3,Easter,0.0,-1.3
2026-03-28,D001,Artisan Coffee Beans 1kg,Food & Beverage,BeanCraft,8.0,22.99,22.86,56,1280.16,832.16,65.0,22.63,99,1,5,3,Easter,0.0,-1.3
2026-03-29,D001,Artisan Coffee Beans 1kg,Food & Beverage,BeanCraft,8.0,22.99,23.66,46,1088.36,720.36,66.19,21.32,90,1,6,3,Easter,0.0,-1.3
2026-03-30,D001,Artisan Coffee Beans 1kg,Food & Beverage,BeanCraft,8.0,22.99,24.56,38,933.28,629.28,67.43,20.56,130,0,0,3,Easter,0.0,-1.3
2026-03-31,D001,Artisan Coffee Beans 1kg,Food & Beverage,BeanCraft,8.0,22.99,26.75,35,936.25,656.25,70.09,23.01,146,0,1,3,Easter,0.0,-1.3
2026-04-01,D001,Artisan Coffee Beans 1kg,Food & Beverage,BeanCraft,8.0,22.99,25.29,38,961.02,657.02,68.37,26.32,115,0,2,4,Easter,0.0,-1.3
2026-04-02,D001,Artisan Coffee Beans 1kg,Food & Beverage,BeanCraft,8.0,22.99,26.23,30,786.9,546.9,69.5,19.93,159,0,3,4,Easter,0.0071,-1.3
2026-04-03,D001,Artisan Coffee Beans 1kg,Food & Beverage,BeanCraft,8.0,22.99,27.35,38,1039.3,735.3,70.75,24.06,124,0,4,4,Easter,0.0143,-1.3
2026-04-04,D001,Artisan Coffee Beans 1kg,Food & Beverage,BeanCraft,8.0,22.99,26.33,39,1026.87,714.87,69.62,24.48,119,1,5,4,Easter,0.0214,-1.3
2026-04-05,D001,Artisan Coffee Beans 1kg,Food & Beverage,BeanCraft,8.0,22.99,25.44,44,1119.36,767.36,68.55,21.07,98,1,6,4,Easter,0.0286,-1.3
2026-04-06,D001,Artisan Coffee Beans 1kg,Food & Beverage,BeanCraft,8.0,22.99,26.26,34,892.84,620.84,69.54,25.25,127,0,0,4,Easter,0.0357,-1.3
2026-04-07,D001,Artisan Coffee Beans 1kg,Food & Beverage,BeanCraft,8.0,22.99,26.12,38,992.56,688.56,69.37,21.21,111,0,1,4,Easter,0.0429,-1.3
2026-04-08,D001,Artisan Coffee Beans 1kg,Food & Beverage,BeanCraft,8.0,22.99,24.45,40,978.0,658.0,67.28,26.31,114,0,2,4,Easter,0.05,-1.3
2026-04-09,D001,Artisan Coffee Beans 1kg,Food & Beverage,BeanCraft,8.0,22.99,23.03,45,1036.35,676.35,65.26,21.34,110,0,3,4,Easter,0.0571,-1.3
2026-04-10,D001,Artisan Coffee Beans 1kg,Food & Beverage,BeanCraft,8.0,22.99,22.35,43,961.05,617.05,64.21,21.35,95,0,4,4,Easter,0.0643,-1.3
2026-04-11,D001,Artisan Coffee Beans 1kg,Food & Beverage,BeanCraft,8.0,22.99,22.22,60,1333.2,853.2,64.0,20.19,67,1,5,4,Easter,0.0714,-1.3
2026-04-12,D001,Artisan Coffee Beans 1kg,Food & Beverage,BeanCraft,8.0,22.99,21.75,51,1109.25,701.25,63.22,20.19,108,1,6,4,Easter,0.1,-1.3
2026-04-13,D001,Artisan Coffee Beans 1kg,Food & Beverage,BeanCraft,8.0,22.99,21.19,52,1101.88,685.88,62.25,20.04,109,0,0,4,Easter,0.1,-1.3
2026-04-14,D001,Artisan Coffee Beans 1kg,Food & Beverage,BeanCraft,8.0,22.99,21.26,49,1041.74,649.74,62.37,23.68,109,0,1,4,Easter,0.1,-1.3
2026-04-15,D001,Artisan Coffee Beans 1kg,Food & Beverage,BeanCraft,8.0,22.99,19.52,65,1268.8,748.8,59.02,19.81,51,0,2,4,Easter,0.1,-1.3
2026-04-16,D001,Artisan Coffee Beans 1kg,Food & Beverage,BeanCraft,8.0,22.99,19.94,50,997.0,597.0,59.88,23.45,102,0,3,4,Easter,0.1,-1.3
2026-04-17,D001,Artisan Coffee Beans 1kg,Food & Beverage,BeanCraft,8.0,22.99,19.54,53,1035.62,611.62,59.06,25.92,90,0,4,4,Easter,0.1,-1.3
2026-04-18,D001,Artisan Coffee Beans 1kg,Food & Beverage,BeanCraft,8.0,22.99,20.44,62,1267.28,771.28,60.86,24.95,77,1,5,4,Easter,0.1,-1.3
2026-04-19,D001,Artisan Coffee Beans 1kg,Food & Beverage,BeanCraft,8.0,22.99,19.49,67,1305.83,769.83,58.95,25.67,56,1,6,4,Easter,0.0714,-1.3
2026-04-20,D001,Artisan Coffee Beans 1kg,Food & Beverage,BeanCraft,8.0,22.99,19.93,52,1036.36,620.36,59.86,25.03,93,0,0,4,Easter,0.0643,-1.3
2026-04-21,D001,Artisan Coffee Beans 1kg,Food & Beverage,BeanCraft,8.0,22.99,19.92,48,956.16,572.16,59.84,25.76,117,0,1,4,Easter,0.0571,-1.3
2026-04-22,D001,Artisan Coffee Beans 1kg,Food & Beverage,BeanCraft,8.0,22.99,22.43,47,1054.21,678.21,64.33,22.81,102,0,2,4,Easter,0.05,-1.3
2026-04-23,D001,Artisan Coffee Beans 1kg,Food & Beverage,BeanCraft,8.0,22.99,20.34,46,935.64,567.64,60.67,22.98,106,0,3,4,Easter,0.0429,-1.3
2026-04-24,D001,Artisan Coffee Beans 1kg,Food & Beverage,BeanCraft,8.0,22.99,21.49,46,988.54,620.54,62.77,23.08,98,0,4,4,Easter,0.0357,-1.3
2026-04-25,D001,Artisan Coffee Beans 1kg,Food & Beverage,BeanCraft,8.0,22.99,22.7,54,1225.8,793.8,64.76,23.86,101,1,5,4,Easter,0.0286,-1.3
2026-04-26,D001,Artisan Coffee Beans 1kg,Food & Beverage,BeanCraft,8.0,22.99,23.48,54,1267.92,835.92,65.93,22.22,87,1,6,4,Easter,0.0214,-1.3
2026-04-27,D001,Artisan Coffee Beans 1kg,Food & Beverage,BeanCraft,8.0,22.99,24.33,45,1094.85,734.85,67.12,25.4,125,0,0,4,Easter,0.0143,-1.3
2026-04-28,D001,Artisan Coffee Beans 1kg,Food & Beverage,BeanCraft,8.0,22.99,24.88,36,895.68,607.68,67.85,23.89,120,0,1,4,Easter,0.0071,-1.3
2026-04-29,D001,Artisan Coffee Beans 1kg,Food & Beverage,BeanCraft,8.0,22.99,26.21,37,969.77,673.77,69.48,20.93,115,0,2,4,Mothers Day,0.0129,-1.3
2026-04-30,D001,Artisan Coffee Beans 1kg,Food & Beverage,BeanCraft,8.0,22.99,25.08,37,927.96,631.96,68.1,21.65,119,0,3,4,Mothers Day,0.0257,-1.3
2026-05-01,D001,Artisan Coffee Beans 1kg,Food & Beverage,BeanCraft,8.0,22.99,25.98,34,883.32,611.32,69.21,24.98,119,0,4,5,Mothers Day,0.0386,-1.3
2026-05-02,D001,Artisan Coffee Beans 1kg,Food & Beverage,BeanCraft,8.0,22.99,26.47,40,1058.8,738.8,69.78,26.27,113,1,5,5,Mothers Day,0.0514,-1.3
2026-05-03,D001,Artisan Coffee Beans 1kg,Food & Beverage,BeanCraft,8.0,22.99,26.55,38,1008.9,704.9,69.87,25.79,135,1,6,5,Mothers Day,0.0643,-1.3
2026-05-04,D001,Artisan Coffee Beans 1kg,Food & Beverage,BeanCraft,8.0,22.99,25.23,42,1059.66,723.66,68.29,23.28,100,0,0,5,Mothers Day,0.0771,-1.3
2026-05-05,D001,Artisan Coffee Beans 1kg,Food & Beverage,BeanCraft,8.0,22.99,26.78,39,1044.42,732.42,70.13,26.2,112,0,1,5,Mothers Day,0.09,-1.3
2026-05-06,D001,Artisan Coffee Beans 1kg,Food & Beverage,BeanCraft,8.0,22.99,25.58,38,972.04,668.04,68.73,24.42,136,0,2,5,Mothers Day,0.1029,-1.3
2026-05-07,D001,Artisan Coffee Beans 1kg,Food & Beverage,BeanCraft,8.0,22.99,24.59,39,959.01,647.01,67.47,23.08,115,0,3,5,Mothers Day,0.1157,-1.3
2026-05-08,D001,Artisan Coffee Beans 1kg,Food & Beverage,BeanCraft,8.0,22.99,24.34,46,1119.64,751.64,67.13,25.06,111,0,4,5,Mothers Day,0.1286,-1.3
2026-05-09,D001,Artisan Coffee Beans 1kg,Food & Beverage,BeanCraft,8.0,22.99,23.23,59,1370.57,898.57,65.56,25.28,73,1,5,5,Mothers Day,0.18,-1.3
2026-05-10,D001,Artisan Coffee Beans 1kg,Food & Beverage,BeanCraft,8.0,22.99,21.98,59,1296.82,824.82,63.6,22.82,75,1,6,5,Mothers Day,0.18,-1.3
