backend/data/transactions.csv
date,product_id,product_name,category,brand,cost,base_price,price,demand,revenue,profit,margin,competitor_price,stock,is_weekend,day_of_week,month,holiday_name,holiday_boost,elasticity
2026-02-09,D002,Organic Matcha Powder,Food & Beverage,ZenLeaf,10.0,29.99,30.39,53,1610.67,1080.67,67.09,34.35,75,0,0,2,Valentines Day,0.1286,-1.6
2026-02-10,D002,Organic Matcha Powder,Food & Beverage,ZenLeaf,10.0,29.99,28.11,68,1911.48,1231.48,64.43,25.86,60,0,1,2,Valentines Day,0.1429,-1.6
2026-02-11,D002,Organic Matcha Powder,Food & Beverage,ZenLeaf,10.0,29.99,28.2,81,2284.2,1474.2,64.54,33.35,21,0,2,2,Valentines Day,0.2,-1.6
2026-02-12,D002,Organic Matcha Powder,Food & Beverage,ZenLeaf,10.0,29.99,28.38,72,2043.36,1323.36,64.76,31.51,74,0,3,2,Valentines Day,0.2,-1.6
2026-02-13,D002,Organic Matcha Powder,Food & Beverage,ZenLeaf,10.0,29.99,24.49,79,1934.71,1144.71,59.17,28.28,40,0,4,2,Valentines Day,0.2,-1.6
2026-02-14,D002,Organic Matcha Powder,Food & Beverage,ZenLeaf,10.0,29.99,25.05,78,1953.9,1173.9,60.08,34.3,28,1,5,2,Valentines Day,0.2,-1.6
2026-02-15,D002,Organic Matcha Powder,Food & Beverage,ZenLeaf,10.0,29.99,25.68,95,2439.6,1489.6,61.06,31.1,23,1,6,2,Valentines Day,0.2,-1.6
2026-02-16,D002,Organic Matcha Powder,Food & Beverage,ZenLeaf,10.0,29.99,24.65,70,1725.5,1025.5,59.43,29.18,55,0,0,2,Valentines Day,0.2,-1.6
2026-02-17,D002,Organic Matcha Powder,Food & Beverage,ZenLeaf,10.0,29.99,24.72,82,2027.04,1207.04,59.55,31.06,22,0,1,2,Valentines Day,0.2,-1.6
2026-02-18,D002,Organic Matcha Powder,Food & Beverage,ZenLeaf,10.0,29.99,25.5,75,1912.5,1162.5,60.78,28.34,57,0,2,2,Valentines Day,0.1429,-1.6
2026-02-19,D002,Organic Matcha Powder,Food & Beverage,ZenLeaf,10.0,29.99,26.47,70,1852.9,1152.9,62.22,33.36,54,0,3,2,Valentines Day,0.1286,-1.6
2026-02-20,D002,Organic Matcha Powder,Food & Beverage,ZenLeaf,10.0,29.99,27.44,60,1646.4,1046.4,63.56,33.66,69,0,4,2,Valentines Day,0.1143,-1.6
2026-02-21,D002,Organic Matcha Powder,Food & Beverage,ZenLeaf,10.0,29.99,27.1,79,2140.9,1350.9,63.1,34.28,33,1,5,2,Valentines Day,0.1,-1.6
2026-02-22,D002,Organic Matcha Powder,Food & Beverage,ZenLeaf,10.0,29.99,28.41,79,2244.39,1454.39,64.8,29.79,31,1,6,2,Valentines Day,0.0857,-1.6
2026-02-23,D002,Organic Matcha Powder,Food & Beverage,ZenLeaf,10.0,29.99,28.24,62,1750.88,1130.88,64.59,30.47,66,0,0,2,Valentines Day,0.0714,-1.6
2026-02-24,D002,Organic Matcha Powder,Food & Beverage,ZenLeaf,10.0,29.99,29.42,52,1529.84,1009.84,66.01,29.22,85,0,1,2,Valentines Day,0.0571,-1.6
2026-02-25,D002,Organic Matcha Powder,Food & Beverage,ZenLeaf,10.0,29.99,31.9,48,1531.2,1051.2,68.65,31.9,107,0,2,2,Valentines Day,0.0429,-1.6
2026-02-26,D002,Organic Matcha Powder,Food & Beverage,ZenLeaf,10.0,29.99,32.06,45,1442.7,992.7,68.81,26.99,121,0,3,2,Valentines Day,0.0286,-1.6
2026-02-27,D002,Organic Matcha Powder,Food & Beverage,ZenLeaf,10.0,29.99,32.18,40,1287.2,887.2,68.92,28.64,134,0,4,2,Valentines Day,0.0143,-1.6
2026-02-28,D002,Organic Matcha Powder,Food & Beverage,ZenLeaf,10.0,29.99,33.5,45,1507.5,1057.5,70.15,26.77,118,1,5,2,Valentines Day,0.0,-1.6
2026-03-01,D002,Organic Matcha Powder,Food & Beverage,ZenLeaf,10.0,29.99,33.76,44,1485.44,1045.44,70.38,29.88,129,1,6,3,Valentines Day,0.0,-1.6
2026-03-02,D002,Organic Matcha Powder,Food & Beverage,ZenLeaf,10.0,29.99,32.68,46,1503.28,1043.28,69.4,30.69,116,0,0,3,Valentines Day,0.0,-1.6
2026-03-03,D002,Organic Matcha Powder,Food & Beverage,ZenLeaf,10.0,29.99,33.79,35,1182.65,832.65,70.41,32.56,125,0,1,3,Valentines Day,0.0,-1.6
2026-03-04,D002,Organic Matcha Powder,Food & Beverage,ZenLeaf,10.0,29.99,34.7,32,1110.4,790.4,71.18,33.41,152,0,2,3,Valentines Day,0.0,-1.6
2026-03-05,D002,Organic Matcha Powder,Food & Beverage,ZenLeaf,10.0,29.99,33.84,38,1285.92,905.92,70.45,30.9,128,0,3,3,Valentines Day,0.0,-1.6
2026-03-06,D002,Organic Matcha Powder,Food & Beverage,ZenLeaf,10.0,29.99,34.57,33,1140.81,810.81,71.07,30.02,133,0,4,3,Valentines Day,0.0,-1.6
2026-03-07,D002,Organic Matcha Powder,Food & Beverage,ZenLeaf,10.0,29.99,33.33,42,1399.86,979.86,70.0,27.1,117,1,5,3,Valentines Day,0.0,-1.6
2026-03-08,D002,Organic Matcha Powder,Food & Beverage,ZenLeaf,10.0,29.99,33.14,44,1458.16,1018.16,69.82,32.59,120,1,6,3,Valentines Day,0.0,-1.6
2026-03-09,D002,Organic Matcha Powder,Food & Beverage,ZenLeaf,10.0,29.99,32.36,37,1197.32,827.32,69.1,33.53,114,0,0,3,Valentines Day,0.0,-1.6
2026-03-10,D002,Organic Matcha Powder,Food & Beverage,ZenLeaf,10.0,29.99,31.02,44,1364.88,924.88,67.76,31.31,114,0,1,3,Valentines Day,0.0,-1.6
2026-03-11,D002,Organic Matcha Powder,Food & Beverage,ZenLeaf,10.0,29.99,31.98,39,1247.22,857.22,68.73,30.01,122,0,2,3,Valentines Day,0.0,-1.6
2026-03-12,D002,Organic Matcha Powder,Food & Beverage,ZenLeaf,10.0,29.99,28.57,43,1228.51,798.51,65.0,26.92,102,0,3,3,Valentines Day,0.0,-1.6
2026-03-13,D002,Organic Matcha Powder,Food & Beverage,ZenLeaf,10.0,29.99,28.71,40,1148.4,748.4,65.17,30.98,106,0,4,3,Valentines Day,0.0,-1.6
2026-03-14,D002,Organic Matcha Powder,Food & Beverage,ZenLeaf,10.0,29.99,27.91,58,1618.78,1038.78,64.17,27.63,76,1,5,3,Valentines Day,0.0,-1.6
2026-03-15,D002,Organic Matcha Powder,Food & Beverage,ZenLeaf,10.0,29.99,26.19,62,1623.78,1003.78,61.82,29.25,78,1,6,3,Valentines Day,0.0,-1.6
2026-03-16,D002,Organic Matcha Powder,Food & Beverage,ZenLeaf,10.0,29.99,25.9,48,1243.2,763.2,61.39,30.9,97,0,0,3,Valentines Day,0.0,-1.6
2026-03-17,D002,Organic Matcha Powder,Food & Beverage,ZenLeaf,10.0,29.99,26.2,55,1441.0,891.0,61.83,28.4,104,0,1,3,Easter,0.0,-1.6
2026-03-18,D002,Organic Matcha Powder,Food & Beverage,ZenLeaf,10.0,29.99,25.13,67,1683.71,1013.71,60.21,33.66,61,0,2,3,Easter,0.0,-1.6
2026-03-19,D002,Organic Matcha Powder,Food & Beverage,ZenLeaf,10.0,29.99,25.52,47,1199.44,729.44,60.82,29.59,100,0,3,3,Easter,0.0,-1.6
2026-03-20,D002,Organic Matcha Powder,Food & Beverage,ZenLeaf,10.0,29.99,26.66,55,1466.3,916.3,62.49,33.17,109,0,4,3,Easter,0.0,-1.6
2026-03-21,D002,Organic Matcha Powder,Food & Beverage,ZenLeaf,10.0,29.99,26.92,54,1453.68,913.68,62.85,29.04,99,1,5,3,Easter,0.0,-1.6
2026-03-22,D002,Organic Matcha Powder,Food & Beverage,ZenLeaf,10.0,29.99,26.84,59,1583.56,993.56,62.74,32.05,100,1,6,3,Easter,0.0,-1.6
2026-03-23,D002,Organic Matcha Powder,Food & Beverage,ZenLeaf,10.0,29.99,27.19,55,1495.45,945.45,63.22,27.76,85,0,0,3,Easter,0.0,-1.6
2026-03-24,D002,Organic Matcha Powder,Food & Beverage,ZenLeaf,10.0,29.99,28.18,46,1296.28,836.28,64.51,30.04,109,0,1,3,Easter,0.0,-1.6
2026-03-25,D002,Organic Matcha Powder,Food & Beverage,ZenLeaf,10.0,29.99,28.69,42,1204.98,784.98,65.14,29.31,110,0,2,3,Easter,0.0,-1.6
2026-03-26,D002,Organic Matcha Powder,Food & Beverage,ZenLeaf,10.0,29.99,30.09,47,1414.23,944.23,66.77,30.64,120,0,3,3,Easter,0.0,-1.6
2026-03-27,D002,Organic Matcha Powder,Food & Beverage,ZenLeaf,10.0,29.99,30.63,42,1286.46,866.46,67.35,31.91,113,0,4,3,Easter,0.0,-1.6
2026-03-28,D002,Organic Matcha Powder,Food & Beverage,ZenLeaf,10.0,29.99,31.65,45,1424.25,974.25,68.4,29.88,104,1,5,3,Easter,0.0,-1.6
2026-03-29,D002,Organic Matcha Powder,Food & Beverage,ZenLeaf,10.0,29.99,33.39,38,1268.82,888.82,70.05,32.41,114,1,6,3,Easter,0.0,-1.6
2026-03-30,D002,Organic Matcha Powder,Food & Beverage,ZenLeaf,10.0,29.99,32.0,42,1344.0,924.0,68.75,27.71,96,0,0,3,Easter,0.0,-1.6
2026-03-31,D002,Organic Matcha Powder,Food & Beverage,ZenLeaf,10.0,29.99,33.41,35,1169.35,819.35,70.07,31.0,117,0,1,3,Easter,0.0,-1.6
2026-04-01,D002,Organic Matcha Powder,Food & Beverage,ZenLeaf,10.0,29.99,36.48,33,1203.84,873.84,72.59,28.17,115,0,2,4,Easter,0.0,-1.6
2026-04-02,D002,Organic Matcha Powder,Food & Beverage,ZenLeaf,10.0,29.99,33.69,39,1313.91,923.91,70.32,32.66,119,0,3,4,Easter,0.0071,-1.6
2026-04-03,D002,Organic Matcha Powder,Food & Beverage,ZenLeaf,10.0,29.99,35.19,26,914.94,654.94,71.58,31.91,139,0,4,4,Easter,0.0143,-1.6
2026-04-04,D002,Organic Matcha Powder,Food & Beverage,ZenLeaf,10.0,29.99,34.4,37,1272.8,902.8,70.93,28.43,124,1,5,4,Easter,0.0214,-1.6
2026-04-05,D002,Organic Matcha Powder,Food & Beverage,ZenLeaf,10.0,29.99,33.81,49,1656.69,1166.69,70.42,31.07,104,1,6,4,Easter,0.0286,-1.6
2026-04-06,D002,Organic Matcha Powder,Food & Beverage,ZenLeaf,10.0,29.99,34.13,39,1331.07,941.07,70.7,30.3,129,0,0,4,Easter,0.0357,-1.6
2026-04-07,D002,Organic Matcha Powder,Food & Beverage,ZenLeaf,10.0,29.99,32.47,43,1396.21,966.21,69.2,29.21,125,0,1,4,Easter,0.0429,-1.6
2026-04-08,D002,Organic Matcha Powder,Food & Beverage,ZenLeaf,10.0,29.99,31.17,43,1340.31,910.31,67.92,33.52,95,0,2,4,Easter,0.05,-1.6
2026-04-09,D002,Organic Matcha Powder,Food & Beverage,ZenLeaf,10.0,29.99,31.67,44,1393.48,953.48,68.42,34.07,94,0,3,4,Easter,0.0571,-1.6
2026-04-10,D002,Organic Matcha Powder,Food & Beverage,ZenLeaf,10.0,29.99,28.71,56,1607.76,1047.76,65.17,28.47,72,0,4,4,Easter,0.0643,-1.6
2026-04-11,D002,Organic Matcha Powder,Food & Beverage,ZenLeaf,10.0,29.99,28.24,71,2005.04,1295.04,64.59,26.43,62,1,5,4,Easter,0.0714,-1.6
2026-04-12,D002,Organic Matcha Powder,Food & Beverage,ZenLeaf,10.0,29.99,28.94,61,1765.34,1155.34,65.45,33.64,74,1,6,4,Easter,0.1,-1.6
2026-04-13,D002,Organic Matcha Powder,Food & Beverage,ZenLeaf,10.0,29.99,26.6,55,1463.0,913.0,62.41,29.41,86,0,0,4,Easter,0.1,-1.6
2026-04-14,D002,Organic Matcha Powder,Food & Beverage,ZenLeaf,10.0,29.99,28.27,59,1667.93,1077.93,64.63,32.24,82,0,1,4,Easter,0.1,-1.6
2026-04-15,D002,Organic Matcha Powder,Food & Beverage,ZenLeaf,10.0,29.99,25.95,58,1505.1,925.1,61.46,25.91,92,0,2,4,Easter,0.1,-1.6
2026-04-16,D002,Organic Matcha Powder,Food & Beverage,ZenLeaf,10.0,29.99,25.52,67,1709.84,1039.84,60.82,33.85,70,0,3,4,Easter,0.1,-1.6
2026-04-17,D002,Organic Matcha Powder,Food & Beverage,ZenLeaf,10.0,29.99,26.44,59,1559.96,969.96,62.18,28.16,76,0,4,4,Easter,0.1,-1.6
2026-04-18,D002,Organic Matcha Powder,Food & Beverage,ZenLeaf,10.0,29.99,25.65,69,1769.85,1079.85,61.01,29.18,82,1,5,4,Easter,0.1,-1.6
2026-04-19,D002,Organic Matcha Powder,Food & Beverage,ZenLeaf,10.0,29.99,28.04,52,1458.08,938.08,64.34,30.26,89,1,6,4,Easter,0.0714,-1.6
2026-04-20,D002,Organic Matcha Powder,Food & Beverage,ZenLeaf,10.0,29.99,25.76,60,1545.6,945.6,61.18,32.48,85,0,0,4,Easter,0.0643,-1.6
2026-04-21,D002,Organic Matcha Powder,Food & Beverage,ZenLeaf,10.0,29.99,25.29,57,1441.53,871.53,60.46,33.23,94,0,1,4,Easter,0.0571,-1.6
2026-04-22,D002,Organic Matcha Powder,Food & Beverage,ZenLeaf,10.0,29.99,29.32,50,1466.0,966.0,65.89,26.31,99,0,2,4,Easter,0.05,-1.6
2026-04-23,D002,Organic Matcha Powder,Food & Beverage,ZenLeaf,10.0,29.99,27.65,48,1327.2,847.2,63.83,31.44,120,0,3,4,Easter,0.0429,-1.6
2026-04-24,D002,Organic Matcha Powder,Food & Beverage,ZenLeaf,10.0,29.99,27.86,48,1337.28,857.28,64.11,31.33,119,0,4,4,Easter,0.0357,-1.6
2026-04-25,D002,Organic Matcha Powder,Food & Beverage,ZenLeaf,10.0,29.99,30.5,51,1555.5,1045.5,67.21,30.32,108,1,5,4,Easter,0.0286,-1.6
2026-04-26,D002,Organic Matcha Powder,Food & Beverage,ZenLeaf,10.0,29.99,30.58,45,1376.1,926.1,67.3,29.0,110,1,6,4,Easter,0.0214,-1.6
2026-04-27,D002,Organic Matcha Powder,Food & Beverage,ZenLeaf,10.0,29.99,31.65,39,1234.35,844.35,68.4,28.71,114,0,0,4,Easter,0.0143,-1.6
2026-04-28,D002,Organic Matcha Powder,Food & Beverage,ZenLeaf,10.0,29.99,33.36,37,1234.32,864.32,70.02,34.15,132,0,1,4,Easter,0.0071,-1.6
2026-04-29,D002,Organic Matcha Powder,Food & Beverage,ZenLeaf,10.0,29.99,33.42,40,1336.8,936.8,70.08,27.37,121,0,2,4,Mothers Day,0.0129,-1.6
2026-04-30,D002,Organic Matcha Powder,Food & Beverage,ZenLeaf,10.0,29.99,35.35,35,1237.25,887.25,71.71,27.47,125,0,3,4,Mothers Day,0.0257,-1.6
2026-05-01,D002,Organic Matcha Powder,Food & Beverage,ZenLeaf,10.0,29.99,34.62,35,1211.7,861.7,71.11,29.49,140,0,4,5,Mothers Day,0.0386,-1.6
2026-05-02,D002,Organic Matcha Powder,Food & Beverage,ZenLeaf,10.0,29.99,33.71,46,1550.66,1090.66,70.34,30.64,124,1,5,5,Mothers Day,0.0514,-1.6
2026-05-03,D002,Organic Matcha Powder,Food & Beverage,ZenLeaf,10.0,29.99,35.07,41,1437.87,1027.87,71.49,27.42,101,1,6,5,Mothers Day,0.0643,-1.6
2026-05-04,D002,Organic Matcha Powder,Food & Beverage,ZenLeaf,10.0,29.99,34.48,40,1379.2,979.2,71.0,28.93,137,0,0,5,Mothers Day,0.0771,-1.6
2026-05-05,D002,Organic Matcha Powder,Food & Beverage,ZenLeaf,10.0,29.99,35.1,29,1017.9,727.9,71.51,29.51,145,0,1,5,Mothers Day,0.09,-1.6
2026-05-06,D002,Organic Matcha Powder,Food & Beverage,ZenLeaf,10.0,29.99,32.77,41,1343.57,933.57,69.48,33.43,116,0,2,5,Mothers Day,0.1029,-1.6
2026-05-07,D002,Organic Matcha Powder,Food & Beverage,ZenLeaf,10.0,29.99,31.68,45,1425.6,975.6,68.43,25.52,100,0,3,5,Mothers Day,0.1157,-1.6
2026-05-08,D002,Organic Matcha Powder,Food & Beverage,ZenLeaf,10.0,29.99,31.3,46,1439.8,979.8,68.05,33.67,97,0,4,5,Mothers Day,0.1286,-1.6
2026-05-09,D002,Organic Matcha Powder,Food & Beverage,ZenLeaf,10.0,29.99,30.43,54,1643.22,1103.22,67.14,25.62,103,1,5,5,Mothers Day,0.18,-1.6
2026-05-10,D002,Organic Matcha Powder,Food & Beverage,ZenLeaf,10.0,29.99,30.25,62,1875.5,1255.5,66.94,27.18,67,1,6,5,Mothers Day,0.18,-1.6
