backend/data/transactions.csv
date,product_id,product_name,category,brand,cost,base_price,price,demand,revenue,profit,margin,competitor_price,stock,is_weekend,day_of_week,month,holiday_name,holiday_boost,elasticity
2026-02-09,D003,Protein Bar Box (12pk),Food & Beverage,FuelBar,7.0,19.99,20.36,64,1303.04,855.04,65.62,18.47,81,0,0,2,Valentines Day,0.1286,-2.6
2026-02-10,D003,Protein Bar Box (12pk),Food & Beverage,FuelBar,7.0,19.99,18.3,83,1518.9,937.9,61.75,19.73,17,0,1,2,Valentines Day,0.1429,-2.6
2026-02-11,D003,Protein Bar Box (12pk),Food & Beverage,FuelBar,7.0,19.99,18.39,95,1747.05,1082.05,61.94,21.34,5,0,2,2,Valentines Day,0.2,-2.6
2026-02-12,D003,Protein Bar Box (12pk),Food & Beverage,FuelBar,7.0,19.99,18.32,92,1685.44,1041.44,61.79,22.8,15,0,3,2,Valentines Day,0.2,-2.6
2026-02-13,D003,Protein Bar Box (12pk),Food & Beverage,FuelBar,7.0,19.99,17.28,117,2021.76,1202.76,59.49,18.1,5,0,4,2,Valentines Day,0.2,-2.6
2026-02-14,D003,Protein Bar Box (12pk),Food & Beverage,FuelBar,7.0,19.99,17.51,109,1908.59,1145.59,60.02,20.75,5,1,5,2,Valentines Day,0.2,-2.6
2026-02-15,D003,Protein Bar Box (12pk),Food & Beverage,FuelBar,7.0,19.99,16.67,136,2267.12,1315.12,58.01,20.32,5,1,6,2,Valentines Day,0.2,-2.6
2026-02-16,D003,Protein Bar Box (12pk),Food & Beverage,FuelBar,7.0,19.99,16.48,113,1862.24,1071.24,57.52,17.06,5,0,0,2,Valentines Day,0.2,-2.6
2026-02-17,D003,Protein Bar Box (12pk),Food & Beverage,FuelBar,7.0,19.99,16.35,128,2092.8,1196.8,57.19,20.04,5,0,1,2,Valentines Day,0.2,-2.6
2026-02-18,D003,Protein Bar Box (12pk),Food & Beverage,FuelBar,7.0,19.99,16.62,125,2077.5,1202.5,57.88,19.23,5,0,2,2,Valentines Day,0.1429,-2.6
2026-02-19,D003,Protein Bar Box (12pk),Food & Beverage,FuelBar,7.0,19.99,17.67,85,1501.95,906.95,60.38,19.18,44,0,3,2,Valentines Day,0.1286,-2.6
2026-02-20,D003,Protein Bar Box (12pk),Food & Beverage,FuelBar,7.0,19.99,18.12,96,1739.52,1067.52,61.37,19.18,5,0,4,2,Valentines Day,0.1143,-2.6
2026-02-21,D003,Protein Bar Box (12pk),Food & Beverage,FuelBar,7.0,19.99,18.18,109,1981.62,1218.62,61.5,18.34,5,1,5,2,Valentines Day,0.1,-2.6
2026-02-22,D003,Protein Bar Box (12pk),Food & Beverage,FuelBar,7.0,19.99,19.06,81,1543.86,976.86,63.27,18.36,39,1,6,2,Valentines Day,0.0857,-2.6
2026-02-23,D003,Protein Bar Box (12pk),Food & Beverage,FuelBar,7.0,19.99,20.69,52,1075.88,711.88,66.17,22.25,111,0,0,2,Valentines Day,0.0714,-2.6
2026-02-24,D003,Protein Bar Box (12pk),Food & Beverage,FuelBar,7.0,19.99,19.8,65,1287.0,832.0,64.65,19.55,74,0,1,2,Valentines Day,0.0571,-2.6
2026-02-25,D003,Protein Bar Box (12pk),Food & Beverage,FuelBar,7.0,19.99,21.8,53,1155.4,784.4,67.89,17.92,100,0,2,2,Valentines Day,0.0429,-2.6
2026-02-26,D003,Protein Bar Box (12pk),Food & Beverage,FuelBar,7.0,19.99,21.55,48,1034.4,698.4,67.52,19.03,112,0,3,2,Valentines Day,0.0286,-2.6
2026-02-27,D003,Protein Bar Box (12pk),Food & Beverage,FuelBar,7.0,19.99,21.68,47,1018.96,689.96,67.71,21.22,95,0,4,2,Valentines Day,0.0143,-2.6
2026-02-28,D003,Protein Bar Box (12pk),Food & Beverage,FuelBar,7.0,19.99,22.54,55,1239.7,854.7,68.94,20.52,84,1,5,2,Valentines Day,0.0,-2.6
2026-03-01,D003,Protein Bar Box (12pk),Food & Beverage,FuelBar,7.0,19.99,24.09,35,843.15,598.15,70.94,19.82,138,1,6,3,Valentines Day,0.0,-2.6
2026-03-02,D003,Protein Bar Box (12pk),Food & Beverage,FuelBar,7.0,19.99,22.02,39,858.78,585.78,68.21,18.27,102,0,0,3,Valentines Day,0.0,-2.6
2026-03-03,D003,Protein Bar Box (12pk),Food & Beverage,FuelBar,7.0,19.99,23.6,31,731.6,514.6,70.34,21.75,126,0,1,3,Valentines Day,0.0,-2.6
2026-03-04,D003,Protein Bar Box (12pk),Food & Beverage,FuelBar,7.0,19.99,22.97,37,849.89,590.89,69.53,22.49,134,0,2,3,Valentines Day,0.0,-2.6
2026-03-05,D003,Protein Bar Box (12pk),Food & Beverage,FuelBar,7.0,19.99,22.58,38,858.04,592.04,69.0,18.31,104,0,3,3,Valentines Day,0.0,-2.6
2026-03-06,D003,Protein Bar Box (12pk),Food & Beverage,FuelBar,7.0,19.99,22.03,44,969.32,661.32,68.23,21.71,106,0,4,3,Valentines Day,0.0,-2.6
2026-03-07,D003,Protein Bar Box (12pk),Food & Beverage,FuelBar,7.0,19.99,22.08,46,1015.68,693.68,68.3,18.03,102,1,5,3,Valentines Day,0.0,-2.6
2026-03-08,D003,Protein Bar Box (12pk),Food & Beverage,FuelBar,7.0,19.99,20.71,49,1014.79,671.79,66.2,21.57,86,1,6,3,Valentines Day,0.0,-2.6
2026-03-09,D003,Protein Bar Box (12pk),Food & Beverage,FuelBar,7.0,19.99,21.82,39,850.98,577.98,67.92,17.39,140,0,0,3,Valentines Day,0.0,-2.6
2026-03-10,D003,Protein Bar Box (12pk),Food & Beverage,FuelBar,7.0,19.99,20.08,44,883.52,575.52,65.14,21.65,116,0,1,3,Valentines Day,0.0,-2.6
2026-03-11,D003,Protein Bar Box (12pk),Food & Beverage,FuelBar,7.0,19.99,20.75,49,1016.75,673.75,66.27,17.7,115,0,2,3,Valentines Day,0.0,-2.6
2026-03-12,D003,Protein Bar Box (12pk),Food & Beverage,FuelBar,7.0,19.99,19.75,60,1185.0,765.0,64.56,22.33,88,0,3,3,Valentines Day,0.0,-2.6
2026-03-13,D003,Protein Bar Box (12pk),Food & Beverage,FuelBar,7.0,19.99,18.58,55,1021.9,636.9,62.33,19.95,72,0,4,3,Valentines Day,0.0,-2.6
2026-03-14,D003,Protein Bar Box (12pk),Food & Beverage,FuelBar,7.0,19.99,18.26,85,1552.1,957.1,61.66,17.15,47,1,5,3,Valentines Day,0.0,-2.6
2026-03-15,D003,Protein Bar Box (12pk),Food & Beverage,FuelBar,7.0,19.99,17.81,86,1531.66,929.66,60.7,18.36,13,1,6,3,Valentines Day,0.0,-2.6
2026-03-16,D003,Protein Bar Box (12pk),Food & Beverage,FuelBar,7.0,19.99,16.6,77,1278.2,739.2,57.83,20.03,65,0,0,3,Valentines Day,0.0,-2.6
2026-03-17,D003,Protein Bar Box (12pk),Food & Beverage,FuelBar,7.0,19.99,17.7,71,1256.7,759.7,60.45,20.89,57,0,1,3,Easter,0.0,-2.6
2026-03-18,D003,Protein Bar Box (12pk),Food & Beverage,FuelBar,7.0,19.99,16.95,85,1440.75,845.75,58.7,22.2,22,0,2,3,Easter,0.0,-2.6
2026-03-19,D003,Protein Bar Box (12pk),Food & Beverage,FuelBar,7.0,19.99,17.56,72,1264.32,760.32,60.14,22.62,38,0,3,3,Easter,0.0,-2.6
2026-03-20,D003,Protein Bar Box (12pk),Food & Beverage,FuelBar,7.0,19.99,15.73,95,1494.35,829.35,55.5,20.74,22,0,4,3,Easter,0.0,-2.6
2026-03-21,D003,Protein Bar Box (12pk),Food & Beverage,FuelBar,7.0,19.99,17.66,70,1236.2,746.2,60.36,21.24,45,1,5,3,Easter,0.0,-2.6
2026-03-22,D003,Protein Bar Box (12pk),Food & Beverage,FuelBar,7.0,19.99,18.01,84,1512.84,924.84,61.13,22.69,26,1,6,3,Easter,0.0,-2.6
2026-03-23,D003,Protein Bar Box (12pk),Food & Beverage,FuelBar,7.0,19.99,18.24,59,1076.16,663.16,61.62,17.51,101,0,0,3,Easter,0.0,-2.6
2026-03-24,D003,Protein Bar Box (12pk),Food & Beverage,FuelBar,7.0,19.99,17.42,75,1306.5,781.5,59.82,17.39,55,0,1,3,Easter,0.0,-2.6
2026-03-25,D003,Protein Bar Box (12pk),Food & Beverage,FuelBar,7.0,19.99,18.4,66,1214.4,752.4,61.96,22.45,60,0,2,3,Easter,0.0,-2.6
2026-03-26,D003,Protein Bar Box (12pk),Food & Beverage,FuelBar,7.0,19.99,21.11,37,781.07,522.07,66.84,17.59,143,0,3,3,Easter,0.0,-2.6
2026-03-27,D003,Protein Bar Box (12pk),Food & Beverage,FuelBar,7.0,19.99,20.19,49,989.31,646.31,65.33,19.31,106,0,4,3,Easter,0.0,-2.6
2026-03-28,D003,Protein Bar Box (12pk),Food & Beverage,FuelBar,7.0,19.99,22.37,44,984.28,676.28,68.71,17.32,103,1,5,3,Easter,0.0,-2.6
2026-03-29,D003,Protein Bar Box (12pk),Food & Beverage,FuelBar,7.0,19.99,21.49,52,1117.48,753.48,67.43,20.66,82,1,6,3,Easter,0.0,-2.6
2026-03-30,D003,Protein Bar Box (12pk),Food & Beverage,FuelBar,7.0,19.99,21.99,37,813.63,554.63,68.17,20.08,130,0,0,3,Easter,0.0,-2.6
2026-03-31,D003,Protein Bar Box (12pk),Food & Beverage,FuelBar,7.0,19.99,22.95,39,895.05,622.05,69.5,20.64,118,0,1,3,Easter,0.0,-2.6
2026-04-01,D003,Protein Bar Box (12pk),Food & Beverage,FuelBar,7.0,19.99,21.34,40,853.6,573.6,67.2,22.04,109,0,2,4,Easter,0.0,-2.6
2026-04-02,D003,Protein Bar Box (12pk),Food & Beverage,FuelBar,7.0,19.99,23.1,35,808.5,563.5,69.7,22.14,113,0,3,4,Easter,0.0071,-2.6
2026-04-03,D003,Protein Bar Box (12pk),Food & Beverage,FuelBar,7.0,19.99,22.96,33,757.68,526.68,69.51,20.65,125,0,4,4,Easter,0.0143,-2.6
2026-04-04,D003,Protein Bar Box (12pk),Food & Beverage,FuelBar,7.0,19.99,23.26,45,1046.7,731.7,69.91,18.94,91,1,5,4,Easter,0.0214,-2.6
2026-04-05,D003,Protein Bar Box (12pk),Food & Beverage,FuelBar,7.0,19.99,22.11,49,1083.39,740.39,68.34,22.0,99,1,6,4,Easter,0.0286,-2.6
2026-04-06,D003,Protein Bar Box (12pk),Food & Beverage,FuelBar,7.0,19.99,22.83,38,867.54,601.54,69.34,22.17,119,0,0,4,Easter,0.0357,-2.6
2026-04-07,D003,Protein Bar Box (12pk),Food & Beverage,FuelBar,7.0,19.99,22.14,38,841.32,575.32,68.38,19.59,112,0,1,4,Easter,0.0429,-2.6
2026-04-08,D003,Protein Bar Box (12pk),Food & Beverage,FuelBar,7.0,19.99,22.12,45,995.4,680.4,68.35,18.86,103,0,2,4,Easter,0.05,-2.6
2026-04-09,D003,Protein Bar Box (12pk),Food & Beverage,FuelBar,7.0,19.99,21.38,41,876.58,589.58,67.26,17.34,135,0,3,4,Easter,0.0571,-2.6
2026-04-10,D003,Protein Bar Box (12pk),Food & Beverage,FuelBar,7.0,19.99,20.3,49,994.7,651.7,65.52,18.33,85,0,4,4,Easter,0.0643,-2.6
2026-04-11,D003,Protein Bar Box (12pk),Food & Beverage,FuelBar,7.0,19.99,20.34,56,1139.04,747.04,65.59,20.33,102,1,5,4,Easter,0.0714,-2.6
2026-04-12,D003,Protein Bar Box (12pk),Food & Beverage,FuelBar,7.0,19.99,18.92,62,1173.04,739.04,63.0,19.9,70,1,6,4,Easter,0.1,-2.6
2026-04-13,D003,Protein Bar Box (12pk),Food & Beverage,FuelBar,7.0,19.99,18.38,63,1157.94,716.94,61.92,20.93,62,0,0,4,Easter,0.1,-2.6
2026-04-14,D003,Protein Bar Box (12pk),Food & Beverage,FuelBar,7.0,19.99,18.1,72,1303.2,799.2,61.33,18.47,63,0,1,4,Easter,0.1,-2.6
2026-04-15,D003,Protein Bar Box (12pk),Food & Beverage,FuelBar,7.0,19.99,17.18,94,1614.92,956.92,59.25,22.61,21,0,2,4,Easter,0.1,-2.6
2026-04-16,D003,Protein Bar Box (12pk),Food & Beverage,FuelBar,7.0,19.99,18.52,61,1129.72,702.72,62.2,21.15,82,0,3,4,Easter,0.1,-2.6
2026-04-17,D003,Protein Bar Box (12pk),Food & Beverage,FuelBar,7.0,19.99,16.81,94,1580.14,922.14,58.36,18.79,5,0,4,4,Easter,0.1,-2.6
2026-04-18,D003,Protein Bar Box (12pk),Food & Beverage,FuelBar,7.0,19.99,17.24,100,1724.0,1024.0,59.4,20.95,5,1,5,4,Easter,0.1,-2.6
2026-04-19,D003,Protein Bar Box (12pk),Food & Beverage,FuelBar,7.0,19.99,17.1,103,1761.3,1040.3,59.06,22.21,5,1,6,4,Easter,0.0714,-2.6
2026-04-20,D003,Protein Bar Box (12pk),Food & Beverage,FuelBar,7.0,19.99,17.52,79,1384.08,831.08,60.05,18.53,45,0,0,4,Easter,0.0643,-2.6
2026-04-21,D003,Protein Bar Box (12pk),Food & Beverage,FuelBar,7.0,19.99,17.09,81,1384.29,817.29,59.04,20.54,31,0,1,4,Easter,0.0571,-2.6
2026-04-22,D003,Protein Bar Box (12pk),Food & Beverage,FuelBar,7.0,19.99,18.75,65,1218.75,763.75,62.67,21.05,64,0,2,4,Easter,0.05,-2.6
2026-04-23,D003,Protein Bar Box (12pk),Food & Beverage,FuelBar,7.0,19.99,19.99,54,1079.46,701.46,64.98,22.75,82,0,3,4,Easter,0.0429,-2.6
2026-04-24,D003,Protein Bar Box (12pk),Food & Beverage,FuelBar,7.0,19.99,19.67,56,1101.52,709.52,64.41,19.38,106,0,4,4,Easter,0.0357,-2.6
2026-04-25,D003,Protein Bar Box (12pk),Food & Beverage,FuelBar,7.0,19.99,19.97,65,1298.05,843.05,64.95,19.75,73,1,5,4,Easter,0.0286,-2.6
2026-04-26,D003,Protein Bar Box (12pk),Food & Beverage,FuelBar,7.0,19.99,20.55,50,1027.5,677.5,65.94,21.98,81,1,6,4,Easter,0.0214,-2.6
2026-04-27,D003,Protein Bar Box (12pk),Food & Beverage,FuelBar,7.0,19.99,22.16,38,842.08,576.08,68.41,21.78,142,0,0,4,Easter,0.0143,-2.6
2026-04-28,D003,Protein Bar Box (12pk),Food & Beverage,FuelBar,7.0,19.99,20.89,48,1002.72,666.72,66.49,22.53,115,0,1,4,Easter,0.0071,-2.6
2026-04-29,D003,Protein Bar Box (12pk),Food & Beverage,FuelBar,7.0,19.99,23.26,37,860.62,601.62,69.91,22.53,134,0,2,4,Mothers Day,0.0129,-2.6
2026-04-30,D003,Protein Bar Box (12pk),Food & Beverage,FuelBar,7.0,19.99,23.44,32,750.08,526.08,70.14,17.23,131,0,3,4,Mothers Day,0.0257,-2.6
2026-05-01,D003,Protein Bar Box (12pk),Food & Beverage,FuelBar,7.0,19.99,22.14,39,863.46,590.46,68.38,17.13,107,0,4,5,Mothers Day,0.0386,-2.6
2026-05-02,D003,Protein Bar Box (12pk),Food & Beverage,FuelBar,7.0,19.99,23.64,42,992.88,698.88,70.39,22.92,110,1,5,5,Mothers Day,0.0514,-2.6
2026-05-03,D003,Protein Bar Box (12pk),Food & Beverage,FuelBar,7.0,19.99,23.36,42,981.12,687.12,70.03,17.99,125,1,6,5,Mothers Day,0.0643,-2.6
2026-05-04,D003,Protein Bar Box (12pk),Food & Beverage,FuelBar,7.0,19.99,22.66,40,906.4,626.4,69.11,22.16,133,0,0,5,Mothers Day,0.0771,-2.6
2026-05-05,D003,Protein Bar Box (12pk),Food & Beverage,FuelBar,7.0,19.99,22.5,39,877.5,604.5,68.89,20.05,123,0,1,5,Mothers Day,0.09,-2.6
2026-05-06,D003,Protein Bar Box (12pk),Food & Beverage,FuelBar,7.0,19.99,22.47,41,921.27,634.27,68.85,19.2,100,0,2,5,Mothers Day,0.1029,-2.6
2026-05-07,D003,Protein Bar Box (12pk),Food & Beverage,FuelBar,7.0,19.99,21.93,38,833.34,567.34,68.08,19.44,115,0,3,5,Mothers Day,0.1157,-2.6
2026-05-08,D003,Protein Bar Box (12pk),Food & Beverage,FuelBar,7.0,19.99,21.33,48,1023.84,687.84,67.18,22.97,97,0,4,5,Mothers Day,0.1286,-2.6
2026-05-09,D003,Protein Bar Box (12pk),Food & Beverage,FuelBar,7.0,19.99,21.5,50,1075.0,725.0,67.44,21.3,96,1,5,5,Mothers Day,0.18,-2.6
2026-05-10,D003,Protein Bar Box (12pk),Food & Beverage,FuelBar,7.0,19.99,20.07,73,1465.11,954.11,65.12,19.69,60,1,6,5,Mothers Day,0.18,-2.6
