backend/data/transactions.csv
date,product_id,product_name,category,brand,cost,base_price,price,demand,revenue,profit,margin,competitor_price,stock,is_weekend,day_of_week,month,holiday_name,holiday_boost,elasticity
2026-02-09,D004,Hot Sauce Collection,Food & Beverage,FireKitchen,5.0,16.99,16.94,70,1185.8,835.8,70.48,16.84,53,0,0,2,Valentines Day,0.1286,-2.9
2026-02-10,D004,Hot Sauce Collection,Food & Beverage,FireKitchen,5.0,16.99,16.91,76,1285.16,905.16,70.43,18.17,68,0,1,2,Valentines Day,0.1429,-2.9
2026-02-11,D004,Hot Sauce Collection,Food & Beverage,FireKitchen,5.0,16.99,16.27,83,1350.41,935.41,69.27,18.35,28,0,2,2,Valentines Day,0.2,-2.9
2026-02-12,D004,Hot Sauce Collection,Food & Beverage,FireKitchen,5.0,16.99,15.24,106,1615.44,1085.44,67.19,18.46,5,0,3,2,Valentines Day,0.2,-2.9
2026-02-13,D004,Hot Sauce Collection,Food & Beverage,FireKitchen,5.0,16.99,15.59,87,1356.33,921.33,67.93,17.71,14,0,4,2,Valentines Day,0.2,-2.9
2026-02-14,D004,Hot Sauce Collection,Food & Beverage,FireKitchen,5.0,16.99,14.75,126,1858.5,1228.5,66.1,17.34,5,1,5,2,Valentines Day,0.2,-2.9
2026-02-15,D004,Hot Sauce Collection,Food & Beverage,FireKitchen,5.0,16.99,14.59,143,2086.37,1371.37,65.73,18.28,5,1,6,2,Valentines Day,0.2,-2.9
2026-02-16,D004,Hot Sauce Collection,Food & Beverage,FireKitchen,5.0,16.99,14.05,138,1938.9,1248.9,64.41,16.33,5,0,0,2,Valentines Day,0.2,-2.9
2026-02-17,D004,Hot Sauce Collection,Food & Beverage,FireKitchen,5.0,16.99,14.28,136,1942.08,1262.08,64.99,16.72,5,0,1,2,Valentines Day,0.2,-2.9
2026-02-18,D004,Hot Sauce Collection,Food & Beverage,FireKitchen,5.0,16.99,14.19,130,1844.7,1194.7,64.76,16.09,5,0,2,2,Valentines Day,0.1429,-2.9
2026-02-19,D004,Hot Sauce Collection,Food & Beverage,FireKitchen,5.0,16.99,14.17,122,1728.74,1118.74,64.71,16.02,5,0,3,2,Valentines Day,0.1286,-2.9
2026-02-20,D004,Hot Sauce Collection,Food & Beverage,FireKitchen,5.0,16.99,15.44,87,1343.28,908.28,67.62,14.54,33,0,4,2,Valentines Day,0.1143,-2.9
2026-02-21,D004,Hot Sauce Collection,Food & Beverage,FireKitchen,5.0,16.99,14.41,124,1786.84,1166.84,65.3,18.84,5,1,5,2,Valentines Day,0.1,-2.9
2026-02-22,D004,Hot Sauce Collection,Food & Beverage,FireKitchen,5.0,16.99,15.99,91,1455.09,1000.09,68.73,16.32,15,1,6,2,Valentines Day,0.0857,-2.9
2026-02-23,D004,Hot Sauce Collection,Food & Beverage,FireKitchen,5.0,16.99,16.2,83,1344.6,929.6,69.14,19.25,21,0,0,2,Valentines Day,0.0714,-2.9
2026-02-24,D004,Hot Sauce Collection,Food & Beverage,FireKitchen,5.0,16.99,17.63,65,1145.95,820.95,71.64,15.73,63,0,1,2,Valentines Day,0.0571,-2.9
2026-02-25,D004,Hot Sauce Collection,Food & Beverage,FireKitchen,5.0,16.99,17.77,60,1066.2,766.2,71.86,16.12,81,0,2,2,Valentines Day,0.0429,-2.9
2026-02-26,D004,Hot Sauce Collection,Food & Beverage,FireKitchen,5.0,16.99,17.58,58,1019.64,729.64,71.56,18.74,93,0,3,2,Valentines Day,0.0286,-2.9
2026-02-27,D004,Hot Sauce Collection,Food & Beverage,FireKitchen,5.0,16.99,18.56,51,946.56,691.56,73.06,19.23,100,0,4,2,Valentines Day,0.0143,-2.9
2026-02-28,D004,Hot Sauce Collection,Food & Beverage,FireKitchen,5.0,16.99,19.04,52,990.08,730.08,73.74,17.71,77,1,5,2,Valentines Day,0.0,-2.9
2026-03-01,D004,Hot Sauce Collection,Food & Beverage,FireKitchen,5.0,16.99,19.44,42,816.48,606.48,74.28,18.5,119,1,6,3,Valentines Day,0.0,-2.9
2026-03-02,D004,Hot Sauce Collection,Food & Beverage,FireKitchen,5.0,16.99,19.55,34,664.7,494.7,74.42,15.89,138,0,0,3,Valentines Day,0.0,-2.9
2026-03-03,D004,Hot Sauce Collection,Food & Beverage,FireKitchen,5.0,16.99,18.97,40,758.8,558.8,73.64,15.5,125,0,1,3,Valentines Day,0.0,-2.9
2026-03-04,D004,Hot Sauce Collection,Food & Beverage,FireKitchen,5.0,16.99,19.33,35,676.55,501.55,74.13,18.7,123,0,2,3,Valentines Day,0.0,-2.9
2026-03-05,D004,Hot Sauce Collection,Food & Beverage,FireKitchen,5.0,16.99,19.77,34,672.18,502.18,74.71,15.6,128,0,3,3,Valentines Day,0.0,-2.9
2026-03-06,D004,Hot Sauce Collection,Food & Beverage,FireKitchen,5.0,16.99,19.92,35,697.2,522.2,74.9,19.04,147,0,4,3,Valentines Day,0.0,-2.9
2026-03-07,D004,Hot Sauce Collection,Food & Beverage,FireKitchen,5.0,16.99,18.52,50,926.0,676.0,73.0,14.57,95,1,5,3,Valentines Day,0.0,-2.9
2026-03-08,D004,Hot Sauce Collection,Food & Beverage,FireKitchen,5.0,16.99,18.71,44,823.24,603.24,73.28,17.81,94,1,6,3,Valentines Day,0.0,-2.9
2026-03-09,D004,Hot Sauce Collection,Food & Beverage,FireKitchen,5.0,16.99,17.77,49,870.73,625.73,71.86,16.64,109,0,0,3,Valentines Day,0.0,-2.9
2026-03-10,D004,Hot Sauce Collection,Food & Beverage,FireKitchen,5.0,16.99,16.67,47,783.49,548.49,70.01,14.78,102,0,1,3,Valentines Day,0.0,-2.9
2026-03-11,D004,Hot Sauce Collection,Food & Beverage,FireKitchen,5.0,16.99,17.1,53,906.3,641.3,70.76,16.55,91,0,2,3,Valentines Day,0.0,-2.9
2026-03-12,D004,Hot Sauce Collection,Food & Beverage,FireKitchen,5.0,16.99,16.61,57,946.77,661.77,69.9,15.8,84,0,3,3,Valentines Day,0.0,-2.9
2026-03-13,D004,Hot Sauce Collection,Food & Beverage,FireKitchen,5.0,16.99,16.19,67,1084.73,749.73,69.12,15.01,71,0,4,3,Valentines Day,0.0,-2.9
2026-03-14,D004,Hot Sauce Collection,Food & Beverage,FireKitchen,5.0,16.99,15.51,71,1101.21,746.21,67.76,17.14,73,1,5,3,Valentines Day,0.0,-2.9
2026-03-15,D004,Hot Sauce Collection,Food & Beverage,FireKitchen,5.0,16.99,14.19,101,1433.19,928.19,64.76,15.62,13,1,6,3,Valentines Day,0.0,-2.9
2026-03-16,D004,Hot Sauce Collection,Food & Beverage,FireKitchen,5.0,16.99,14.64,74,1083.36,713.36,65.85,15.4,63,0,0,3,Valentines Day,0.0,-2.9
2026-03-17,D004,Hot Sauce Collection,Food & Beverage,FireKitchen,5.0,16.99,13.47,101,1360.47,855.47,62.88,16.28,12,0,1,3,Easter,0.0,-2.9
2026-03-18,D004,Hot Sauce Collection,Food & Beverage,FireKitchen,5.0,16.99,15.34,74,1135.16,765.16,67.41,19.01,68,0,2,3,Easter,0.0,-2.9
2026-03-19,D004,Hot Sauce Collection,Food & Beverage,FireKitchen,5.0,16.99,14.63,81,1185.03,780.03,65.82,14.57,33,0,3,3,Easter,0.0,-2.9
2026-03-20,D004,Hot Sauce Collection,Food & Beverage,FireKitchen,5.0,16.99,14.41,89,1282.49,837.49,65.3,15.83,14,0,4,3,Easter,0.0,-2.9
2026-03-21,D004,Hot Sauce Collection,Food & Beverage,FireKitchen,5.0,16.99,14.21,120,1705.2,1105.2,64.81,18.15,5,1,5,3,Easter,0.0,-2.9
2026-03-22,D004,Hot Sauce Collection,Food & Beverage,FireKitchen,5.0,16.99,14.56,100,1456.0,956.0,65.66,19.2,5,1,6,3,Easter,0.0,-2.9
2026-03-23,D004,Hot Sauce Collection,Food & Beverage,FireKitchen,5.0,16.99,14.99,77,1154.23,769.23,66.64,15.15,38,0,0,3,Easter,0.0,-2.9
2026-03-24,D004,Hot Sauce Collection,Food & Beverage,FireKitchen,5.0,16.99,16.33,52,849.16,589.16,69.38,18.6,106,0,1,3,Easter,0.0,-2.9
2026-03-25,D004,Hot Sauce Collection,Food & Beverage,FireKitchen,5.0,16.99,16.01,59,944.59,649.59,68.77,19.36,62,0,2,3,Easter,0.0,-2.9
2026-03-26,D004,Hot Sauce Collection,Food & Beverage,FireKitchen,5.0,16.99,16.88,55,928.4,653.4,70.38,19.27,84,0,3,3,Easter,0.0,-2.9
2026-03-27,D004,Hot Sauce Collection,Food & Beverage,FireKitchen,5.0,16.99,18.42,40,736.8,536.8,72.86,17.44,113,0,4,3,Easter,0.0,-2.9
2026-03-28,D004,Hot Sauce Collection,Food & Beverage,FireKitchen,5.0,16.99,18.88,46,868.48,638.48,73.52,14.66,88,1,5,3,Easter,0.0,-2.9
2026-03-29,D004,Hot Sauce Collection,Food & Beverage,FireKitchen,5.0,16.99,17.93,52,932.36,672.36,72.11,17.83,85,1,6,3,Easter,0.0,-2.9
2026-03-30,D004,Hot Sauce Collection,Food & Beverage,FireKitchen,5.0,16.99,18.2,43,782.6,567.6,72.53,17.24,99,0,0,3,Easter,0.0,-2.9
2026-03-31,D004,Hot Sauce Collection,Food & Beverage,FireKitchen,5.0,16.99,19.01,39,741.39,546.39,73.7,14.99,122,0,1,3,Easter,0.0,-2.9
2026-04-01,D004,Hot Sauce Collection,Food & Beverage,FireKitchen,5.0,16.99,19.73,34,670.82,500.82,74.66,19.26,143,0,2,4,Easter,0.0,-2.9
2026-04-02,D004,Hot Sauce Collection,Food & Beverage,FireKitchen,5.0,16.99,19.02,46,874.92,644.92,73.71,16.26,126,0,3,4,Easter,0.0071,-2.9
2026-04-03,D004,Hot Sauce Collection,Food & Beverage,FireKitchen,5.0,16.99,20.25,37,749.25,564.25,75.31,15.62,108,0,4,4,Easter,0.0143,-2.9
2026-04-04,D004,Hot Sauce Collection,Food & Beverage,FireKitchen,5.0,16.99,19.34,44,850.96,630.96,74.15,16.7,97,1,5,4,Easter,0.0214,-2.9
2026-04-05,D004,Hot Sauce Collection,Food & Beverage,FireKitchen,5.0,16.99,19.1,45,859.5,634.5,73.82,18.96,119,1,6,4,Easter,0.0286,-2.9
2026-04-06,D004,Hot Sauce Collection,Food & Beverage,FireKitchen,5.0,16.99,19.01,36,684.36,504.36,73.7,16.04,115,0,0,4,Easter,0.0357,-2.9
2026-04-07,D004,Hot Sauce Collection,Food & Beverage,FireKitchen,5.0,16.99,18.34,48,880.32,640.32,72.74,16.47,91,0,1,4,Easter,0.0429,-2.9
2026-04-08,D004,Hot Sauce Collection,Food & Beverage,FireKitchen,5.0,16.99,18.51,43,795.93,580.93,72.99,16.29,132,0,2,4,Easter,0.05,-2.9
2026-04-09,D004,Hot Sauce Collection,Food & Beverage,FireKitchen,5.0,16.99,17.65,49,864.85,619.85,71.67,16.44,82,0,3,4,Easter,0.0571,-2.9
2026-04-10,D004,Hot Sauce Collection,Food & Beverage,FireKitchen,5.0,16.99,17.33,47,814.51,579.51,71.15,18.52,91,0,4,4,Easter,0.0643,-2.9
2026-04-11,D004,Hot Sauce Collection,Food & Beverage,FireKitchen,5.0,16.99,16.73,77,1288.21,903.21,70.11,18.36,43,1,5,4,Easter,0.0714,-2.9
2026-04-12,D004,Hot Sauce Collection,Food & Beverage,FireKitchen,5.0,16.99,15.62,95,1483.9,1008.9,67.99,15.69,19,1,6,4,Easter,0.1,-2.9
2026-04-13,D004,Hot Sauce Collection,Food & Beverage,FireKitchen,5.0,16.99,15.65,74,1158.1,788.1,68.05,16.22,69,0,0,4,Easter,0.1,-2.9
2026-04-14,D004,Hot Sauce Collection,Food & Beverage,FireKitchen,5.0,16.99,14.94,94,1404.36,934.36,66.53,19.12,10,0,1,4,Easter,0.1,-2.9
2026-04-15,D004,Hot Sauce Collection,Food & Beverage,FireKitchen,5.0,16.99,14.67,102,1496.34,986.34,65.92,15.6,5,0,2,4,Easter,0.1,-2.9
2026-04-16,D004,Hot Sauce Collection,Food & Beverage,FireKitchen,5.0,16.99,15.34,76,1165.84,785.84,67.41,17.53,56,0,3,4,Easter,0.1,-2.9
2026-04-17,D004,Hot Sauce Collection,Food & Beverage,FireKitchen,5.0,16.99,14.38,81,1164.78,759.78,65.23,14.67,51,0,4,4,Easter,0.1,-2.9
2026-04-18,D004,Hot Sauce Collection,Food & Beverage,FireKitchen,5.0,16.99,14.45,109,1575.05,1030.05,65.4,14.5,5,1,5,4,Easter,0.1,-2.9
2026-04-19,D004,Hot Sauce Collection,Food & Beverage,FireKitchen,5.0,16.99,15.16,103,1561.48,1046.48,67.02,18.46,5,1,6,4,Easter,0.0714,-2.9
2026-04-20,D004,Hot Sauce Collection,Food & Beverage,FireKitchen,5.0,16.99,15.17,85,1289.45,864.45,67.04,16.09,32,0,0,4,Easter,0.0643,-2.9
2026-04-21,D004,Hot Sauce Collection,Food & Beverage,FireKitchen,5.0,16.99,15.02,73,1096.46,731.46,66.71,18.93,51,0,1,4,Easter,0.0571,-2.9
2026-04-22,D004,Hot Sauce Collection,Food & Beverage,FireKitchen,5.0,16.99,15.65,77,1205.05,820.05,68.05,15.42,49,0,2,4,Easter,0.05,-2.9
2026-04-23,D004,Hot Sauce Collection,Food & Beverage,FireKitchen,5.0,16.99,14.67,86,1261.62,831.62,65.92,15.05,25,0,3,4,Easter,0.0429,-2.9
2026-04-24,D004,Hot Sauce Collection,Food & Beverage,FireKitchen,5.0,16.99,15.59,67,1044.53,709.53,67.93,19.16,61,0,4,4,Easter,0.0357,-2.9
2026-04-25,D004,Hot Sauce Collection,Food & Beverage,FireKitchen,5.0,16.99,17.09,70,1196.3,846.3,70.74,18.03,50,1,5,4,Easter,0.0286,-2.9
2026-04-26,D004,Hot Sauce Collection,Food & Beverage,FireKitchen,5.0,16.99,17.54,60,1052.4,752.4,71.49,18.68,75,1,6,4,Easter,0.0214,-2.9
2026-04-27,D004,Hot Sauce Collection,Food & Beverage,FireKitchen,5.0,16.99,18.18,42,763.56,553.56,72.5,14.48,115,0,0,4,Easter,0.0143,-2.9
2026-04-28,D004,Hot Sauce Collection,Food & Beverage,FireKitchen,5.0,16.99,18.74,37,693.38,508.38,73.32,19.43,125,0,1,4,Easter,0.0071,-2.9
2026-04-29,D004,Hot Sauce Collection,Food & Beverage,FireKitchen,5.0,16.99,18.9,44,831.6,611.6,73.54,16.97,129,0,2,4,Mothers Day,0.0129,-2.9
2026-04-30,D004,Hot Sauce Collection,Food & Beverage,FireKitchen,5.0,16.99,19.31,39,753.09,558.09,74.11,15.95,124,0,3,4,Mothers Day,0.0257,-2.9
2026-05-01,D004,Hot Sauce Collection,Food & Beverage,FireKitchen,5.0,16.99,19.26,34,654.84,484.84,74.04,16.91,145,0,4,5,Mothers Day,0.0386,-2.9
2026-05-02,D004,Hot Sauce Collection,Food & Beverage,FireKitchen,5.0,16.99,19.43,47,913.21,678.21,74.27,14.53,120,1,5,5,Mothers Day,0.0514,-2.9
2026-05-03,D004,Hot Sauce Collection,Food & Beverage,FireKitchen,5.0,16.99,19.74,38,750.12,560.12,74.67,14.57,120,1,6,5,Mothers Day,0.0643,-2.9
2026-05-04,D004,Hot Sauce Collection,Food & Beverage,FireKitchen,5.0,16.99,18.52,42,777.84,567.84,73.0,19.05,131,0,0,5,Mothers Day,0.0771,-2.9
2026-05-05,D004,Hot Sauce Collection,Food & Beverage,FireKitchen,5.0,16.99,19.1,41,783.1,578.1,73.82,17.64,111,0,1,5,Mothers Day,0.09,-2.9
2026-05-06,D004,Hot Sauce Collection,Food & Beverage,FireKitchen,5.0,16.99,18.83,44,828.52,608.52,73.45,15.12,119,0,2,5,Mothers Day,0.1029,-2.9
2026-05-07,D004,Hot Sauce Collection,Food & Beverage,FireKitchen,5.0,16.99,18.72,43,804.96,589.96,73.29,14.74,103,0,3,5,Mothers Day,0.1157,-2.9
2026-05-08,D004,Hot Sauce Collection,Food & Beverage,FireKitchen,5.0,16.99,17.57,57,1001.49,716.49,71.54,17.55,95,0,4,5,Mothers Day,0.1286,-2.9
2026-05-09,D004,Hot Sauce Collection,Food & Beverage,FireKitchen,5.0,16.99,17.99,59,1061.41,766.41,72.21,17.52,78,1,5,5,Mothers Day,0.18,-2.9
2026-05-10,D004,Hot Sauce Collection,Food & Beverage,FireKitchen,5.0,16.99,18.04,68,1226.72,886.72,72.28,15.29,60,1,6,5,Mothers Day,0.18,-2.9
