backend/data/transactions.csv
date,product_id,product_name,category,brand,cost,base_price,price,demand,revenue,profit,margin,competitor_price,stock,is_weekend,day_of_week,month,holiday_name,holiday_boost,elasticity
2026-02-09,D006,Truffle Oil,Food & Beverage,GourmetSet,15.0,45.0,45.23,59,2668.57,1783.57,66.84,40.99,99,0,0,2,Valentines Day,0.1286,-1.5
2026-02-10,D006,Truffle Oil,Food & Beverage,GourmetSet,15.0,45.0,44.46,55,2445.3,1620.3,66.26,49.36,79,0,1,2,Valentines Day,0.1429,-1.5
2026-02-11,D006,Truffle Oil,Food & Beverage,GourmetSet,15.0,45.0,43.22,61,2636.42,1721.42,65.29,38.31,59,0,2,2,Valentines Day,0.2,-1.5
2026-02-12,D006,Truffle Oil,Food & Beverage,GourmetSet,15.0,45.0,38.89,73,2838.97,1743.97,61.43,47.56,57,0,3,2,Valentines Day,0.2,-1.5
2026-02-13,D006,Truffle Oil,Food & Beverage,GourmetSet,15.0,45.0,38.37,73,2801.01,1706.01,60.91,48.95,51,0,4,2,Valentines Day,0.2,-1.5
2026-02-14,D006,Truffle Oil,Food & Beverage,GourmetSet,15.0,45.0,39.11,78,3050.58,1880.58,61.65,39.48,29,1,5,2,Valentines Day,0.2,-1.5
2026-02-15,D006,Truffle Oil,Food & Beverage,GourmetSet,15.0,45.0,39.33,81,3185.73,1970.73,61.86,50.73,51,1,6,2,Valentines Day,0.2,-1.5
2026-02-16,D006,Truffle Oil,Food & Beverage,GourmetSet,15.0,45.0,36.63,75,2747.25,1622.25,59.05,45.66,59,0,0,2,Valentines Day,0.2,-1.5
2026-02-17,D006,Truffle Oil,Food & Beverage,GourmetSet,15.0,45.0,38.43,74,2843.82,1733.82,60.97,49.49,66,0,1,2,Valentines Day,0.2,-1.5
2026-02-18,D006,Truffle Oil,Food & Beverage,GourmetSet,15.0,45.0,38.97,71,2766.87,1701.87,61.51,45.15,75,0,2,2,Valentines Day,0.1429,-1.5
2026-02-19,D006,Truffle Oil,Food & Beverage,GourmetSet,15.0,45.0,37.83,69,2610.27,1575.27,60.35,45.65,60,0,3,2,Valentines Day,0.1286,-1.5
2026-02-20,D006,Truffle Oil,Food & Beverage,GourmetSet,15.0,45.0,41.15,59,2427.85,1542.85,63.55,39.53,75,0,4,2,Valentines Day,0.1143,-1.5
2026-02-21,D006,Truffle Oil,Food & Beverage,GourmetSet,15.0,45.0,43.11,59,2543.49,1658.49,65.21,40.38,96,1,5,2,Valentines Day,0.1,-1.5
2026-02-22,D006,Truffle Oil,Food & Beverage,GourmetSet,15.0,45.0,43.37,65,2819.05,1844.05,65.41,44.57,61,1,6,2,Valentines Day,0.0857,-1.5
2026-02-23,D006,Truffle Oil,Food & Beverage,GourmetSet,15.0,45.0,42.28,59,2494.52,1609.52,64.52,43.54,86,0,0,2,Valentines Day,0.0714,-1.5
2026-02-24,D006,Truffle Oil,Food & Beverage,GourmetSet,15.0,45.0,43.92,52,2283.84,1503.84,65.85,48.71,114,0,1,2,Valentines Day,0.0571,-1.5
2026-02-25,D006,Truffle Oil,Food & Beverage,GourmetSet,15.0,45.0,45.89,53,2432.17,1637.17,67.31,50.92,87,0,2,2,Valentines Day,0.0429,-1.5
2026-02-26,D006,Truffle Oil,Food & Beverage,GourmetSet,15.0,45.0,46.9,49,2298.1,1563.1,68.02,41.52,113,0,3,2,Valentines Day,0.0286,-1.5
2026-02-27,D006,Truffle Oil,Food & Beverage,GourmetSet,15.0,45.0,50.02,43,2150.86,1505.86,70.01,44.04,129,0,4,2,Valentines Day,0.0143,-1.5
2026-02-28,D006,Truffle Oil,Food & Beverage,GourmetSet,15.0,45.0,50.53,48,2425.44,1705.44,70.31,51.21,97,1,5,2,Valentines Day,0.0,-1.5
2026-03-01,D006,Truffle Oil,Food & Beverage,GourmetSet,15.0,45.0,51.57,35,1804.95,1279.95,70.91,39.23,143,1,6,3,Valentines Day,0.0,-1.5
2026-03-02,D006,Truffle Oil,Food & Beverage,GourmetSet,15.0,45.0,53.36,28,1494.08,1074.08,71.89,49.79,163,0,0,3,Valentines Day,0.0,-1.5
2026-03-03,D006,Truffle Oil,Food & Beverage,GourmetSet,15.0,45.0,50.79,35,1777.65,1252.65,70.47,48.36,133,0,1,3,Valentines Day,0.0,-1.5
2026-03-04,D006,Truffle Oil,Food & Beverage,GourmetSet,15.0,45.0,49.2,35,1722.0,1197.0,69.51,45.03,124,0,2,3,Valentines Day,0.0,-1.5
2026-03-05,D006,Truffle Oil,Food & Beverage,GourmetSet,15.0,45.0,51.79,38,1968.02,1398.02,71.04,50.09,126,0,3,3,Valentines Day,0.0,-1.5
2026-03-06,D006,Truffle Oil,Food & Beverage,GourmetSet,15.0,45.0,51.63,33,1703.79,1208.79,70.95,45.77,122,0,4,3,Valentines Day,0.0,-1.5
2026-03-07,D006,Truffle Oil,Food & Beverage,GourmetSet,15.0,45.0,48.0,48,2304.0,1584.0,68.75,49.65,102,1,5,3,Valentines Day,0.0,-1.5
2026-03-08,D006,Truffle Oil,Food & Beverage,GourmetSet,15.0,45.0,48.32,44,2126.08,1466.08,68.96,43.6,131,1,6,3,Valentines Day,0.0,-1.5
2026-03-09,D006,Truffle Oil,Food & Beverage,GourmetSet,15.0,45.0,47.16,40,1886.4,1286.4,68.19,42.0,113,0,0,3,Valentines Day,0.0,-1.5
2026-03-10,D006,Truffle Oil,Food & Beverage,GourmetSet,15.0,45.0,48.08,40,1923.2,1323.2,68.8,48.37,120,0,1,3,Valentines Day,0.0,-1.5
2026-03-11,D006,Truffle Oil,Food & Beverage,GourmetSet,15.0,45.0,44.64,47,2098.08,1393.08,66.4,39.92,109,0,2,3,Valentines Day,0.0,-1.5
2026-03-12,D006,Truffle Oil,Food & Beverage,GourmetSet,15.0,45.0,46.09,44,2027.96,1367.96,67.45,50.81,109,0,3,3,Valentines Day,0.0,-1.5
2026-03-13,D006,Truffle Oil,Food & Beverage,GourmetSet,15.0,45.0,41.71,50,2085.5,1335.5,64.04,44.51,97,0,4,3,Valentines Day,0.0,-1.5
2026-03-14,D006,Truffle Oil,Food & Beverage,GourmetSet,15.0,45.0,42.35,52,2202.2,1422.2,64.58,40.81,98,1,5,3,Valentines Day,0.0,-1.5
2026-03-15,D006,Truffle Oil,Food & Beverage,GourmetSet,15.0,45.0,42.48,58,2463.84,1593.84,64.69,38.95,72,1,6,3,Valentines Day,0.0,-1.5
2026-03-16,D006,Truffle Oil,Food & Beverage,GourmetSet,15.0,45.0,38.88,51,1982.88,1217.88,61.42,46.72,101,0,0,3,Valentines Day,0.0,-1.5
2026-03-17,D006,Truffle Oil,Food & Beverage,GourmetSet,15.0,45.0,39.87,59,2352.33,1467.33,62.38,41.94,72,0,1,3,Easter,0.0,-1.5
2026-03-18,D006,Truffle Oil,Food & Beverage,GourmetSet,15.0,45.0,36.68,59,2164.12,1279.12,59.11,40.64,97,0,2,3,Easter,0.0,-1.5
2026-03-19,D006,Truffle Oil,Food & Beverage,GourmetSet,15.0,45.0,39.38,56,2205.28,1365.28,61.91,43.74,78,0,3,3,Easter,0.0,-1.5
2026-03-20,D006,Truffle Oil,Food & Beverage,GourmetSet,15.0,45.0,39.69,49,1944.81,1209.81,62.21,48.5,94,0,4,3,Easter,0.0,-1.5
2026-03-21,D006,Truffle Oil,Food & Beverage,GourmetSet,15.0,45.0,37.41,62,2319.42,1389.42,59.9,39.75,85,1,5,3,Easter,0.0,-1.5
2026-03-22,D006,Truffle Oil,Food & Beverage,GourmetSet,15.0,45.0,41.04,53,2175.12,1380.12,63.45,51.69,77,1,6,3,Easter,0.0,-1.5
2026-03-23,D006,Truffle Oil,Food & Beverage,GourmetSet,15.0,45.0,42.93,45,1931.85,1256.85,65.06,48.9,120,0,0,3,Easter,0.0,-1.5
2026-03-24,D006,Truffle Oil,Food & Beverage,GourmetSet,15.0,45.0,41.41,40,1656.4,1056.4,63.78,46.28,139,0,1,3,Easter,0.0,-1.5
2026-03-25,D006,Truffle Oil,Food & Beverage,GourmetSet,15.0,45.0,44.35,42,1862.7,1232.7,66.18,41.89,136,0,2,3,Easter,0.0,-1.5
2026-03-26,D006,Truffle Oil,Food & Beverage,GourmetSet,15.0,45.0,44.42,50,2221.0,1471.0,66.23,46.53,91,0,3,3,Easter,0.0,-1.5
2026-03-27,D006,Truffle Oil,Food & Beverage,GourmetSet,15.0,45.0,45.63,40,1825.2,1225.2,67.13,39.79,114,0,4,3,Easter,0.0,-1.5
2026-03-28,D006,Truffle Oil,Food & Beverage,GourmetSet,15.0,45.0,48.52,48,2328.96,1608.96,69.08,39.63,118,1,5,3,Easter,0.0,-1.5
2026-03-29,D006,Truffle Oil,Food & Beverage,GourmetSet,15.0,45.0,49.6,42,2083.2,1453.2,69.76,47.3,103,1,6,3,Easter,0.0,-1.5
2026-03-30,D006,Truffle Oil,Food & Beverage,GourmetSet,15.0,45.0,52.93,32,1693.76,1213.76,71.66,38.63,117,0,0,3,Easter,0.0,-1.5
2026-03-31,D006,Truffle Oil,Food & Beverage,GourmetSet,15.0,45.0,50.34,34,1711.56,1201.56,70.2,44.05,131,0,1,3,Easter,0.0,-1.5
2026-04-01,D006,Truffle Oil,Food & Beverage,GourmetSet,15.0,45.0,51.97,32,1663.04,1183.04,71.14,46.3,128,0,2,4,Easter,0.0,-1.5
2026-04-02,D006,Truffle Oil,Food & Beverage,GourmetSet,15.0,45.0,50.25,35,1758.75,1233.75,70.15,43.34,135,0,3,4,Easter,0.0071,-1.5
2026-04-03,D006,Truffle Oil,Food & Beverage,GourmetSet,15.0,45.0,49.64,38,1886.32,1316.32,69.78,42.89,129,0,4,4,Easter,0.0143,-1.5
2026-04-04,D006,Truffle Oil,Food & Beverage,GourmetSet,15.0,45.0,51.97,42,2182.74,1552.74,71.14,45.72,110,1,5,4,Easter,0.0214,-1.5
2026-04-05,D006,Truffle Oil,Food & Beverage,GourmetSet,15.0,45.0,52.03,39,2029.17,1444.17,71.17,38.78,142,1,6,4,Easter,0.0286,-1.5
2026-04-06,D006,Truffle Oil,Food & Beverage,GourmetSet,15.0,45.0,51.71,39,2016.69,1431.69,70.99,38.76,126,0,0,4,Easter,0.0357,-1.5
2026-04-07,D006,Truffle Oil,Food & Beverage,GourmetSet,15.0,45.0,47.65,40,1906.0,1306.0,68.52,42.0,136,0,1,4,Easter,0.0429,-1.5
2026-04-08,D006,Truffle Oil,Food & Beverage,GourmetSet,15.0,45.0,44.78,49,2194.22,1459.22,66.5,39.23,111,0,2,4,Easter,0.05,-1.5
2026-04-09,D006,Truffle Oil,Food & Beverage,GourmetSet,15.0,45.0,47.56,46,2187.76,1497.76,68.46,45.14,105,0,3,4,Easter,0.0571,-1.5
2026-04-10,D006,Truffle Oil,Food & Beverage,GourmetSet,15.0,45.0,43.07,50,2153.5,1403.5,65.17,50.96,104,0,4,4,Easter,0.0643,-1.5
2026-04-11,D006,Truffle Oil,Food & Beverage,GourmetSet,15.0,45.0,42.92,47,2017.24,1312.24,65.05,49.13,92,1,5,4,Easter,0.0714,-1.5
2026-04-12,D006,Truffle Oil,Food & Beverage,GourmetSet,15.0,45.0,43.63,50,2181.5,1431.5,65.62,42.51,112,1,6,4,Easter,0.1,-1.5
2026-04-13,D006,Truffle Oil,Food & Beverage,GourmetSet,15.0,45.0,41.52,50,2076.0,1326.0,63.87,39.17,81,0,0,4,Easter,0.1,-1.5
2026-04-14,D006,Truffle Oil,Food & Beverage,GourmetSet,15.0,45.0,40.23,59,2373.57,1488.57,62.71,43.0,71,0,1,4,Easter,0.1,-1.5
2026-04-15,D006,Truffle Oil,Food & Beverage,GourmetSet,15.0,45.0,39.4,67,2639.8,1634.8,61.93,51.64,85,0,2,4,Easter,0.1,-1.5
2026-04-16,D006,Truffle Oil,Food & Beverage,GourmetSet,15.0,45.0,37.42,71,2656.82,1591.82,59.91,44.88,65,0,3,4,Easter,0.1,-1.5
2026-04-17,D006,Truffle Oil,Food & Beverage,GourmetSet,15.0,45.0,37.88,57,2159.16,1304.16,60.4,39.27,69,0,4,4,Easter,0.1,-1.5
2026-04-18,D006,Truffle Oil,Food & Beverage,GourmetSet,15.0,45.0,38.19,60,2291.4,1391.4,60.72,48.84,79,1,5,4,Easter,0.1,-1.5
2026-04-19,D006,Truffle Oil,Food & Beverage,GourmetSet,15.0,45.0,37.76,66,2492.16,1502.16,60.28,45.68,59,1,6,4,Easter,0.0714,-1.5
2026-04-20,D006,Truffle Oil,Food & Beverage,GourmetSet,15.0,45.0,39.51,55,2173.05,1348.05,62.03,39.75,78,0,0,4,Easter,0.0643,-1.5
2026-04-21,D006,Truffle Oil,Food & Beverage,GourmetSet,15.0,45.0,40.66,52,2114.32,1334.32,63.11,48.67,112,0,1,4,Easter,0.0571,-1.5
2026-04-22,D006,Truffle Oil,Food & Beverage,GourmetSet,15.0,45.0,42.55,51,2170.05,1405.05,64.75,48.73,99,0,2,4,Easter,0.05,-1.5
2026-04-23,D006,Truffle Oil,Food & Beverage,GourmetSet,15.0,45.0,42.82,52,2226.64,1446.64,64.97,42.5,98,0,3,4,Easter,0.0429,-1.5
2026-04-24,D006,Truffle Oil,Food & Beverage,GourmetSet,15.0,45.0,45.36,43,1950.48,1305.48,66.93,51.5,110,0,4,4,Easter,0.0357,-1.5
2026-04-25,D006,Truffle Oil,Food & Beverage,GourmetSet,15.0,45.0,44.53,51,2271.03,1506.03,66.31,48.74,93,1,5,4,Easter,0.0286,-1.5
2026-04-26,D006,Truffle Oil,Food & Beverage,GourmetSet,15.0,45.0,46.25,46,2127.5,1437.5,67.57,46.49,93,1,6,4,Easter,0.0214,-1.5
2026-04-27,D006,Truffle Oil,Food & Beverage,GourmetSet,15.0,45.0,48.0,40,1920.0,1320.0,68.75,42.7,116,0,0,4,Easter,0.0143,-1.5
2026-04-28,D006,Truffle Oil,Food & Beverage,GourmetSet,15.0,45.0,49.81,41,2042.21,1427.21,69.89,47.32,114,0,1,4,Easter,0.0071,-1.5
2026-04-29,D006,Truffle Oil,Food & Beverage,GourmetSet,15.0,45.0,50.4,36,1814.4,1274.4,70.24,41.14,125,0,2,4,Mothers Day,0.0129,-1.5
2026-04-30,D006,Truffle Oil,Food & Beverage,GourmetSet,15.0,45.0,52.18,32,1669.76,1189.76,71.25,48.56,128,0,3,4,Mothers Day,0.0257,-1.5
2026-05-01,D006,Truffle Oil,Food & Beverage,GourmetSet,15.0,45.0,48.88,34,1661.92,1151.92,69.31,51.59,131,0,4,5,Mothers Day,0.0386,-1.5
2026-05-02,D006,Truffle Oil,Food & Beverage,GourmetSet,15.0,45.0,52.37,39,2042.43,1457.43,71.36,44.88,126,1,5,5,Mothers Day,0.0514,-1.5
2026-05-03,D006,Truffle Oil,Food & Beverage,GourmetSet,15.0,45.0,51.4,39,2004.6,1419.6,70.82,51.0,126,1,6,5,Mothers Day,0.0643,-1.5
2026-05-04,D006,Truffle Oil,Food & Beverage,GourmetSet,15.0,45.0,53.04,31,1644.24,1179.24,71.72,50.54,129,0,0,5,Mothers Day,0.0771,-1.5
2026-05-05,D006,Truffle Oil,Food & Beverage,GourmetSet,15.0,45.0,51.64,37,1910.68,1355.68,70.95,40.58,135,0,1,5,Mothers Day,0.09,-1.5
2026-05-06,D006,Truffle Oil,Food & Beverage,GourmetSet,15.0,45.0,52.12,40,2084.8,1484.8,71.22,42.99,113,0,2,5,Mothers Day,0.1029,-1.5
2026-05-07,D006,Truffle Oil,Food & Beverage,GourmetSet,15.0,45.0,47.55,45,2139.75,1464.75,68.45,43.92,98,0,3,5,Mothers Day,0.1157,-1.5
2026-05-08,D006,Truffle Oil,Food & Beverage,GourmetSet,15.0,45.0,48.36,42,2031.12,1401.12,68.98,40.14,119,0,4,5,Mothers Day,0.1286,-1.5
2026-05-09,D006,Truffle Oil,Food & Beverage,GourmetSet,15.0,45.0,47.21,50,2360.5,1610.5,68.23,48.83,85,1,5,5,Mothers Day,0.18,-1.5
2026-05-10,D006,Truffle Oil,Food & Beverage,GourmetSet,15.0,45.0,45.14,57,2572.98,1717.98,66.77,50.16,104,1,6,5,Mothers Day,0.18,-1.5
