backend/data/transactions.csv
date,product_id,product_name,category,brand,cost,base_price,price,demand,revenue,profit,margin,competitor_price,stock,is_weekend,day_of_week,month,holiday_name,holiday_boost,elasticity
2026-02-09,D007,Dark Chocolate 70%,Food & Beverage,CocoaCraft,2.5,8.99,8.79,67,588.93,421.43,71.56,8.15,66,0,0,2,Valentines Day,0.1286,-2.4
2026-02-10,D007,Dark Chocolate 70%,Food & Beverage,CocoaCraft,2.5,8.99,8.58,77,660.66,468.16,70.86,9.42,39,0,1,2,Valentines Day,0.1429,-2.4
2026-02-11,D007,Dark Chocolate 70%,Food & Beverage,CocoaCraft,2.5,8.99,8.78,66,579.48,414.48,71.53,8.9,80,0,2,2,Valentines Day,0.2,-2.4
2026-02-12,D007,Dark Chocolate 70%,Food & Beverage,CocoaCraft,2.5,8.99,8.31,81,673.11,470.61,69.92,7.81,26,0,3,2,Valentines Day,0.2,-2.4
2026-02-13,D007,Dark Chocolate 70%,Food & Beverage,CocoaCraft,2.5,8.99,8.24,89,733.36,510.86,69.66,8.32,15,0,4,2,Valentines Day,0.2,-2.4
2026-02-14,D007,Dark Chocolate 70%,Food & Beverage,CocoaCraft,2.5,8.99,7.43,128,951.04,631.04,66.35,9.83,5,1,5,2,Valentines Day,0.2,-2.4
2026-02-15,D007,Dark Chocolate 70%,Food & Beverage,CocoaCraft,2.5,8.99,7.68,106,814.08,549.08,67.45,9.73,5,1,6,2,Valentines Day,0.2,-2.4
2026-02-16,D007,Dark Chocolate 70%,Food & Beverage,CocoaCraft,2.5,8.99,7.52,108,812.16,542.16,66.76,9.28,5,0,0,2,Valentines Day,0.2,-2.4
2026-02-17,D007,Dark Chocolate 70%,Food & Beverage,CocoaCraft,2.5,8.99,7.53,116,873.48,583.48,66.8,8.4,5,0,1,2,Valentines Day,0.2,-2.4
2026-02-18,D007,Dark Chocolate 70%,Food & Beverage,CocoaCraft,2.5,8.99,7.67,93,713.31,480.81,67.41,8.64,5,0,2,2,Valentines Day,0.1429,-2.4
2026-02-19,D007,Dark Chocolate 70%,Food & Beverage,CocoaCraft,2.5,8.99,7.88,92,724.96,494.96,68.27,7.81,25,0,3,2,Valentines Day,0.1286,-2.4
2026-02-20,D007,Dark Chocolate 70%,Food & Beverage,CocoaCraft,2.5,8.99,8.24,80,659.2,459.2,69.66,8.49,43,0,4,2,Valentines Day,0.1143,-2.4
2026-02-21,D007,Dark Chocolate 70%,Food & Beverage,CocoaCraft,2.5,8.99,7.14,131,935.34,607.84,64.99,8.87,5,1,5,2,Valentines Day,0.1,-2.4
2026-02-22,D007,Dark Chocolate 70%,Food & Beverage,CocoaCraft,2.5,8.99,8.36,97,810.92,568.42,70.1,10.23,5,1,6,2,Valentines Day,0.0857,-2.4
2026-02-23,D007,Dark Chocolate 70%,Food & Beverage,CocoaCraft,2.5,8.99,8.82,66,582.12,417.12,71.66,9.43,83,0,0,2,Valentines Day,0.0714,-2.4
2026-02-24,D007,Dark Chocolate 70%,Food & Beverage,CocoaCraft,2.5,8.99,8.87,69,612.03,439.53,71.82,9.26,48,0,1,2,Valentines Day,0.0571,-2.4
2026-02-25,D007,Dark Chocolate 70%,Food & Beverage,CocoaCraft,2.5,8.99,8.85,64,566.4,406.4,71.75,9.65,73,0,2,2,Valentines Day,0.0429,-2.4
2026-02-26,D007,Dark Chocolate 70%,Food & Beverage,CocoaCraft,2.5,8.99,9.12,55,501.6,364.1,72.59,10.33,73,0,3,2,Valentines Day,0.0286,-2.4
2026-02-27,D007,Dark Chocolate 70%,Food & Beverage,CocoaCraft,2.5,8.99,10.0,47,470.0,352.5,75.0,8.22,125,0,4,2,Valentines Day,0.0143,-2.4
2026-02-28,D007,Dark Chocolate 70%,Food & Beverage,CocoaCraft,2.5,8.99,10.04,47,471.88,354.38,75.1,9.75,101,1,5,2,Valentines Day,0.0,-2.4
2026-03-01,D007,Dark Chocolate 70%,Food & Beverage,CocoaCraft,2.5,8.99,10.14,44,446.16,336.16,75.35,8.05,111,1,6,3,Valentines Day,0.0,-2.4
2026-03-02,D007,Dark Chocolate 70%,Food & Beverage,CocoaCraft,2.5,8.99,10.52,35,368.2,280.7,76.24,8.88,134,0,0,3,Valentines Day,0.0,-2.4
2026-03-03,D007,Dark Chocolate 70%,Food & Beverage,CocoaCraft,2.5,8.99,10.55,30,316.5,241.5,76.3,10.3,122,0,1,3,Valentines Day,0.0,-2.4
2026-03-04,D007,Dark Chocolate 70%,Food & Beverage,CocoaCraft,2.5,8.99,10.37,38,394.06,299.06,75.89,8.32,142,0,2,3,Valentines Day,0.0,-2.4
2026-03-05,D007,Dark Chocolate 70%,Food & Beverage,CocoaCraft,2.5,8.99,9.71,40,388.4,288.4,74.25,8.13,110,0,3,3,Valentines Day,0.0,-2.4
2026-03-06,D007,Dark Chocolate 70%,Food & Beverage,CocoaCraft,2.5,8.99,10.26,39,400.14,302.64,75.63,10.1,111,0,4,3,Valentines Day,0.0,-2.4
2026-03-07,D007,Dark Chocolate 70%,Food & Beverage,CocoaCraft,2.5,8.99,10.02,44,440.88,330.88,75.05,9.52,104,1,5,3,Valentines Day,0.0,-2.4
2026-03-08,D007,Dark Chocolate 70%,Food & Beverage,CocoaCraft,2.5,8.99,9.86,47,463.42,345.92,74.65,7.68,119,1,6,3,Valentines Day,0.0,-2.4
2026-03-09,D007,Dark Chocolate 70%,Food & Beverage,CocoaCraft,2.5,8.99,9.32,43,400.76,293.26,73.18,8.25,113,0,0,3,Valentines Day,0.0,-2.4
2026-03-10,D007,Dark Chocolate 70%,Food & Beverage,CocoaCraft,2.5,8.99,8.82,49,432.18,309.68,71.66,8.11,112,0,1,3,Valentines Day,0.0,-2.4
2026-03-11,D007,Dark Chocolate 70%,Food & Beverage,CocoaCraft,2.5,8.99,8.72,49,427.28,304.78,71.33,8.23,87,0,2,3,Valentines Day,0.0,-2.4
2026-03-12,D007,Dark Chocolate 70%,Food & Beverage,CocoaCraft,2.5,8.99,9.29,49,455.21,332.71,73.09,9.54,109,0,3,3,Valentines Day,0.0,-2.4
2026-03-13,D007,Dark Chocolate 70%,Food & Beverage,CocoaCraft,2.5,8.99,8.17,56,457.52,317.52,69.4,9.48,82,0,4,3,Valentines Day,0.0,-2.4
2026-03-14,D007,Dark Chocolate 70%,Food & Beverage,CocoaCraft,2.5,8.99,8.05,66,531.3,366.3,68.94,8.38,52,1,5,3,Valentines Day,0.0,-2.4
2026-03-15,D007,Dark Chocolate 70%,Food & Beverage,CocoaCraft,2.5,8.99,8.06,75,604.5,417.0,68.98,8.23,33,1,6,3,Valentines Day,0.0,-2.4
2026-03-16,D007,Dark Chocolate 70%,Food & Beverage,CocoaCraft,2.5,8.99,7.6,78,592.8,397.8,67.11,8.7,27,0,0,3,Valentines Day,0.0,-2.4
2026-03-17,D007,Dark Chocolate 70%,Food & Beverage,CocoaCraft,2.5,8.99,7.89,64,504.96,344.96,68.31,9.81,60,0,1,3,Easter,0.0,-2.4
2026-03-18,D007,Dark Chocolate 70%,Food & Beverage,CocoaCraft,2.5,8.99,7.42,76,563.92,373.92,66.31,7.84,68,0,2,3,Easter,0.0,-2.4
2026-03-19,D007,Dark Chocolate 70%,Food & Beverage,CocoaCraft,2.5,8.99,7.8,81,631.8,429.3,67.95,9.71,52,0,3,3,Easter,0.0,-2.4
2026-03-20,D007,Dark Chocolate 70%,Food & Beverage,CocoaCraft,2.5,8.99,7.85,62,486.7,331.7,68.15,8.65,95,0,4,3,Easter,0.0,-2.4
2026-03-21,D007,Dark Chocolate 70%,Food & Beverage,CocoaCraft,2.5,8.99,7.91,78,616.98,421.98,68.39,8.18,59,1,5,3,Easter,0.0,-2.4
2026-03-22,D007,Dark Chocolate 70%,Food & Beverage,CocoaCraft,2.5,8.99,8.0,68,544.0,374.0,68.75,9.78,61,1,6,3,Easter,0.0,-2.4
2026-03-23,D007,Dark Chocolate 70%,Food & Beverage,CocoaCraft,2.5,8.99,8.28,60,496.8,346.8,69.81,8.79,84,0,0,3,Easter,0.0,-2.4
2026-03-24,D007,Dark Chocolate 70%,Food & Beverage,CocoaCraft,2.5,8.99,8.14,71,577.94,400.44,69.29,7.69,62,0,1,3,Easter,0.0,-2.4
2026-03-25,D007,Dark Chocolate 70%,Food & Beverage,CocoaCraft,2.5,8.99,8.39,60,503.4,353.4,70.2,8.16,86,0,2,3,Easter,0.0,-2.4
2026-03-26,D007,Dark Chocolate 70%,Food & Beverage,CocoaCraft,2.5,8.99,8.95,48,429.6,309.6,72.07,8.04,107,0,3,3,Easter,0.0,-2.4
2026-03-27,D007,Dark Chocolate 70%,Food & Beverage,CocoaCraft,2.5,8.99,9.61,45,432.45,319.95,73.99,8.33,94,0,4,3,Easter,0.0,-2.4
2026-03-28,D007,Dark Chocolate 70%,Food & Beverage,CocoaCraft,2.5,8.99,9.5,46,437.0,322.0,73.68,10.19,97,1,5,3,Easter,0.0,-2.4
2026-03-29,D007,Dark Chocolate 70%,Food & Beverage,CocoaCraft,2.5,8.99,9.66,47,454.02,336.52,74.12,9.27,113,1,6,3,Easter,0.0,-2.4
2026-03-30,D007,Dark Chocolate 70%,Food & Beverage,CocoaCraft,2.5,8.99,10.24,37,378.88,286.38,75.59,8.95,111,0,0,3,Easter,0.0,-2.4
2026-03-31,D007,Dark Chocolate 70%,Food & Beverage,CocoaCraft,2.5,8.99,10.42,31,323.02,245.52,76.01,9.3,139,0,1,3,Easter,0.0,-2.4
2026-04-01,D007,Dark Chocolate 70%,Food & Beverage,CocoaCraft,2.5,8.99,10.56,37,390.72,298.22,76.33,10.02,129,0,2,4,Easter,0.0,-2.4
2026-04-02,D007,Dark Chocolate 70%,Food & Beverage,CocoaCraft,2.5,8.99,10.14,39,395.46,297.96,75.35,9.47,138,0,3,4,Easter,0.0071,-2.4
2026-04-03,D007,Dark Chocolate 70%,Food & Beverage,CocoaCraft,2.5,8.99,10.69,32,342.08,262.08,76.61,9.6,118,0,4,4,Easter,0.0143,-2.4
2026-04-04,D007,Dark Chocolate 70%,Food & Beverage,CocoaCraft,2.5,8.99,9.99,46,459.54,344.54,74.97,10.25,120,1,5,4,Easter,0.0214,-2.4
2026-04-05,D007,Dark Chocolate 70%,Food & Beverage,CocoaCraft,2.5,8.99,9.69,53,513.57,381.07,74.2,7.74,96,1,6,4,Easter,0.0286,-2.4
2026-04-06,D007,Dark Chocolate 70%,Food & Beverage,CocoaCraft,2.5,8.99,9.77,41,400.57,298.07,74.41,9.8,135,0,0,4,Easter,0.0357,-2.4
2026-04-07,D007,Dark Chocolate 70%,Food & Beverage,CocoaCraft,2.5,8.99,9.97,42,418.74,313.74,74.92,8.23,107,0,1,4,Easter,0.0429,-2.4
2026-04-08,D007,Dark Chocolate 70%,Food & Beverage,CocoaCraft,2.5,8.99,9.72,40,388.8,288.8,74.28,10.2,129,0,2,4,Easter,0.05,-2.4
2026-04-09,D007,Dark Chocolate 70%,Food & Beverage,CocoaCraft,2.5,8.99,9.35,51,476.85,349.35,73.26,8.69,95,0,3,4,Easter,0.0571,-2.4
2026-04-10,D007,Dark Chocolate 70%,Food & Beverage,CocoaCraft,2.5,8.99,8.84,62,548.08,393.08,71.72,9.13,78,0,4,4,Easter,0.0643,-2.4
2026-04-11,D007,Dark Chocolate 70%,Food & Beverage,CocoaCraft,2.5,8.99,8.66,57,493.62,351.12,71.13,8.91,82,1,5,4,Easter,0.0714,-2.4
2026-04-12,D007,Dark Chocolate 70%,Food & Beverage,CocoaCraft,2.5,8.99,8.39,81,679.59,477.09,70.2,9.27,54,1,6,4,Easter,0.1,-2.4
2026-04-13,D007,Dark Chocolate 70%,Food & Beverage,CocoaCraft,2.5,8.99,7.96,67,533.32,365.82,68.59,10.09,72,0,0,4,Easter,0.1,-2.4
2026-04-14,D007,Dark Chocolate 70%,Food & Beverage,CocoaCraft,2.5,8.99,8.09,64,517.76,357.76,69.1,9.62,86,0,1,4,Easter,0.1,-2.4
2026-04-15,D007,Dark Chocolate 70%,Food & Beverage,CocoaCraft,2.5,8.99,7.53,78,587.34,392.34,66.8,8.61,61,0,2,4,Easter,0.1,-2.4
2026-04-16,D007,Dark Chocolate 70%,Food & Beverage,CocoaCraft,2.5,8.99,8.14,71,577.94,400.44,69.29,8.96,39,0,3,4,Easter,0.1,-2.4
2026-04-17,D007,Dark Chocolate 70%,Food & Beverage,CocoaCraft,2.5,8.99,7.67,75,575.25,387.75,67.41,9.58,39,0,4,4,Easter,0.1,-2.4
2026-04-18,D007,Dark Chocolate 70%,Food & Beverage,CocoaCraft,2.5,8.99,7.88,90,709.2,484.2,68.27,8.75,30,1,5,4,Easter,0.1,-2.4
2026-04-19,D007,Dark Chocolate 70%,Food & Beverage,CocoaCraft,2.5,8.99,8.16,71,579.36,401.86,69.36,9.7,78,1,6,4,Easter,0.0714,-2.4
2026-04-20,D007,Dark Chocolate 70%,Food & Beverage,CocoaCraft,2.5,8.99,7.55,68,513.4,343.4,66.89,8.09,52,0,0,4,Easter,0.0643,-2.4
2026-04-21,D007,Dark Chocolate 70%,Food & Beverage,CocoaCraft,2.5,8.99,8.13,67,544.71,377.21,69.25,8.71,53,0,1,4,Easter,0.0571,-2.4
2026-04-22,D007,Dark Chocolate 70%,Food & Beverage,CocoaCraft,2.5,8.99,8.1,57,461.7,319.2,69.14,8.43,75,0,2,4,Easter,0.05,-2.4
2026-04-23,D007,Dark Chocolate 70%,Food & Beverage,CocoaCraft,2.5,8.99,8.83,54,476.82,341.82,71.69,8.36,96,0,3,4,Easter,0.0429,-2.4
2026-04-24,D007,Dark Chocolate 70%,Food & Beverage,CocoaCraft,2.5,8.99,9.03,56,505.68,365.68,72.31,8.84,82,0,4,4,Easter,0.0357,-2.4
2026-04-25,D007,Dark Chocolate 70%,Food & Beverage,CocoaCraft,2.5,8.99,9.12,59,538.08,390.58,72.59,8.51,66,1,5,4,Easter,0.0286,-2.4
2026-04-26,D007,Dark Chocolate 70%,Food & Beverage,CocoaCraft,2.5,8.99,9.11,56,510.16,370.16,72.56,8.55,98,1,6,4,Easter,0.0214,-2.4
2026-04-27,D007,Dark Chocolate 70%,Food & Beverage,CocoaCraft,2.5,8.99,9.81,38,372.78,277.78,74.52,9.65,114,0,0,4,Easter,0.0143,-2.4
2026-04-28,D007,Dark Chocolate 70%,Food & Beverage,CocoaCraft,2.5,8.99,10.03,41,411.23,308.73,75.07,8.71,106,0,1,4,Easter,0.0071,-2.4
2026-04-29,D007,Dark Chocolate 70%,Food & Beverage,CocoaCraft,2.5,8.99,10.21,37,377.77,285.27,75.51,9.37,113,0,2,4,Mothers Day,0.0129,-2.4
2026-04-30,D007,Dark Chocolate 70%,Food & Beverage,CocoaCraft,2.5,8.99,9.97,45,448.65,336.15,74.92,9.24,119,0,3,4,Mothers Day,0.0257,-2.4
2026-05-01,D007,Dark Chocolate 70%,Food & Beverage,CocoaCraft,2.5,8.99,10.64,34,361.76,276.76,76.5,9.59,137,0,4,5,Mothers Day,0.0386,-2.4
2026-05-02,D007,Dark Chocolate 70%,Food & Beverage,CocoaCraft,2.5,8.99,10.4,41,426.4,323.9,75.96,10.17,103,1,5,5,Mothers Day,0.0514,-2.4
2026-05-03,D007,Dark Chocolate 70%,Food & Beverage,CocoaCraft,2.5,8.99,9.87,48,473.76,353.76,74.67,9.68,113,1,6,5,Mothers Day,0.0643,-2.4
2026-05-04,D007,Dark Chocolate 70%,Food & Beverage,CocoaCraft,2.5,8.99,10.41,36,374.76,284.76,75.98,8.87,121,0,0,5,Mothers Day,0.0771,-2.4
2026-05-05,D007,Dark Chocolate 70%,Food & Beverage,CocoaCraft,2.5,8.99,10.08,40,403.2,303.2,75.2,9.43,122,0,1,5,Mothers Day,0.09,-2.4
2026-05-06,D007,Dark Chocolate 70%,Food & Beverage,CocoaCraft,2.5,8.99,10.03,41,411.23,308.73,75.07,9.56,100,0,2,5,Mothers Day,0.1029,-2.4
2026-05-07,D007,Dark Chocolate 70%,Food & Beverage,CocoaCraft,2.5,8.99,9.56,48,458.88,338.88,73.85,10.08,120,0,3,5,Mothers Day,0.1157,-2.4
2026-05-08,D007,Dark Chocolate 70%,Food & Beverage,CocoaCraft,2.5,8.99,9.66,48,463.68,343.68,74.12,9.83,117,0,4,5,Mothers Day,0.1286,-2.4
2026-05-09,D007,Dark Chocolate 70%,Food & Beverage,CocoaCraft,2.5,8.99,8.79,74,650.46,465.46,71.56,8.23,45,1,5,5,Mothers Day,0.18,-2.4
2026-05-10,D007,Dark Chocolate 70%,Food & Beverage,CocoaCraft,2.5,8.99,8.69,75,651.75,464.25,71.23,8.34,49,1,6,5,Mothers Day,0.18,-2.4
