backend/data/transactions.csv
date,product_id,product_name,category,brand,cost,base_price,price,demand,revenue,profit,margin,competitor_price,stock,is_weekend,day_of_week,month,holiday_name,holiday_boost,elasticity
2026-02-09,D008,Assorted Tea Box,Food & Beverage,ZenLeaf,6.0,18.5,18.77,54,1013.58,689.58,68.03,20.85,102,0,0,2,Valentines Day,0.1286,-2.2
2026-02-10,D008,Assorted Tea Box,Food & Beverage,ZenLeaf,6.0,18.5,18.41,74,1362.34,918.34,67.41,18.43,39,0,1,2,Valentines Day,0.1429,-2.2
2026-02-11,D008,Assorted Tea Box,Food & Beverage,ZenLeaf,6.0,18.5,17.22,82,1412.04,920.04,65.16,16.23,46,0,2,2,Valentines Day,0.2,-2.2
2026-02-12,D008,Assorted Tea Box,Food & Beverage,ZenLeaf,6.0,18.5,16.62,78,1296.36,828.36,63.9,15.88,29,0,3,2,Valentines Day,0.2,-2.2
2026-02-13,D008,Assorted Tea Box,Food & Beverage,ZenLeaf,6.0,18.5,16.99,84,1427.16,923.16,64.69,17.8,47,0,4,2,Valentines Day,0.2,-2.2
2026-02-14,D008,Assorted Tea Box,Food & Beverage,ZenLeaf,6.0,18.5,15.73,101,1588.73,982.73,61.86,16.56,5,1,5,2,Valentines Day,0.2,-2.2
2026-02-15,D008,Assorted Tea Box,Food & Beverage,ZenLeaf,6.0,18.5,16.89,85,1435.65,925.65,64.48,19.95,32,1,6,2,Valentines Day,0.2,-2.2
2026-02-16,D008,Assorted Tea Box,Food & Beverage,ZenLeaf,6.0,18.5,16.07,93,1494.51,936.51,62.66,17.38,8,0,0,2,Valentines Day,0.2,-2.2
2026-02-17,D008,Assorted Tea Box,Food & Beverage,ZenLeaf,6.0,18.5,16.17,102,1649.34,1037.34,62.89,16.72,5,0,1,2,Valentines Day,0.2,-2.2
2026-02-18,D008,Assorted Tea Box,Food & Beverage,ZenLeaf,6.0,18.5,14.5,101,1464.5,858.5,58.62,16.71,15,0,2,2,Valentines Day,0.1429,-2.2
2026-02-19,D008,Assorted Tea Box,Food & Beverage,ZenLeaf,6.0,18.5,16.03,98,1570.94,982.94,62.57,19.5,20,0,3,2,Valentines Day,0.1286,-2.2
2026-02-20,D008,Assorted Tea Box,Food & Beverage,ZenLeaf,6.0,18.5,16.22,80,1297.6,817.6,63.01,18.74,52,0,4,2,Valentines Day,0.1143,-2.2
2026-02-21,D008,Assorted Tea Box,Food & Beverage,ZenLeaf,6.0,18.5,15.7,96,1507.2,931.2,61.78,17.35,5,1,5,2,Valentines Day,0.1,-2.2
2026-02-22,D008,Assorted Tea Box,Food & Beverage,ZenLeaf,6.0,18.5,17.68,77,1361.36,899.36,66.06,20.3,45,1,6,2,Valentines Day,0.0857,-2.2
2026-02-23,D008,Assorted Tea Box,Food & Beverage,ZenLeaf,6.0,18.5,17.54,78,1368.12,900.12,65.79,18.83,26,0,0,2,Valentines Day,0.0714,-2.2
2026-02-24,D008,Assorted Tea Box,Food & Beverage,ZenLeaf,6.0,18.5,18.34,61,1118.74,752.74,67.28,20.26,91,0,1,2,Valentines Day,0.0571,-2.2
2026-02-25,D008,Assorted Tea Box,Food & Beverage,ZenLeaf,6.0,18.5,18.66,52,970.32,658.32,67.85,18.4,100,0,2,2,Valentines Day,0.0429,-2.2
2026-02-26,D008,Assorted Tea Box,Food & Beverage,ZenLeaf,6.0,18.5,20.02,42,840.84,588.84,70.03,17.38,98,0,3,2,Valentines Day,0.0286,-2.2
2026-02-27,D008,Assorted Tea Box,Food & Beverage,ZenLeaf,6.0,18.5,20.39,36,734.04,518.04,70.57,16.54,130,0,4,2,Valentines Day,0.0143,-2.2
2026-02-28,D008,Assorted Tea Box,Food & Beverage,ZenLeaf,6.0,18.5,20.74,46,954.04,678.04,71.07,20.9,96,1,5,2,Valentines Day,0.0,-2.2
2026-03-01,D008,Assorted Tea Box,Food & Beverage,ZenLeaf,6.0,18.5,20.43,43,878.49,620.49,70.63,17.68,101,1,6,3,Valentines Day,0.0,-2.2
2026-03-02,D008,Assorted Tea Box,Food & Beverage,ZenLeaf,6.0,18.5,20.48,32,655.36,463.36,70.7,17.39,142,0,0,3,Valentines Day,0.0,-2.2
2026-03-03,D008,Assorted Tea Box,Food & Beverage,ZenLeaf,6.0,18.5,21.16,38,804.08,576.08,71.64,16.79,115,0,1,3,Valentines Day,0.0,-2.2
2026-03-04,D008,Assorted Tea Box,Food & Beverage,ZenLeaf,6.0,18.5,21.39,38,812.82,584.82,71.95,18.25,110,0,2,3,Valentines Day,0.0,-2.2
2026-03-05,D008,Assorted Tea Box,Food & Beverage,ZenLeaf,6.0,18.5,20.18,38,766.84,538.84,70.27,20.96,139,0,3,3,Valentines Day,0.0,-2.2
2026-03-06,D008,Assorted Tea Box,Food & Beverage,ZenLeaf,6.0,18.5,20.92,34,711.28,507.28,71.32,16.97,128,0,4,3,Valentines Day,0.0,-2.2
2026-03-07,D008,Assorted Tea Box,Food & Beverage,ZenLeaf,6.0,18.5,20.61,47,968.67,686.67,70.89,17.58,94,1,5,3,Valentines Day,0.0,-2.2
2026-03-08,D008,Assorted Tea Box,Food & Beverage,ZenLeaf,6.0,18.5,20.41,48,979.68,691.68,70.6,18.32,93,1,6,3,Valentines Day,0.0,-2.2
2026-03-09,D008,Assorted Tea Box,Food & Beverage,ZenLeaf,6.0,18.5,19.79,41,811.39,565.39,69.68,18.61,114,0,0,3,Valentines Day,0.0,-2.2
2026-03-10,D008,Assorted Tea Box,Food & Beverage,ZenLeaf,6.0,18.5,19.92,41,816.72,570.72,69.88,17.61,105,0,1,3,Valentines Day,0.0,-2.2
2026-03-11,D008,Assorted Tea Box,Food & Beverage,ZenLeaf,6.0,18.5,19.48,46,896.08,620.08,69.2,19.68,123,0,2,3,Valentines Day,0.0,-2.2
2026-03-12,D008,Assorted Tea Box,Food & Beverage,ZenLeaf,6.0,18.5,17.56,53,930.68,612.68,65.83,21.04,91,0,3,3,Valentines Day,0.0,-2.2
2026-03-13,D008,Assorted Tea Box,Food & Beverage,ZenLeaf,6.0,18.5,18.21,54,983.34,659.34,67.05,18.76,80,0,4,3,Valentines Day,0.0,-2.2
2026-03-14,D008,Assorted Tea Box,Food & Beverage,ZenLeaf,6.0,18.5,17.28,67,1157.76,755.76,65.28,18.79,66,1,5,3,Valentines Day,0.0,-2.2
2026-03-15,D008,Assorted Tea Box,Food & Beverage,ZenLeaf,6.0,18.5,15.73,71,1116.83,690.83,61.86,21.02,69,1,6,3,Valentines Day,0.0,-2.2
2026-03-16,D008,Assorted Tea Box,Food & Beverage,ZenLeaf,6.0,18.5,16.23,74,1201.02,757.02,63.03,16.65,71,0,0,3,Valentines Day,0.0,-2.2
2026-03-17,D008,Assorted Tea Box,Food & Beverage,ZenLeaf,6.0,18.5,15.4,70,1078.0,658.0,61.04,18.47,75,0,1,3,Easter,0.0,-2.2
2026-03-18,D008,Assorted Tea Box,Food & Beverage,ZenLeaf,6.0,18.5,15.55,73,1135.15,697.15,61.41,15.94,68,0,2,3,Easter,0.0,-2.2
2026-03-19,D008,Assorted Tea Box,Food & Beverage,ZenLeaf,6.0,18.5,15.89,72,1144.08,712.08,62.24,18.91,69,0,3,3,Easter,0.0,-2.2
2026-03-20,D008,Assorted Tea Box,Food & Beverage,ZenLeaf,6.0,18.5,16.02,66,1057.32,661.32,62.55,18.79,87,0,4,3,Easter,0.0,-2.2
2026-03-21,D008,Assorted Tea Box,Food & Beverage,ZenLeaf,6.0,18.5,16.1,81,1304.1,818.1,62.73,17.88,43,1,5,3,Easter,0.0,-2.2
2026-03-22,D008,Assorted Tea Box,Food & Beverage,ZenLeaf,6.0,18.5,16.44,67,1101.48,699.48,63.5,20.56,55,1,6,3,Easter,0.0,-2.2
2026-03-23,D008,Assorted Tea Box,Food & Beverage,ZenLeaf,6.0,18.5,17.24,55,948.2,618.2,65.2,18.1,84,0,0,3,Easter,0.0,-2.2
2026-03-24,D008,Assorted Tea Box,Food & Beverage,ZenLeaf,6.0,18.5,17.87,40,714.8,474.8,66.42,19.23,132,0,1,3,Easter,0.0,-2.2
2026-03-25,D008,Assorted Tea Box,Food & Beverage,ZenLeaf,6.0,18.5,18.65,46,857.9,581.9,67.83,18.69,102,0,2,3,Easter,0.0,-2.2
2026-03-26,D008,Assorted Tea Box,Food & Beverage,ZenLeaf,6.0,18.5,19.21,47,902.87,620.87,68.77,18.82,88,0,3,3,Easter,0.0,-2.2
2026-03-27,D008,Assorted Tea Box,Food & Beverage,ZenLeaf,6.0,18.5,18.78,43,807.54,549.54,68.05,17.29,121,0,4,3,Easter,0.0,-2.2
2026-03-28,D008,Assorted Tea Box,Food & Beverage,ZenLeaf,6.0,18.5,19.13,46,879.98,603.98,68.64,18.65,97,1,5,3,Easter,0.0,-2.2
2026-03-29,D008,Assorted Tea Box,Food & Beverage,ZenLeaf,6.0,18.5,20.78,42,872.76,620.76,71.13,19.14,108,1,6,3,Easter,0.0,-2.2
2026-03-30,D008,Assorted Tea Box,Food & Beverage,ZenLeaf,6.0,18.5,21.5,32,688.0,496.0,72.09,21.13,152,0,0,3,Easter,0.0,-2.2
2026-03-31,D008,Assorted Tea Box,Food & Beverage,ZenLeaf,6.0,18.5,20.64,39,804.96,570.96,70.93,16.06,111,0,1,3,Easter,0.0,-2.2
2026-04-01,D008,Assorted Tea Box,Food & Beverage,ZenLeaf,6.0,18.5,22.04,31,683.24,497.24,72.78,19.19,128,0,2,4,Easter,0.0,-2.2
2026-04-02,D008,Assorted Tea Box,Food & Beverage,ZenLeaf,6.0,18.5,21.7,34,737.8,533.8,72.35,20.25,125,0,3,4,Easter,0.0071,-2.2
2026-04-03,D008,Assorted Tea Box,Food & Beverage,ZenLeaf,6.0,18.5,21.55,32,689.6,497.6,72.16,16.74,136,0,4,4,Easter,0.0143,-2.2
2026-04-04,D008,Assorted Tea Box,Food & Beverage,ZenLeaf,6.0,18.5,21.52,39,839.28,605.28,72.12,20.97,102,1,5,4,Easter,0.0214,-2.2
2026-04-05,D008,Assorted Tea Box,Food & Beverage,ZenLeaf,6.0,18.5,20.66,44,909.04,645.04,70.96,20.77,113,1,6,4,Easter,0.0286,-2.2
2026-04-06,D008,Assorted Tea Box,Food & Beverage,ZenLeaf,6.0,18.5,20.89,37,772.93,550.93,71.28,19.57,141,0,0,4,Easter,0.0357,-2.2
2026-04-07,D008,Assorted Tea Box,Food & Beverage,ZenLeaf,6.0,18.5,19.89,42,835.38,583.38,69.83,21.13,97,0,1,4,Easter,0.0429,-2.2
2026-04-08,D008,Assorted Tea Box,Food & Beverage,ZenLeaf,6.0,18.5,19.55,46,899.3,623.3,69.31,15.78,116,0,2,4,Easter,0.05,-2.2
2026-04-09,D008,Assorted Tea Box,Food & Beverage,ZenLeaf,6.0,18.5,18.87,47,886.89,604.89,68.2,18.86,111,0,3,4,Easter,0.0571,-2.2
2026-04-10,D008,Assorted Tea Box,Food & Beverage,ZenLeaf,6.0,18.5,18.08,56,1012.48,676.48,66.81,21.05,94,0,4,4,Easter,0.0643,-2.2
2026-04-11,D008,Assorted Tea Box,Food & Beverage,ZenLeaf,6.0,18.5,18.0,68,1224.0,816.0,66.67,18.02,83,1,5,4,Easter,0.0714,-2.2
2026-04-12,D008,Assorted Tea Box,Food & Beverage,ZenLeaf,6.0,18.5,17.95,66,1184.7,788.7,66.57,21.02,75,1,6,4,Easter,0.1,-2.2
2026-04-13,D008,Assorted Tea Box,Food & Beverage,ZenLeaf,6.0,18.5,16.82,65,1093.3,703.3,64.33,15.95,58,0,0,4,Easter,0.1,-2.2
2026-04-14,D008,Assorted Tea Box,Food & Beverage,ZenLeaf,6.0,18.5,16.11,67,1079.37,677.37,62.76,17.42,60,0,1,4,Easter,0.1,-2.2
2026-04-15,D008,Assorted Tea Box,Food & Beverage,ZenLeaf,6.0,18.5,15.61,75,1170.75,720.75,61.56,15.96,57,0,2,4,Easter,0.1,-2.2
2026-04-16,D008,Assorted Tea Box,Food & Beverage,ZenLeaf,6.0,18.5,14.55,100,1455.0,855.0,58.76,19.25,13,0,3,4,Easter,0.1,-2.2
2026-04-17,D008,Assorted Tea Box,Food & Beverage,ZenLeaf,6.0,18.5,16.8,60,1008.0,648.0,64.29,21.02,94,0,4,4,Easter,0.1,-2.2
2026-04-18,D008,Assorted Tea Box,Food & Beverage,ZenLeaf,6.0,18.5,16.79,69,1158.51,744.51,64.26,16.71,64,1,5,4,Easter,0.1,-2.2
2026-04-19,D008,Assorted Tea Box,Food & Beverage,ZenLeaf,6.0,18.5,15.87,85,1348.95,838.95,62.19,20.87,26,1,6,4,Easter,0.0714,-2.2
2026-04-20,D008,Assorted Tea Box,Food & Beverage,ZenLeaf,6.0,18.5,16.15,65,1049.75,659.75,62.85,17.25,51,0,0,4,Easter,0.0643,-2.2
2026-04-21,D008,Assorted Tea Box,Food & Beverage,ZenLeaf,6.0,18.5,16.12,73,1176.76,738.76,62.78,20.15,46,0,1,4,Easter,0.0571,-2.2
2026-04-22,D008,Assorted Tea Box,Food & Beverage,ZenLeaf,6.0,18.5,17.55,49,859.95,565.95,65.81,19.11,104,0,2,4,Easter,0.05,-2.2
2026-04-23,D008,Assorted Tea Box,Food & Beverage,ZenLeaf,6.0,18.5,17.51,59,1033.09,679.09,65.73,17.97,96,0,3,4,Easter,0.0429,-2.2
2026-04-24,D008,Assorted Tea Box,Food & Beverage,ZenLeaf,6.0,18.5,18.02,47,846.94,564.94,66.7,21.0,111,0,4,4,Easter,0.0357,-2.2
2026-04-25,D008,Assorted Tea Box,Food & Beverage,ZenLeaf,6.0,18.5,18.79,59,1108.61,754.61,68.07,20.38,100,1,5,4,Easter,0.0286,-2.2
2026-04-26,D008,Assorted Tea Box,Food & Beverage,ZenLeaf,6.0,18.5,18.65,53,988.45,670.45,67.83,18.41,102,1,6,4,Easter,0.0214,-2.2
2026-04-27,D008,Assorted Tea Box,Food & Beverage,ZenLeaf,6.0,18.5,19.74,42,829.08,577.08,69.6,19.58,112,0,0,4,Easter,0.0143,-2.2
2026-04-28,D008,Assorted Tea Box,Food & Beverage,ZenLeaf,6.0,18.5,19.84,37,734.08,512.08,69.76,16.67,110,0,1,4,Easter,0.0071,-2.2
2026-04-29,D008,Assorted Tea Box,Food & Beverage,ZenLeaf,6.0,18.5,20.31,33,670.23,472.23,70.46,16.86,126,0,2,4,Mothers Day,0.0129,-2.2
2026-04-30,D008,Assorted Tea Box,Food & Beverage,ZenLeaf,6.0,18.5,21.25,34,722.5,518.5,71.76,19.68,137,0,3,4,Mothers Day,0.0257,-2.2
2026-05-01,D008,Assorted Tea Box,Food & Beverage,ZenLeaf,6.0,18.5,21.57,35,754.95,544.95,72.18,21.11,117,0,4,5,Mothers Day,0.0386,-2.2
2026-05-02,D008,Assorted Tea Box,Food & Beverage,ZenLeaf,6.0,18.5,21.34,37,789.58,567.58,71.88,16.23,123,1,5,5,Mothers Day,0.0514,-2.2
2026-05-03,D008,Assorted Tea Box,Food & Beverage,ZenLeaf,6.0,18.5,21.65,50,1082.5,782.5,72.29,17.56,102,1,6,5,Mothers Day,0.0643,-2.2
2026-05-04,D008,Assorted Tea Box,Food & Beverage,ZenLeaf,6.0,18.5,20.94,39,816.66,582.66,71.35,16.09,124,0,0,5,Mothers Day,0.0771,-2.2
2026-05-05,D008,Assorted Tea Box,Food & Beverage,ZenLeaf,6.0,18.5,21.04,35,736.4,526.4,71.48,19.63,118,0,1,5,Mothers Day,0.09,-2.2
2026-05-06,D008,Assorted Tea Box,Food & Beverage,ZenLeaf,6.0,18.5,20.0,46,920.0,644.0,70.0,19.13,104,0,2,5,Mothers Day,0.1029,-2.2
2026-05-07,D008,Assorted Tea Box,Food & Beverage,ZenLeaf,6.0,18.5,19.7,45,886.5,616.5,69.54,16.35,119,0,3,5,Mothers Day,0.1157,-2.2
2026-05-08,D008,Assorted Tea Box,Food & Beverage,ZenLeaf,6.0,18.5,19.71,49,965.79,671.79,69.56,19.7,112,0,4,5,Mothers Day,0.1286,-2.2
2026-05-09,D008,Assorted Tea Box,Food & Beverage,ZenLeaf,6.0,18.5,18.98,60,1138.8,778.8,68.39,20.8,66,1,5,5,Mothers Day,0.18,-2.2
2026-05-10,D008,Assorted Tea Box,Food & Beverage,ZenLeaf,6.0,18.5,19.8,60,1188.0,828.0,69.7,18.74,64,1,6,5,Mothers Day,0.18,-2.2
